Archive member included to satisfy reference by file (symbol)

/usr/lib/gcc/arm-none-eabi/10.3.1/../../../arm-none-eabi/lib/thumb/v6-m/nofp/libstdc++.a(string-inst.o)
                              CMakeFiles/DeltaRho_Controller.dir/lib/DC_Motor.cpp.obj (std::__cxx11::basic_string<char, std::char_traits<char>, std::allocator<char> >::_M_replace(unsigned int, unsigned int, char const*, unsigned int))
/usr/lib/gcc/arm-none-eabi/10.3.1/../../../arm-none-eabi/lib/thumb/v6-m/nofp/libstdc++.a(eh_arm.o)
                              /usr/lib/gcc/arm-none-eabi/10.3.1/../../../arm-none-eabi/lib/thumb/v6-m/nofp/libstdc++.a(string-inst.o) (__cxa_end_cleanup)
/usr/lib/gcc/arm-none-eabi/10.3.1/../../../arm-none-eabi/lib/thumb/v6-m/nofp/libstdc++.a(eh_catch.o)
                              /usr/lib/gcc/arm-none-eabi/10.3.1/../../../arm-none-eabi/lib/thumb/v6-m/nofp/libstdc++.a(string-inst.o) (__cxa_begin_catch)
/usr/lib/gcc/arm-none-eabi/10.3.1/../../../arm-none-eabi/lib/thumb/v6-m/nofp/libstdc++.a(eh_exception.o)
                              /usr/lib/gcc/arm-none-eabi/10.3.1/../../../arm-none-eabi/lib/thumb/v6-m/nofp/libstdc++.a(eh_arm.o) (typeinfo for __cxxabiv1::__forced_unwind)
/usr/lib/gcc/arm-none-eabi/10.3.1/../../../arm-none-eabi/lib/thumb/v6-m/nofp/libstdc++.a(eh_globals.o)
                              /usr/lib/gcc/arm-none-eabi/10.3.1/../../../arm-none-eabi/lib/thumb/v6-m/nofp/libstdc++.a(eh_catch.o) (__cxa_get_globals_fast)
/usr/lib/gcc/arm-none-eabi/10.3.1/../../../arm-none-eabi/lib/thumb/v6-m/nofp/libstdc++.a(eh_personality.o)
                              /usr/lib/gcc/arm-none-eabi/10.3.1/../../../arm-none-eabi/lib/thumb/v6-m/nofp/libstdc++.a(string-inst.o) (__gxx_personality_v0)
/usr/lib/gcc/arm-none-eabi/10.3.1/../../../arm-none-eabi/lib/thumb/v6-m/nofp/libstdc++.a(eh_terminate.o)
                              /usr/lib/gcc/arm-none-eabi/10.3.1/../../../arm-none-eabi/lib/thumb/v6-m/nofp/libstdc++.a(eh_arm.o) (std::terminate())
/usr/lib/gcc/arm-none-eabi/10.3.1/../../../arm-none-eabi/lib/thumb/v6-m/nofp/libstdc++.a(eh_unex_handler.o)
                              /usr/lib/gcc/arm-none-eabi/10.3.1/../../../arm-none-eabi/lib/thumb/v6-m/nofp/libstdc++.a(eh_terminate.o) (__cxxabiv1::__unexpected_handler)
/usr/lib/gcc/arm-none-eabi/10.3.1/../../../arm-none-eabi/lib/thumb/v6-m/nofp/libstdc++.a(pure.o)
                              /usr/lib/gcc/arm-none-eabi/10.3.1/../../../arm-none-eabi/lib/thumb/v6-m/nofp/libstdc++.a(eh_exception.o) (__cxa_pure_virtual)
/usr/lib/gcc/arm-none-eabi/10.3.1/../../../arm-none-eabi/lib/thumb/v6-m/nofp/libstdc++.a(si_class_type_info.o)
                              /usr/lib/gcc/arm-none-eabi/10.3.1/../../../arm-none-eabi/lib/thumb/v6-m/nofp/libstdc++.a(eh_exception.o) (vtable for __cxxabiv1::__si_class_type_info)
/usr/lib/gcc/arm-none-eabi/10.3.1/../../../arm-none-eabi/lib/thumb/v6-m/nofp/libstdc++.a(tinfo.o)
                              /usr/lib/gcc/arm-none-eabi/10.3.1/../../../arm-none-eabi/lib/thumb/v6-m/nofp/libstdc++.a(si_class_type_info.o) (std::type_info::__is_pointer_p() const)
/usr/lib/gcc/arm-none-eabi/10.3.1/../../../arm-none-eabi/lib/thumb/v6-m/nofp/libstdc++.a(functexcept.o)
                              /usr/lib/gcc/arm-none-eabi/10.3.1/../../../arm-none-eabi/lib/thumb/v6-m/nofp/libstdc++.a(string-inst.o) (std::__throw_logic_error(char const*))
/usr/lib/gcc/arm-none-eabi/10.3.1/../../../arm-none-eabi/lib/thumb/v6-m/nofp/libstdc++.a(snprintf_lite.o)
                              /usr/lib/gcc/arm-none-eabi/10.3.1/../../../arm-none-eabi/lib/thumb/v6-m/nofp/libstdc++.a(functexcept.o) (__gnu_cxx::__snprintf_lite(char*, unsigned int, char const*, std::__va_list))
/usr/lib/gcc/arm-none-eabi/10.3.1/../../../arm-none-eabi/lib/thumb/v6-m/nofp/libstdc++.a(bad_alloc.o)
                              /usr/lib/gcc/arm-none-eabi/10.3.1/../../../arm-none-eabi/lib/thumb/v6-m/nofp/libstdc++.a(functexcept.o) (std::bad_alloc::~bad_alloc())
/usr/lib/gcc/arm-none-eabi/10.3.1/../../../arm-none-eabi/lib/thumb/v6-m/nofp/libstdc++.a(bad_cast.o)
                              /usr/lib/gcc/arm-none-eabi/10.3.1/../../../arm-none-eabi/lib/thumb/v6-m/nofp/libstdc++.a(functexcept.o) (std::bad_cast::~bad_cast())
/usr/lib/gcc/arm-none-eabi/10.3.1/../../../arm-none-eabi/lib/thumb/v6-m/nofp/libstdc++.a(bad_typeid.o)
                              /usr/lib/gcc/arm-none-eabi/10.3.1/../../../arm-none-eabi/lib/thumb/v6-m/nofp/libstdc++.a(functexcept.o) (std::bad_typeid::~bad_typeid())
/usr/lib/gcc/arm-none-eabi/10.3.1/../../../arm-none-eabi/lib/thumb/v6-m/nofp/libstdc++.a(class_type_info.o)
                              /usr/lib/gcc/arm-none-eabi/10.3.1/../../../arm-none-eabi/lib/thumb/v6-m/nofp/libstdc++.a(si_class_type_info.o) (__cxxabiv1::__class_type_info::__do_upcast(__cxxabiv1::__class_type_info const*, void**) const)
/usr/lib/gcc/arm-none-eabi/10.3.1/../../../arm-none-eabi/lib/thumb/v6-m/nofp/libstdc++.a(eh_alloc.o)
[...]
Memory Configuration

Name             Origin             Length             Attributes
FLASH            0x0000000010000000 0x0000000000200000 xr
RAM              0x0000000020000000 0x0000000000040000 xrw
SCRATCH_X        0x0000000020040000 0x0000000000001000 xrw
SCRATCH_Y        0x0000000020041000 0x0000000000001000 xrw
*default*        0x0000000000000000 0xffffffffffffffff

Linker script and memory map

LOAD /usr/lib/gcc/arm-none-eabi/10.3.1/thumb/v6-m/nofp/crti.o
LOAD /usr/lib/gcc/arm-none-eabi/10.3.1/thumb/v6-m/nofp/crtbegin.o
LOAD /usr/lib/gcc/arm-none-eabi/10.3.1/../../../arm-none-eabi/lib/thumb/v6-m/nofp/crt0.o

.flash_begin    0x0000000010000000        0x0
                0x0000000010000000                __flash_binary_start = .

.boot2          0x0000000010000000      0x100
                0x0000000010000000                __boot2_start__ = .
 *(.boot2)
 .boot2         0x0000000010000000      0x100 /tmp/ccl47876.o
                0x0000000010000100                __boot2_end__ = .
                0x0000000000000001                ASSERT (((__boot2_end__ - __boot2_start__) == 0x100), ERROR: Pico second stage bootloader must be 256 bytes in size)

.text           0x0000000010000100     0x9648
                0x0000000010000100                __logical_binary_start = .
 *(.vectors)
 .vectors       0x0000000010000100       0xd4 CMakeFiles/DeltaRho_Controller.dir/home/nikesh/Documents/pico/pico-sdk/src/rp2_common/pico_standard_link/crt0.S.obj
                0x0000000010000100                __vectors
                0x0000000010000100                __VECTOR_TABLE
                0x00000000100001c0                isr_invalid
                0x00000000100001c0                __default_isrs_start
                0x00000000100001c2                isr_nmi
                0x00000000100001c4                isr_hardfault
                0x00000000100001c6                isr_svcall
                0x00000000100001c8                isr_pendsv
                0x00000000100001ca                isr_systick
                0x00000000100001cc                isr_irq30
                0x00000000100001cc                __unhandled_user_irq
                0x00000000100001cc                isr_irq13
                0x00000000100001cc                isr_irq27
                0x00000000100001cc                isr_irq31
                0x00000000100001cc                isr_irq5
                0x00000000100001cc                isr_irq11
                0x00000000100001cc                isr_irq23
                0x00000000100001cc                isr_irq18
                0x00000000100001cc                isr_irq28
                0x00000000100001cc                isr_irq19
                0x00000000100001cc                isr_irq0
                0x00000000100001cc                isr_irq6
                0x00000000100001cc                isr_irq22
                0x00000000100001cc                isr_irq17
                0x00000000100001cc                isr_irq14
                0x00000000100001cc                isr_irq2
                0x00000000100001cc                isr_irq10
                0x00000000100001cc                isr_irq8
                0x00000000100001cc                isr_irq24
                0x00000000100001cc                isr_irq1
                0x00000000100001cc                isr_irq7
                0x00000000100001cc                isr_irq21
                0x00000000100001cc                isr_irq20
                0x00000000100001cc                isr_irq15
                0x00000000100001cc                isr_irq25
                0x00000000100001cc                isr_irq4
                0x00000000100001cc                isr_irq16
                0x00000000100001cc                isr_irq29
                0x00000000100001cc                isr_irq26
                0x00000000100001cc                __default_isrs_end
                0x00000000100001cc                isr_irq3
                0x00000000100001cc                isr_irq12
                0x00000000100001cc                isr_irq9
                0x00000000100001d2                unhandled_user_irq_num_in_r0
 *(.binary_info_header)
 .binary_info_header
                0x00000000100001d4       0x14 CMakeFiles/DeltaRho_Controller.dir/home/nikesh/Documents/pico/pico-sdk/src/rp2_common/pico_standard_link/crt0.S.obj
                0x00000000100001e8                __binary_info_header_end = .
 *(.reset)
 .reset         0x00000000100001e8       0xa0 CMakeFiles/DeltaRho_Controller.dir/home/nikesh/Documents/pico/pico-sdk/src/rp2_common/pico_standard_link/crt0.S.obj
                0x00000000100001e8                _entry_point
 .reset         0x0000000010000288       0x30 CMakeFiles/DeltaRho_Controller.dir/home/nikesh/Documents/pico/pico-sdk/src/rp2_common/pico_standard_link/binary_info.c.obj
 *(.init)
 .init          0x00000000100002b8        0x4 /usr/lib/gcc/arm-none-eabi/10.3.1/thumb/v6-m/nofp/crti.o
                0x00000000100002b8                _init
 *(EXCLUDE_FILE(*libm.a: *libc.a:*lib_a-mem*.o *libgcc.a:) .text*)
 .text          0x00000000100002bc       0x98 /usr/lib/gcc/arm-none-eabi/10.3.1/thumb/v6-m/nofp/crtbegin.o
 .text.startup.main
                0x0000000010000354       0x88 CMakeFiles/DeltaRho_Controller.dir/src/main.cpp.obj
                0x0000000010000354                main
 .text._ZN8DC_MotorC2Ev
                0x00000000100003dc       0x10 CMakeFiles/DeltaRho_Controller.dir/lib/DC_Motor.cpp.obj
                0x00000000100003dc                DC_Motor::DC_Motor()
                0x00000000100003dc                DC_Motor::DC_Motor()
 .text._ZN8DC_Motor4initEiiiif
                0x00000000100003ec       0x3c CMakeFiles/DeltaRho_Controller.dir/lib/DC_Motor.cpp.obj
                0x00000000100003ec                DC_Motor::init(int, int, int, int, float)
 .text._ZN8DC_Motor16setMotorMovementEi
                0x0000000010000428      0x1c8 CMakeFiles/DeltaRho_Controller.dir/lib/DC_Motor.cpp.obj
                0x0000000010000428                DC_Motor::setMotorMovement(int)
 .text._ZN5RobotC2Ev
                0x00000000100005f0       0x24 CMakeFiles/DeltaRho_Controller.dir/lib/Robot.cpp.obj
                0x00000000100005f0                Robot::Robot()
                0x00000000100005f0                Robot::Robot()
 .text._ZN5Robot4initEv
                0x0000000010000614       0x64 CMakeFiles/DeltaRho_Controller.dir/lib/Robot.cpp.obj
                0x0000000010000614                Robot::init()
 .text._ZN5Robot12controlRobotEffi
                0x0000000010000678       0x24 CMakeFiles/DeltaRho_Controller.dir/lib/Robot.cpp.obj
                0x0000000010000678                Robot::controlRobot(float, float, int)
 .text.gpio_set_function
                0x000000001000069c       0x30 CMakeFiles/DeltaRho_Controller.dir/home/nikesh/Documents/pico/pico-sdk/src/rp2_common/hardware_gpio/gpio.c.obj
                0x000000001000069c                gpio_set_function
 .text.gpio_set_pulls
                0x00000000100006cc       0x30 CMakeFiles/DeltaRho_Controller.dir/home/nikesh/Documents/pico/pico-sdk/src/rp2_common/hardware_gpio/gpio.c.obj
                0x00000000100006cc                gpio_set_pulls
 .text.gpio_set_irq_enabled
                0x00000000100006fc       0x54 CMakeFiles/DeltaRho_Controller.dir/home/nikesh/Documents/pico/pico-sdk/src/rp2_common/hardware_gpio/gpio.c.obj
                0x00000000100006fc                gpio_set_irq_enabled
 .text.gpio_add_raw_irq_handler_with_order_priority_masked
                0x0000000010000750       0x44 CMakeFiles/DeltaRho_Controller.dir/home/nikesh/Documents/pico/pico-sdk/src/rp2_common/hardware_gpio/gpio.c.obj
                0x0000000010000750                gpio_add_raw_irq_handler_with_order_priority_masked
 .text.gpio_remove_raw_irq_handler_masked
                0x0000000010000794       0x20 CMakeFiles/DeltaRho_Controller.dir/home/nikesh/Documents/pico/pico-sdk/src/rp2_common/hardware_gpio/gpio.c.obj
                0x0000000010000794                gpio_remove_raw_irq_handler_masked
 .text.running_on_fpga
                0x00000000100007b4       0x10 CMakeFiles/DeltaRho_Controller.dir/home/nikesh/Documents/pico/pico-sdk/src/rp2_common/pico_platform/platform.c.obj
                0x00000000100007b4                running_on_fpga
 .text.hw_claim_lock
                0x00000000100007c4       0x18 CMakeFiles/DeltaRho_Controller.dir/home/nikesh/Documents/pico/pico-sdk/src/rp2_common/hardware_claim/claim.c.obj
                0x00000000100007c4                hw_claim_lock
 .text.hw_claim_unlock
                0x00000000100007dc       0x14 CMakeFiles/DeltaRho_Controller.dir/home/nikesh/Documents/pico/pico-sdk/src/rp2_common/hardware_claim/claim.c.obj
                0x00000000100007dc                hw_claim_unlock
 .text.hw_claim_or_assert
                0x00000000100007f0       0x44 CMakeFiles/DeltaRho_Controller.dir/home/nikesh/Documents/pico/pico-sdk/src/rp2_common/hardware_claim/claim.c.obj
                0x00000000100007f0                hw_claim_or_assert
 .text.hw_claim_unused_from_range
                0x0000000010000834       0x9c CMakeFiles/DeltaRho_Controller.dir/home/nikesh/Documents/pico/pico-sdk/src/rp2_common/hardware_claim/claim.c.obj
                0x0000000010000834                hw_claim_unused_from_range
 .text.hw_claim_clear
                0x00000000100008d0       0x38 CMakeFiles/DeltaRho_Controller.dir/home/nikesh/Documents/pico/pico-sdk/src/rp2_common/hardware_claim/claim.c.obj
                0x00000000100008d0                hw_claim_clear
 .text.spin_locks_reset
                0x0000000010000908       0x1c CMakeFiles/DeltaRho_Controller.dir/home/nikesh/Documents/pico/pico-sdk/src/rp2_common/hardware_sync/sync.c.obj
                0x0000000010000908                spin_locks_reset
 .text.next_striped_spin_lock_num
                0x0000000010000924       0x18 CMakeFiles/DeltaRho_Controller.dir/home/nikesh/Documents/pico/pico-sdk/src/rp2_common/hardware_sync/sync.c.obj
                0x0000000010000924                next_striped_spin_lock_num
 .text.spin_lock_claim_unused
                0x000000001000093c       0x20 CMakeFiles/DeltaRho_Controller.dir/home/nikesh/Documents/pico/pico-sdk/src/rp2_common/hardware_sync/sync.c.obj
                0x000000001000093c                spin_lock_claim_unused
 .text.irq_set_enabled
                0x000000001000095c       0x24 CMakeFiles/DeltaRho_Controller.dir/home/nikesh/Documents/pico/pico-sdk/src/rp2_common/hardware_irq/irq.c.obj
                0x000000001000095c                irq_set_enabled
 .text.irq_set_pending
                0x0000000010000980       0x10 CMakeFiles/DeltaRho_Controller.dir/home/nikesh/Documents/pico/pico-sdk/src/rp2_common/hardware_irq/irq.c.obj
                0x0000000010000980                irq_set_pending
 .text.irq_has_shared_handler
                0x0000000010000990       0x2c CMakeFiles/DeltaRho_Controller.dir/home/nikesh/Documents/pico/pico-sdk/src/rp2_common/hardware_irq/irq.c.obj
                0x0000000010000990                irq_has_shared_handler
 .text.irq_get_vtable_handler
                0x00000000100009bc       0x10 CMakeFiles/DeltaRho_Controller.dir/home/nikesh/Documents/pico/pico-sdk/src/rp2_common/hardware_irq/irq.c.obj
                0x00000000100009bc                irq_get_vtable_handler
 .text.irq_set_exclusive_handler
                0x00000000100009cc       0x54 CMakeFiles/DeltaRho_Controller.dir/home/nikesh/Documents/pico/pico-sdk/src/rp2_common/hardware_irq/irq.c.obj
                0x00000000100009cc                irq_set_exclusive_handler
 .text.irq_add_shared_handler
                0x0000000010000a20      0x1e8 CMakeFiles/DeltaRho_Controller.dir/home/nikesh/Documents/pico/pico-sdk/src/rp2_common/hardware_irq/irq.c.obj
                0x0000000010000a20                irq_add_shared_handler
 .text.irq_remove_handler
                0x0000000010000c08      0x1b0 CMakeFiles/DeltaRho_Controller.dir/home/nikesh/Documents/pico/pico-sdk/src/rp2_common/hardware_irq/irq.c.obj
                0x0000000010000c08                irq_remove_handler
 .text.irq_set_priority
                0x0000000010000db8       0x28 CMakeFiles/DeltaRho_Controller.dir/home/nikesh/Documents/pico/pico-sdk/src/rp2_common/hardware_irq/irq.c.obj
                0x0000000010000db8                irq_set_priority
 .text.irq_add_tail_to_free_list
                0x0000000010000de0       0xb4 CMakeFiles/DeltaRho_Controller.dir/home/nikesh/Documents/pico/pico-sdk/src/rp2_common/hardware_irq/irq.c.obj
                0x0000000010000de0                irq_add_tail_to_free_list
 .text.irq_init_priorities
                0x0000000010000e94       0x24 CMakeFiles/DeltaRho_Controller.dir/home/nikesh/Documents/pico/pico-sdk/src/rp2_common/hardware_irq/irq.c.obj
                0x0000000010000e94                irq_init_priorities
 .text.user_irq_unclaim
                0x0000000010000eb8       0x14 CMakeFiles/DeltaRho_Controller.dir/home/nikesh/Documents/pico/pico-sdk/src/rp2_common/hardware_irq/irq.c.obj
                0x0000000010000eb8                user_irq_unclaim
 .text.user_irq_claim_unused
                0x0000000010000ecc       0x28 CMakeFiles/DeltaRho_Controller.dir/home/nikesh/Documents/pico/pico-sdk/src/rp2_common/hardware_irq/irq.c.obj
                0x0000000010000ecc                user_irq_claim_unused
 .text.sem_init
                0x0000000010000ef4       0x20 CMakeFiles/DeltaRho_Controller.dir/home/nikesh/Documents/pico/pico-sdk/src/common/pico_sync/sem.c.obj
                0x0000000010000ef4                sem_init
 .text.lock_init
                0x0000000010000f14       0x10 CMakeFiles/DeltaRho_Controller.dir/home/nikesh/Documents/pico/pico-sdk/src/common/pico_sync/lock_core.c.obj
                0x0000000010000f14                lock_init
 .text.mutex_init
                0x0000000010000f24       0x1c CMakeFiles/DeltaRho_Controller.dir/home/nikesh/Documents/pico/pico-sdk/src/common/pico_sync/mutex.c.obj
                0x0000000010000f24                mutex_init
 .text.recursive_mutex_init
                0x0000000010000f40       0x1c CMakeFiles/DeltaRho_Controller.dir/home/nikesh/Documents/pico/pico-sdk/src/common/pico_sync/mutex.c.obj
                0x0000000010000f40                recursive_mutex_init
 .text.critical_section_init
                0x0000000010000f5c       0x20 CMakeFiles/DeltaRho_Controller.dir/home/nikesh/Documents/pico/pico-sdk/src/common/pico_sync/critical_section.c.obj
                0x0000000010000f5c                critical_section_init
 .text.critical_section_init_with_lock_num
                0x0000000010000f7c       0x14 CMakeFiles/DeltaRho_Controller.dir/home/nikesh/Documents/pico/pico-sdk/src/common/pico_sync/critical_section.c.obj
                0x0000000010000f7c                critical_section_init_with_lock_num
 .text.timer_pool_entry_comparator
                0x0000000010000f90       0x34 CMakeFiles/DeltaRho_Controller.dir/home/nikesh/Documents/pico/pico-sdk/src/common/pico_time/time.c.obj
                0x0000000010000f90                timer_pool_entry_comparator
 .text.sleep_until_callback
                0x0000000010000fc4       0x30 CMakeFiles/DeltaRho_Controller.dir/home/nikesh/Documents/pico/pico-sdk/src/common/pico_time/time.c.obj
 .text.add_alarm_under_lock.isra.0
                0x0000000010000ff4      0x100 CMakeFiles/DeltaRho_Controller.dir/home/nikesh/Documents/pico/pico-sdk/src/common/pico_time/time.c.obj
 .text.alarm_pool_alarm_callback
                0x00000000100010f4      0x1b8 CMakeFiles/DeltaRho_Controller.dir/home/nikesh/Documents/pico/pico-sdk/src/common/pico_time/time.c.obj
 .text.alarm_pool_init_default
                0x00000000100012ac       0x6c CMakeFiles/DeltaRho_Controller.dir/home/nikesh/Documents/pico/pico-sdk/src/common/pico_time/time.c.obj
                0x00000000100012ac                alarm_pool_init_default
 .text.alarm_pool_get_default
                0x0000000010001318        0x8 CMakeFiles/DeltaRho_Controller.dir/home/nikesh/Documents/pico/pico-sdk/src/common/pico_time/time.c.obj
                0x0000000010001318                alarm_pool_get_default
 .text.alarm_pool_add_alarm_at
                0x0000000010001320      0x17c CMakeFiles/DeltaRho_Controller.dir/home/nikesh/Documents/pico/pico-sdk/src/common/pico_time/time.c.obj
                0x0000000010001320                alarm_pool_add_alarm_at
 .text.alarm_pool_cancel_alarm
                0x000000001000149c       0x74 CMakeFiles/DeltaRho_Controller.dir/home/nikesh/Documents/pico/pico-sdk/src/common/pico_time/time.c.obj
                0x000000001000149c                alarm_pool_cancel_alarm
 .text.alarm_pool_core_num
                0x0000000010001510        0x4 CMakeFiles/DeltaRho_Controller.dir/home/nikesh/Documents/pico/pico-sdk/src/common/pico_time/time.c.obj
                0x0000000010001510                alarm_pool_core_num
 .text.sleep_until
                0x0000000010001514       0xc4 CMakeFiles/DeltaRho_Controller.dir/home/nikesh/Documents/pico/pico-sdk/src/common/pico_time/time.c.obj
                0x0000000010001514                sleep_until
 .text.best_effort_wfe_or_timeout
                0x00000000100015d8       0x78 CMakeFiles/DeltaRho_Controller.dir/home/nikesh/Documents/pico/pico-sdk/src/common/pico_time/time.c.obj
                0x00000000100015d8                best_effort_wfe_or_timeout
 .text.hardware_alarm_irq_handler
                0x0000000010001650       0xbc CMakeFiles/DeltaRho_Controller.dir/home/nikesh/Documents/pico/pico-sdk/src/rp2_common/hardware_timer/timer.c.obj
 .text.hardware_alarm_claim
                0x000000001000170c       0x18 CMakeFiles/DeltaRho_Controller.dir/home/nikesh/Documents/pico/pico-sdk/src/rp2_common/hardware_timer/timer.c.obj
                0x000000001000170c                hardware_alarm_claim
 .text.time_us_64
                0x0000000010001724       0x14 CMakeFiles/DeltaRho_Controller.dir/home/nikesh/Documents/pico/pico-sdk/src/rp2_common/hardware_timer/timer.c.obj
                0x0000000010001724                time_us_64
 .text.busy_wait_until
                0x0000000010001738       0x20 CMakeFiles/DeltaRho_Controller.dir/home/nikesh/Documents/pico/pico-sdk/src/rp2_common/hardware_timer/timer.c.obj
                0x0000000010001738                busy_wait_until
 .text.hardware_alarm_set_callback
                0x0000000010001758       0x8c CMakeFiles/DeltaRho_Controller.dir/home/nikesh/Documents/pico/pico-sdk/src/rp2_common/hardware_timer/timer.c.obj
                0x0000000010001758                hardware_alarm_set_callback
 .text.hardware_alarm_set_target
                0x00000000100017e4       0xe0 CMakeFiles/DeltaRho_Controller.dir/home/nikesh/Documents/pico/pico-sdk/src/rp2_common/hardware_timer/timer.c.obj
                0x00000000100017e4                hardware_alarm_set_target
 .text.hardware_alarm_cancel
                0x00000000100018c4       0x3c CMakeFiles/DeltaRho_Controller.dir/home/nikesh/Documents/pico/pico-sdk/src/rp2_common/hardware_timer/timer.c.obj
                0x00000000100018c4                hardware_alarm_cancel
 .text.ph_merge_nodes
                0x0000000010001900       0x68 CMakeFiles/DeltaRho_Controller.dir/home/nikesh/Documents/pico/pico-sdk/src/common/pico_util/pheap.c.obj
 .text.ph_post_alloc_init
                0x0000000010001968       0x3c CMakeFiles/DeltaRho_Controller.dir/home/nikesh/Documents/pico/pico-sdk/src/common/pico_util/pheap.c.obj
                0x0000000010001968                ph_post_alloc_init
 .text.ph_merge_two_pass
                0x00000000100019a4       0x90 CMakeFiles/DeltaRho_Controller.dir/home/nikesh/Documents/pico/pico-sdk/src/common/pico_util/pheap.c.obj
                0x00000000100019a4                ph_merge_two_pass
 .text.ph_remove_any_head
                0x0000000010001a34      0x100 CMakeFiles/DeltaRho_Controller.dir/home/nikesh/Documents/pico/pico-sdk/src/common/pico_util/pheap.c.obj
 .text.ph_remove_head
                0x0000000010001b34      0x104 CMakeFiles/DeltaRho_Controller.dir/home/nikesh/Documents/pico/pico-sdk/src/common/pico_util/pheap.c.obj
                0x0000000010001b34                ph_remove_head
 .text.ph_remove_and_free_node
                0x0000000010001c38       0x7c CMakeFiles/DeltaRho_Controller.dir/home/nikesh/Documents/pico/pico-sdk/src/common/pico_util/pheap.c.obj
                0x0000000010001c38                ph_remove_and_free_node
 .text.uart_init
                0x0000000010001cb4       0xe0 CMakeFiles/DeltaRho_Controller.dir/home/nikesh/Documents/pico/pico-sdk/src/rp2_common/hardware_uart/uart.c.obj
                0x0000000010001cb4                uart_init
 .text.clocks_init
                0x0000000010001d94      0x2bc CMakeFiles/DeltaRho_Controller.dir/home/nikesh/Documents/pico/pico-sdk/src/rp2_common/hardware_clocks/clocks.c.obj
                0x0000000010001d94                clocks_init
 .text.clock_get_hz
                0x0000000010002050        0xc CMakeFiles/DeltaRho_Controller.dir/home/nikesh/Documents/pico/pico-sdk/src/rp2_common/hardware_clocks/clocks.c.obj
                0x0000000010002050                clock_get_hz
 .text.pll_init
                0x000000001000205c       0xb0 CMakeFiles/DeltaRho_Controller.dir/home/nikesh/Documents/pico/pico-sdk/src/rp2_common/hardware_pll/pll.c.obj
                0x000000001000205c                pll_init
 .text.watchdog_start_tick
                0x000000001000210c       0x10 CMakeFiles/DeltaRho_Controller.dir/home/nikesh/Documents/pico/pico-sdk/src/rp2_common/hardware_watchdog/watchdog.c.obj
                0x000000001000210c                watchdog_start_tick
 .text.watchdog_reboot
                0x000000001000211c       0x98 CMakeFiles/DeltaRho_Controller.dir/home/nikesh/Documents/pico/pico-sdk/src/rp2_common/hardware_watchdog/watchdog.c.obj
                0x000000001000211c                watchdog_reboot
 .text.xosc_init
                0x00000000100021b4       0x28 CMakeFiles/DeltaRho_Controller.dir/home/nikesh/Documents/pico/pico-sdk/src/rp2_common/hardware_xosc/xosc.c.obj
                0x00000000100021b4                xosc_init
 .text.runtime_init
                0x00000000100021dc       0xf0 CMakeFiles/DeltaRho_Controller.dir/home/nikesh/Documents/pico/pico-sdk/src/rp2_common/pico_runtime/runtime.c.obj
                0x00000000100021dc                runtime_init
 .text._exit    0x00000000100022cc        0x4 CMakeFiles/DeltaRho_Controller.dir/home/nikesh/Documents/pico/pico-sdk/src/rp2_common/pico_runtime/runtime.c.obj
                0x00000000100022cc                _exit
 .text._sbrk    0x00000000100022d0       0x34 CMakeFiles/DeltaRho_Controller.dir/home/nikesh/Documents/pico/pico-sdk/src/rp2_common/pico_runtime/runtime.c.obj
                0x00000000100022d0                _sbrk
 .text._getpid  0x0000000010002304        0x4 CMakeFiles/DeltaRho_Controller.dir/home/nikesh/Documents/pico/pico-sdk/src/rp2_common/pico_runtime/runtime.c.obj
                0x0000000010002304                _getpid
 .text._kill    0x0000000010002308        0x8 CMakeFiles/DeltaRho_Controller.dir/home/nikesh/Documents/pico/pico-sdk/src/rp2_common/pico_runtime/runtime.c.obj
                0x0000000010002308                _kill
 .text.exit     0x0000000010002310        0x8 CMakeFiles/DeltaRho_Controller.dir/home/nikesh/Documents/pico/pico-sdk/src/rp2_common/pico_runtime/runtime.c.obj
                0x0000000010002310                exit
 .text.panic    0x0000000010002318       0x30 CMakeFiles/DeltaRho_Controller.dir/home/nikesh/Documents/pico/pico-sdk/src/rp2_common/pico_runtime/runtime.c.obj
                0x0000000010002318                panic
 .text.hard_assertion_failure
                0x0000000010002348        0xc CMakeFiles/DeltaRho_Controller.dir/home/nikesh/Documents/pico/pico-sdk/src/rp2_common/pico_runtime/runtime.c.obj
                0x0000000010002348                hard_assertion_failure
 .text._out_null
                0x0000000010002354        0x4 CMakeFiles/DeltaRho_Controller.dir/home/nikesh/Documents/pico/pico-sdk/src/rp2_common/pico_printf/printf.c.obj
 .text._out_rev
                0x0000000010002358       0x9c CMakeFiles/DeltaRho_Controller.dir/home/nikesh/Documents/pico/pico-sdk/src/rp2_common/pico_printf/printf.c.obj
 .text._ntoa_format
                0x00000000100023f4      0x1cc CMakeFiles/DeltaRho_Controller.dir/home/nikesh/Documents/pico/pico-sdk/src/rp2_common/pico_printf/printf.c.obj
 .text._out_char
                0x00000000100025c0       0x10 CMakeFiles/DeltaRho_Controller.dir/home/nikesh/Documents/pico/pico-sdk/src/rp2_common/pico_printf/printf.c.obj
 .text._out_fct
                0x00000000100025d0       0x10 CMakeFiles/DeltaRho_Controller.dir/home/nikesh/Documents/pico/pico-sdk/src/rp2_common/pico_printf/printf.c.obj
 .text._etoa    0x00000000100025e0      0x44c CMakeFiles/DeltaRho_Controller.dir/home/nikesh/Documents/pico/pico-sdk/src/rp2_common/pico_printf/printf.c.obj
 .text._ftoa    0x0000000010002a2c      0x398 CMakeFiles/DeltaRho_Controller.dir/home/nikesh/Documents/pico/pico-sdk/src/rp2_common/pico_printf/printf.c.obj
 .text._vsnprintf
                0x0000000010002dc4      0xb04 CMakeFiles/DeltaRho_Controller.dir/home/nikesh/Documents/pico/pico-sdk/src/rp2_common/pico_printf/printf.c.obj
 .text.vfctprintf
                0x00000000100038c8       0x20 CMakeFiles/DeltaRho_Controller.dir/home/nikesh/Documents/pico/pico-sdk/src/rp2_common/pico_printf/printf.c.obj
                0x00000000100038c8                vfctprintf
 .text.weak_raw_vprintf
                0x00000000100038e8       0x30 CMakeFiles/DeltaRho_Controller.dir/home/nikesh/Documents/pico/pico-sdk/src/rp2_common/pico_printf/printf.c.obj
                0x00000000100038e8                weak_raw_vprintf
 .text          0x0000000010003918       0x10 CMakeFiles/DeltaRho_Controller.dir/home/nikesh/Documents/pico/pico-sdk/src/rp2_common/pico_bit_ops/bit_ops_aeabi.S.obj
 .text.rom_func_lookup
                0x0000000010003928       0x10 CMakeFiles/DeltaRho_Controller.dir/home/nikesh/Documents/pico/pico-sdk/src/rp2_common/pico_bootrom/bootrom.c.obj
                0x0000000010003928                rom_func_lookup
 .text.rom_data_lookup
                0x0000000010003938       0x10 CMakeFiles/DeltaRho_Controller.dir/home/nikesh/Documents/pico/pico-sdk/src/rp2_common/pico_bootrom/bootrom.c.obj
                0x0000000010003938                rom_data_lookup
 .text.rom_funcs_lookup
                0x0000000010003948       0x44 CMakeFiles/DeltaRho_Controller.dir/home/nikesh/Documents/pico/pico-sdk/src/rp2_common/pico_bootrom/bootrom.c.obj
                0x0000000010003948                rom_funcs_lookup
 .text.__wrap___aeabi_idiv
                0x000000001000398c       0x50 CMakeFiles/DeltaRho_Controller.dir/home/nikesh/Documents/pico/pico-sdk/src/rp2_common/pico_divider/divider.S.obj
                0x000000001000398c                __wrap___aeabi_idivmod
                0x000000001000398c                divmod_s32s32
                0x000000001000398c                div_s32s32
                0x000000001000398c                __wrap___aeabi_idiv
                0x0000000010003994                divmod_s32s32_unsafe
                0x00000000100039c0                divmod_s32s32_savestate
 .text.__wrap___aeabi_uidiv
                0x00000000100039dc       0x4c CMakeFiles/DeltaRho_Controller.dir/home/nikesh/Documents/pico/pico-sdk/src/rp2_common/pico_divider/divider.S.obj
                0x00000000100039dc                __wrap___aeabi_uidiv
                0x00000000100039dc                __wrap___aeabi_uidivmod
                0x00000000100039dc                div_u32u32
                0x00000000100039dc                divmod_u32u32
                0x00000000100039e4                divmod_u32u32_unsafe
                0x0000000010003a0c                divmod_u32u32_savestate
 .text.__wrap___aeabi_ldiv
                0x0000000010003a28      0x424 CMakeFiles/DeltaRho_Controller.dir/home/nikesh/Documents/pico/pico-sdk/src/rp2_common/pico_divider/divider.S.obj
                0x0000000010003a28                div_s64s64
                0x0000000010003a28                divmod_s64s64
                0x0000000010003a28                __wrap___aeabi_ldivmod
                0x0000000010003a58                div_u64u64
                0x0000000010003a58                divmod_u64u64
                0x0000000010003a58                __wrap___aeabi_uldivmod
                0x0000000010003a68                divmod_u64u64_savestate
                0x0000000010003a88                divmod_s64s64_unsafe
                0x0000000010003b10                divmod_u64u64_unsafe
 .text.__wrap___aeabi_darithmetic
                0x0000000010003e4c       0x60 CMakeFiles/DeltaRho_Controller.dir/home/nikesh/Documents/pico/pico-sdk/src/rp2_common/pico_double/double_aeabi.S.obj
                0x0000000010003e4c                __wrap___aeabi_drsub
                0x0000000010003e52                __wrap___aeabi_dsub
                0x0000000010003e5c                __wrap___aeabi_dadd
                0x0000000010003e66                __wrap___aeabi_ddiv
                0x0000000010003e9a                __wrap___aeabi_dmul
 .text.__wrap___aeabi_cdcmple
                0x0000000010003eac       0x6c CMakeFiles/DeltaRho_Controller.dir/home/nikesh/Documents/pico/pico-sdk/src/rp2_common/pico_double/double_aeabi.S.obj
                0x0000000010003eac                __wrap___aeabi_cdrcmple
                0x0000000010003ebc                __wrap___aeabi_cdcmple
                0x0000000010003ebc                __wrap___aeabi_cdcmpeq
 .text.__wrap___aeabi_dcmplt
                0x0000000010003f18        0xc CMakeFiles/DeltaRho_Controller.dir/home/nikesh/Documents/pico/pico-sdk/src/rp2_common/pico_double/double_aeabi.S.obj
                0x0000000010003f18                __wrap___aeabi_dcmplt
 .text.__wrap___aeabi_dcmple
                0x0000000010003f24       0x10 CMakeFiles/DeltaRho_Controller.dir/home/nikesh/Documents/pico/pico-sdk/src/rp2_common/pico_double/double_aeabi.S.obj
                0x0000000010003f24                __wrap___aeabi_dcmple
 .text.__wrap___aeabi_dcmpge
                0x0000000010003f34       0x10 CMakeFiles/DeltaRho_Controller.dir/home/nikesh/Documents/pico/pico-sdk/src/rp2_common/pico_double/double_aeabi.S.obj
                0x0000000010003f34                __wrap___aeabi_dcmpge
 .text.__wrap___aeabi_dcmpgt
                0x0000000010003f44        0xa CMakeFiles/DeltaRho_Controller.dir/home/nikesh/Documents/pico/pico-sdk/src/rp2_common/pico_double/double_aeabi.S.obj
                0x0000000010003f44                __wrap___aeabi_dcmpgt
 .text.__wrap___aeabi_dcmpun
                0x0000000010003f4e       0x1c CMakeFiles/DeltaRho_Controller.dir/home/nikesh/Documents/pico/pico-sdk/src/rp2_common/pico_double/double_aeabi.S.obj
                0x0000000010003f4e                __wrap___aeabi_dcmpun
 *fill*         0x0000000010003f6a        0x2 
 .text.__wrap___aeabi_i2d
                0x0000000010003f6c       0x38 CMakeFiles/DeltaRho_Controller.dir/home/nikesh/Documents/pico/pico-sdk/src/rp2_common/pico_double/double_aeabi.S.obj
                0x0000000010003f6c                __wrap___aeabi_ui2d
                0x0000000010003f74                __wrap___aeabi_i2d
 .text.__wrap___aeabi_d2iz
                0x0000000010003fa4       0x48 CMakeFiles/DeltaRho_Controller.dir/home/nikesh/Documents/pico/pico-sdk/src/rp2_common/pico_double/double_aeabi.S.obj
                0x0000000010003fa4                __wrap___aeabi_d2iz
                0x0000000010003fa4                double2int_z
 .text.__wrap___aeabi_d2uiz
                0x0000000010003fec       0x10 CMakeFiles/DeltaRho_Controller.dir/home/nikesh/Documents/pico/pico-sdk/src/rp2_common/pico_double/double_aeabi.S.obj
                0x0000000010003fec                double2uint
                0x0000000010003fec                __wrap___aeabi_d2uiz
 .text.missing_double_func_shim
                0x0000000010003ffc        0xc CMakeFiles/DeltaRho_Controller.dir/home/nikesh/Documents/pico/pico-sdk/src/rp2_common/pico_double/double_init_rom.c.obj
 .text.__aeabi_double_init
                0x0000000010004008       0x98 CMakeFiles/DeltaRho_Controller.dir/home/nikesh/Documents/pico/pico-sdk/src/rp2_common/pico_double/double_init_rom.c.obj
                0x0000000010004008                __aeabi_double_init
 .text.double_table_shim_on_use_helper
                0x00000000100040a0       0x2c CMakeFiles/DeltaRho_Controller.dir/home/nikesh/Documents/pico/pico-sdk/src/rp2_common/pico_double/double_v1_rom_shim.S.obj
                0x00000000100040a0                double_table_shim_on_use_helper
 .text.__aeabi_lmul
                0x00000000100040cc       0x32 CMakeFiles/DeltaRho_Controller.dir/home/nikesh/Documents/pico/pico-sdk/src/rp2_common/pico_int64_ops/pico_int64_ops_aeabi.S.obj
                0x00000000100040cc                __wrap___aeabi_lmul
 *fill*         0x00000000100040fe        0x2 
 .text.missing_float_func_shim
                0x0000000010004100        0xc CMakeFiles/DeltaRho_Controller.dir/home/nikesh/Documents/pico/pico-sdk/src/rp2_common/pico_float/float_init_rom.c.obj
 .text.__aeabi_float_init
                0x000000001000410c       0x5c CMakeFiles/DeltaRho_Controller.dir/home/nikesh/Documents/pico/pico-sdk/src/rp2_common/pico_float/float_init_rom.c.obj
                0x000000001000410c                __aeabi_float_init
 .text.__wrap_malloc
                0x0000000010004168       0x24 CMakeFiles/DeltaRho_Controller.dir/home/nikesh/Documents/pico/pico-sdk/src/rp2_common/pico_malloc/pico_malloc.c.obj
                0x0000000010004168                __wrap_malloc
 .text.__wrap_free
                0x000000001000418c        0x8 CMakeFiles/DeltaRho_Controller.dir/home/nikesh/Documents/pico/pico-sdk/src/rp2_common/pico_malloc/pico_malloc.c.obj
                0x000000001000418c                __wrap_free
 .text          0x0000000010004194       0x10 CMakeFiles/DeltaRho_Controller.dir/home/nikesh/Documents/pico/pico-sdk/src/rp2_common/pico_mem_ops/mem_ops_aeabi.S.obj
                0x0000000010004194                __aeabi_mem_init
 .text.memset   0x00000000100041a4        0xc CMakeFiles/DeltaRho_Controller.dir/home/nikesh/Documents/pico/pico-sdk/src/rp2_common/pico_mem_ops/mem_ops_aeabi.S.obj
                0x00000000100041a4                __wrap_memset
 .text.memcpy   0x00000000100041b0        0xc CMakeFiles/DeltaRho_Controller.dir/home/nikesh/Documents/pico/pico-sdk/src/rp2_common/pico_mem_ops/mem_ops_aeabi.S.obj
                0x00000000100041b0                __wrap___aeabi_memcpy
                0x00000000100041b0                __wrap_memcpy
 .text._Znwj    0x00000000100041bc        0x8 CMakeFiles/DeltaRho_Controller.dir/home/nikesh/Documents/pico/pico-sdk/src/rp2_common/pico_standard_link/new_delete.cpp.obj
                0x00000000100041bc                operator new(unsigned int)
 .text._ZdlPv   0x00000000100041c4        0x8 CMakeFiles/DeltaRho_Controller.dir/home/nikesh/Documents/pico/pico-sdk/src/rp2_common/pico_standard_link/new_delete.cpp.obj
                0x00000000100041c4                operator delete(void*)
 .text._ZdlPvj  0x00000000100041cc        0x8 CMakeFiles/DeltaRho_Controller.dir/home/nikesh/Documents/pico/pico-sdk/src/rp2_common/pico_standard_link/new_delete.cpp.obj
                0x00000000100041cc                operator delete(void*, unsigned int)
 .text.stdio_out_chars_no_crlf
                0x00000000100041d4       0x10 CMakeFiles/DeltaRho_Controller.dir/home/nikesh/Documents/pico/pico-sdk/src/rp2_common/pico_stdio/stdio.c.obj
 .text.stdio_out_chars_crlf
                0x00000000100041e4       0xb4 CMakeFiles/DeltaRho_Controller.dir/home/nikesh/Documents/pico/pico-sdk/src/rp2_common/pico_stdio/stdio.c.obj
 .text.stdio_buffered_printer
                0x0000000010004298       0x64 CMakeFiles/DeltaRho_Controller.dir/home/nikesh/Documents/pico/pico-sdk/src/rp2_common/pico_stdio/stdio.c.obj
 .text.stdio_put_string.isra.0
                0x00000000100042fc       0xfc CMakeFiles/DeltaRho_Controller.dir/home/nikesh/Documents/pico/pico-sdk/src/rp2_common/pico_stdio/stdio.c.obj
 .text.__wrap_putchar
                0x00000000100043f8       0x98 CMakeFiles/DeltaRho_Controller.dir/home/nikesh/Documents/pico/pico-sdk/src/rp2_common/pico_stdio/stdio.c.obj
                0x00000000100043f8                __wrap_putchar
 .text.__wrap_puts
                0x0000000010004490       0x3c CMakeFiles/DeltaRho_Controller.dir/home/nikesh/Documents/pico/pico-sdk/src/rp2_common/pico_stdio/stdio.c.obj
                0x0000000010004490                __wrap_puts
 .text.stdio_set_driver_enabled
                0x00000000100044cc       0x30 CMakeFiles/DeltaRho_Controller.dir/home/nikesh/Documents/pico/pico-sdk/src/rp2_common/pico_stdio/stdio.c.obj
                0x00000000100044cc                stdio_set_driver_enabled
 .text.__wrap_vprintf
                0x00000000100044fc       0xd8 CMakeFiles/DeltaRho_Controller.dir/home/nikesh/Documents/pico/pico-sdk/src/rp2_common/pico_stdio/stdio.c.obj
                0x00000000100044fc                __wrap_vprintf
 .text.__wrap_printf
                0x00000000100045d4       0x18 CMakeFiles/DeltaRho_Controller.dir/home/nikesh/Documents/pico/pico-sdk/src/rp2_common/pico_stdio/stdio.c.obj
                0x00000000100045d4                __wrap_printf
 .text.stdio_init_all
                0x00000000100045ec       0x10 CMakeFiles/DeltaRho_Controller.dir/home/nikesh/Documents/pico/pico-sdk/src/rp2_common/pico_stdio/stdio.c.obj
                0x00000000100045ec                stdio_init_all
 .text.stdio_uart_out_chars
                0x00000000100045fc       0x4c CMakeFiles/DeltaRho_Controller.dir/home/nikesh/Documents/pico/pico-sdk/src/rp2_common/pico_stdio_uart/stdio_uart.c.obj
 .text.stdio_uart_in_chars
                0x0000000010004648       0x84 CMakeFiles/DeltaRho_Controller.dir/home/nikesh/Documents/pico/pico-sdk/src/rp2_common/pico_stdio_uart/stdio_uart.c.obj
                0x0000000010004648                stdio_uart_in_chars
 .text.on_uart_rx
                0x00000000100046cc       0x28 CMakeFiles/DeltaRho_Controller.dir/home/nikesh/Documents/pico/pico-sdk/src/rp2_common/pico_stdio_uart/stdio_uart.c.obj
 .text.stdio_uart_set_chars_available_callback
                0x00000000100046f4       0x8c CMakeFiles/DeltaRho_Controller.dir/home/nikesh/Documents/pico/pico-sdk/src/rp2_common/pico_stdio_uart/stdio_uart.c.obj
 .text.stdio_uart_init
                0x0000000010004780       0x48 CMakeFiles/DeltaRho_Controller.dir/home/nikesh/Documents/pico/pico-sdk/src/rp2_common/pico_stdio_uart/stdio_uart.c.obj
                0x0000000010004780                stdio_uart_init
 .text.resetd_init
                0x00000000100047c8        0x4 CMakeFiles/DeltaRho_Controller.dir/home/nikesh/Documents/pico/pico-sdk/src/rp2_common/pico_stdio_usb/reset_interface.c.obj
 .text.resetd_reset
                0x00000000100047cc        0xc CMakeFiles/DeltaRho_Controller.dir/home/nikesh/Documents/pico/pico-sdk/src/rp2_common/pico_stdio_usb/reset_interface.c.obj
 .text.resetd_open
                0x00000000100047d8       0x28 CMakeFiles/DeltaRho_Controller.dir/home/nikesh/Documents/pico/pico-sdk/src/rp2_common/pico_stdio_usb/reset_interface.c.obj
 .text.resetd_xfer_cb
                0x0000000010004800        0x4 CMakeFiles/DeltaRho_Controller.dir/home/nikesh/Documents/pico/pico-sdk/src/rp2_common/pico_stdio_usb/reset_interface.c.obj
 .text.resetd_control_xfer_cb
                0x0000000010004804       0x64 CMakeFiles/DeltaRho_Controller.dir/home/nikesh/Documents/pico/pico-sdk/src/rp2_common/pico_stdio_usb/reset_interface.c.obj
 .text.usbd_app_driver_get_cb
                0x0000000010004868        0xc CMakeFiles/DeltaRho_Controller.dir/home/nikesh/Documents/pico/pico-sdk/src/rp2_common/pico_stdio_usb/reset_interface.c.obj
                0x0000000010004868                usbd_app_driver_get_cb
 .text.tud_cdc_line_coding_cb
                0x0000000010004874       0x34 CMakeFiles/DeltaRho_Controller.dir/home/nikesh/Documents/pico/pico-sdk/src/rp2_common/pico_stdio_usb/reset_interface.c.obj
                0x0000000010004874                tud_cdc_line_coding_cb
 .text.stdio_usb_set_chars_available_callback
                0x00000000100048a8       0x14 CMakeFiles/DeltaRho_Controller.dir/home/nikesh/Documents/pico/pico-sdk/src/rp2_common/pico_stdio_usb/stdio_usb.c.obj
                0x00000000100048a8                stdio_usb_set_chars_available_callback
 .text.usb_irq  0x00000000100048bc       0x10 CMakeFiles/DeltaRho_Controller.dir/home/nikesh/Documents/pico/pico-sdk/src/rp2_common/pico_stdio_usb/stdio_usb.c.obj
 .text.timer_task
                0x00000000100048cc       0x54 CMakeFiles/DeltaRho_Controller.dir/home/nikesh/Documents/pico/pico-sdk/src/rp2_common/pico_stdio_usb/stdio_usb.c.obj
 .text.stdio_usb_in_chars
                0x0000000010004920       0x90 CMakeFiles/DeltaRho_Controller.dir/home/nikesh/Documents/pico/pico-sdk/src/rp2_common/pico_stdio_usb/stdio_usb.c.obj
                0x0000000010004920                stdio_usb_in_chars
 .text.stdio_usb_out_chars
                0x00000000100049b0      0x100 CMakeFiles/DeltaRho_Controller.dir/home/nikesh/Documents/pico/pico-sdk/src/rp2_common/pico_stdio_usb/stdio_usb.c.obj
 .text.low_priority_worker_irq
                0x0000000010004ab0       0xa8 CMakeFiles/DeltaRho_Controller.dir/home/nikesh/Documents/pico/pico-sdk/src/rp2_common/pico_stdio_usb/stdio_usb.c.obj
 .text.tud_cdc_rx_cb
                0x0000000010004b58       0x20 CMakeFiles/DeltaRho_Controller.dir/home/nikesh/Documents/pico/pico-sdk/src/rp2_common/pico_stdio_usb/stdio_usb.c.obj
                0x0000000010004b58                tud_cdc_rx_cb
 .text.stdio_usb_init
                0x0000000010004b78       0xdc CMakeFiles/DeltaRho_Controller.dir/home/nikesh/Documents/pico/pico-sdk/src/rp2_common/pico_stdio_usb/stdio_usb.c.obj
                0x0000000010004b78                stdio_usb_init
 .text.tud_descriptor_device_cb
                0x0000000010004c54        0x8 CMakeFiles/DeltaRho_Controller.dir/home/nikesh/Documents/pico/pico-sdk/src/rp2_common/pico_stdio_usb/stdio_usb_descriptors.c.obj
                0x0000000010004c54                tud_descriptor_device_cb
 .text.tud_descriptor_configuration_cb
                0x0000000010004c5c        0x8 CMakeFiles/DeltaRho_Controller.dir/home/nikesh/Documents/pico/pico-sdk/src/rp2_common/pico_stdio_usb/stdio_usb_descriptors.c.obj
                0x0000000010004c5c                tud_descriptor_configuration_cb
 .text.tud_descriptor_string_cb
                0x0000000010004c64       0x74 CMakeFiles/DeltaRho_Controller.dir/home/nikesh/Documents/pico/pico-sdk/src/rp2_common/pico_stdio_usb/stdio_usb_descriptors.c.obj
                0x0000000010004c64                tud_descriptor_string_cb
 .text.startup._retrieve_unique_id_on_boot
                0x0000000010004cd8       0x10 CMakeFiles/DeltaRho_Controller.dir/home/nikesh/Documents/pico/pico-sdk/src/rp2_common/pico_unique_id/unique_id.c.obj
 .text.pico_get_unique_board_id_string
                0x0000000010004ce8      0x1a8 CMakeFiles/DeltaRho_Controller.dir/home/nikesh/Documents/pico/pico-sdk/src/rp2_common/pico_unique_id/unique_id.c.obj
                0x0000000010004ce8                pico_get_unique_board_id_string
 .text.flash_get_unique_id
                0x0000000010004e90       0x40 CMakeFiles/DeltaRho_Controller.dir/home/nikesh/Documents/pico/pico-sdk/src/rp2_common/hardware_flash/flash.c.obj
                0x0000000010004e90                flash_get_unique_id
 .text.dcd_int_enable
                0x0000000010004ed0        0xc CMakeFiles/DeltaRho_Controller.dir/home/nikesh/Documents/pico/pico-sdk/lib/tinyusb/src/portable/raspberrypi/rp2040/dcd_rp2040.c.obj
                0x0000000010004ed0                dcd_int_enable
 .text.dcd_set_address
                0x0000000010004edc       0x14 CMakeFiles/DeltaRho_Controller.dir/home/nikesh/Documents/pico/pico-sdk/lib/tinyusb/src/portable/raspberrypi/rp2040/dcd_rp2040.c.obj
                0x0000000010004edc                dcd_set_address
 .text.dcd_connect
                0x0000000010004ef0       0x10 CMakeFiles/DeltaRho_Controller.dir/home/nikesh/Documents/pico/pico-sdk/lib/tinyusb/src/portable/raspberrypi/rp2040/dcd_rp2040.c.obj
                0x0000000010004ef0                dcd_connect
 .text.dcd_init
                0x0000000010004f00       0x98 CMakeFiles/DeltaRho_Controller.dir/home/nikesh/Documents/pico/pico-sdk/lib/tinyusb/src/portable/raspberrypi/rp2040/dcd_rp2040.c.obj
                0x0000000010004f00                dcd_init
 .text.dcd_edpt0_status_complete
                0x0000000010004f98       0x1c CMakeFiles/DeltaRho_Controller.dir/home/nikesh/Documents/pico/pico-sdk/lib/tinyusb/src/portable/raspberrypi/rp2040/dcd_rp2040.c.obj
                0x0000000010004f98                dcd_edpt0_status_complete
 .text.dcd_edpt_open
                0x0000000010004fb4      0x108 CMakeFiles/DeltaRho_Controller.dir/home/nikesh/Documents/pico/pico-sdk/lib/tinyusb/src/portable/raspberrypi/rp2040/dcd_rp2040.c.obj
                0x0000000010004fb4                dcd_edpt_open
 .text.dcd_edpt_close_all
                0x00000000100050bc        0x8 CMakeFiles/DeltaRho_Controller.dir/home/nikesh/Documents/pico/pico-sdk/lib/tinyusb/src/portable/raspberrypi/rp2040/dcd_rp2040.c.obj
                0x00000000100050bc                dcd_edpt_close_all
 .text.dcd_edpt_xfer
                0x00000000100050c4       0x24 CMakeFiles/DeltaRho_Controller.dir/home/nikesh/Documents/pico/pico-sdk/lib/tinyusb/src/portable/raspberrypi/rp2040/dcd_rp2040.c.obj
                0x00000000100050c4                dcd_edpt_xfer
 .text.dcd_edpt_stall
                0x00000000100050e8       0x38 CMakeFiles/DeltaRho_Controller.dir/home/nikesh/Documents/pico/pico-sdk/lib/tinyusb/src/portable/raspberrypi/rp2040/dcd_rp2040.c.obj
                0x00000000100050e8                dcd_edpt_stall
 .text.dcd_edpt_clear_stall
                0x0000000010005120       0x30 CMakeFiles/DeltaRho_Controller.dir/home/nikesh/Documents/pico/pico-sdk/lib/tinyusb/src/portable/raspberrypi/rp2040/dcd_rp2040.c.obj
                0x0000000010005120                dcd_edpt_clear_stall
 .text.rp2040_usb_init
                0x0000000010005150       0x4c CMakeFiles/DeltaRho_Controller.dir/home/nikesh/Documents/pico/pico-sdk/lib/tinyusb/src/portable/raspberrypi/rp2040/rp2040_usb.c.obj
                0x0000000010005150                rp2040_usb_init
 .text.hw_endpoint_xfer_start
                0x000000001000519c       0x50 CMakeFiles/DeltaRho_Controller.dir/home/nikesh/Documents/pico/pico-sdk/lib/tinyusb/src/portable/raspberrypi/rp2040/rp2040_usb.c.obj
                0x000000001000519c                hw_endpoint_xfer_start
 .text.tud_mounted
                0x00000000100051ec       0x10 CMakeFiles/DeltaRho_Controller.dir/home/nikesh/Documents/pico/pico-sdk/lib/tinyusb/src/device/usbd.c.obj
                0x00000000100051ec                tud_mounted
 .text.tud_suspended
                0x00000000100051fc       0x10 CMakeFiles/DeltaRho_Controller.dir/home/nikesh/Documents/pico/pico-sdk/lib/tinyusb/src/device/usbd.c.obj
                0x00000000100051fc                tud_suspended
 .text.tud_inited
                0x000000001000520c       0x14 CMakeFiles/DeltaRho_Controller.dir/home/nikesh/Documents/pico/pico-sdk/lib/tinyusb/src/device/usbd.c.obj
                0x000000001000520c                tud_inited
 .text.tud_init
                0x0000000010005220       0xe4 CMakeFiles/DeltaRho_Controller.dir/home/nikesh/Documents/pico/pico-sdk/lib/tinyusb/src/device/usbd.c.obj
                0x0000000010005220                tud_init
 .text.tud_task_ext
                0x0000000010005304      0x854 CMakeFiles/DeltaRho_Controller.dir/home/nikesh/Documents/pico/pico-sdk/lib/tinyusb/src/device/usbd.c.obj
                0x0000000010005304                tud_task_ext
 .text.usbd_open_edpt_pair
                0x0000000010005b58       0x9c CMakeFiles/DeltaRho_Controller.dir/home/nikesh/Documents/pico/pico-sdk/lib/tinyusb/src/device/usbd.c.obj
                0x0000000010005b58                usbd_open_edpt_pair
 .text.usbd_defer_func
                0x0000000010005bf4       0x48 CMakeFiles/DeltaRho_Controller.dir/home/nikesh/Documents/pico/pico-sdk/lib/tinyusb/src/device/usbd.c.obj
                0x0000000010005bf4                usbd_defer_func
 .text.usbd_edpt_open
                0x0000000010005c3c       0x34 CMakeFiles/DeltaRho_Controller.dir/home/nikesh/Documents/pico/pico-sdk/lib/tinyusb/src/device/usbd.c.obj
                0x0000000010005c3c                usbd_edpt_open
 .text.usbd_edpt_claim
                0x0000000010005c70       0x28 CMakeFiles/DeltaRho_Controller.dir/home/nikesh/Documents/pico/pico-sdk/lib/tinyusb/src/device/usbd.c.obj
                0x0000000010005c70                usbd_edpt_claim
 .text.usbd_edpt_release
                0x0000000010005c98       0x28 CMakeFiles/DeltaRho_Controller.dir/home/nikesh/Documents/pico/pico-sdk/lib/tinyusb/src/device/usbd.c.obj
                0x0000000010005c98                usbd_edpt_release
 .text.usbd_edpt_xfer
                0x0000000010005cc0       0x4c CMakeFiles/DeltaRho_Controller.dir/home/nikesh/Documents/pico/pico-sdk/lib/tinyusb/src/device/usbd.c.obj
                0x0000000010005cc0                usbd_edpt_xfer
 .text.tud_control_status
                0x0000000010005d0c       0x30 CMakeFiles/DeltaRho_Controller.dir/home/nikesh/Documents/pico/pico-sdk/lib/tinyusb/src/device/usbd_control.c.obj
                0x0000000010005d0c                tud_control_status
 .text.tud_control_xfer
                0x0000000010005d3c       0xbc CMakeFiles/DeltaRho_Controller.dir/home/nikesh/Documents/pico/pico-sdk/lib/tinyusb/src/device/usbd_control.c.obj
                0x0000000010005d3c                tud_control_xfer
 .text.usbd_control_reset
                0x0000000010005df8       0x14 CMakeFiles/DeltaRho_Controller.dir/home/nikesh/Documents/pico/pico-sdk/lib/tinyusb/src/device/usbd_control.c.obj
                0x0000000010005df8                usbd_control_reset
 .text.usbd_control_set_complete_callback
                0x0000000010005e0c        0xc CMakeFiles/DeltaRho_Controller.dir/home/nikesh/Documents/pico/pico-sdk/lib/tinyusb/src/device/usbd_control.c.obj
                0x0000000010005e0c                usbd_control_set_complete_callback
 .text.usbd_control_set_request
                0x0000000010005e18       0x1c CMakeFiles/DeltaRho_Controller.dir/home/nikesh/Documents/pico/pico-sdk/lib/tinyusb/src/device/usbd_control.c.obj
                0x0000000010005e18                usbd_control_set_request
 .text.usbd_control_xfer_cb
                0x0000000010005e34       0xfc CMakeFiles/DeltaRho_Controller.dir/home/nikesh/Documents/pico/pico-sdk/lib/tinyusb/src/device/usbd_control.c.obj
                0x0000000010005e34                usbd_control_xfer_cb
 .text.tud_cdc_n_connected
                0x0000000010005f30       0x30 CMakeFiles/DeltaRho_Controller.dir/home/nikesh/Documents/pico/pico-sdk/lib/tinyusb/src/class/cdc/cdc_device.c.obj
                0x0000000010005f30                tud_cdc_n_connected
 .text.tud_cdc_n_available
                0x0000000010005f60       0x18 CMakeFiles/DeltaRho_Controller.dir/home/nikesh/Documents/pico/pico-sdk/lib/tinyusb/src/class/cdc/cdc_device.c.obj
                0x0000000010005f60                tud_cdc_n_available
 .text.tud_cdc_n_read
                0x0000000010005f78       0x70 CMakeFiles/DeltaRho_Controller.dir/home/nikesh/Documents/pico/pico-sdk/lib/tinyusb/src/class/cdc/cdc_device.c.obj
                0x0000000010005f78                tud_cdc_n_read
 .text.tud_cdc_n_write_flush
                0x0000000010005fe8       0x78 CMakeFiles/DeltaRho_Controller.dir/home/nikesh/Documents/pico/pico-sdk/lib/tinyusb/src/class/cdc/cdc_device.c.obj
                0x0000000010005fe8                tud_cdc_n_write_flush
 .text.tud_cdc_n_write
                0x0000000010006060       0x34 CMakeFiles/DeltaRho_Controller.dir/home/nikesh/Documents/pico/pico-sdk/lib/tinyusb/src/class/cdc/cdc_device.c.obj
                0x0000000010006060                tud_cdc_n_write
 .text.tud_cdc_n_write_available
                0x0000000010006094       0x18 CMakeFiles/DeltaRho_Controller.dir/home/nikesh/Documents/pico/pico-sdk/lib/tinyusb/src/class/cdc/cdc_device.c.obj
                0x0000000010006094                tud_cdc_n_write_available
 .text.cdcd_init
                0x00000000100060ac       0x7c CMakeFiles/DeltaRho_Controller.dir/home/nikesh/Documents/pico/pico-sdk/lib/tinyusb/src/class/cdc/cdc_device.c.obj
                0x00000000100060ac                cdcd_init
 .text.cdcd_reset
                0x0000000010006128       0x2c CMakeFiles/DeltaRho_Controller.dir/home/nikesh/Documents/pico/pico-sdk/lib/tinyusb/src/class/cdc/cdc_device.c.obj
                0x0000000010006128                cdcd_reset
 .text.cdcd_open
                0x0000000010006154       0xe8 CMakeFiles/DeltaRho_Controller.dir/home/nikesh/Documents/pico/pico-sdk/lib/tinyusb/src/class/cdc/cdc_device.c.obj
                0x0000000010006154                cdcd_open
 .text.cdcd_control_xfer_cb
                0x000000001000623c       0xe4 CMakeFiles/DeltaRho_Controller.dir/home/nikesh/Documents/pico/pico-sdk/lib/tinyusb/src/class/cdc/cdc_device.c.obj
                0x000000001000623c                cdcd_control_xfer_cb
 .text.cdcd_xfer_cb
                0x0000000010006320      0x148 CMakeFiles/DeltaRho_Controller.dir/home/nikesh/Documents/pico/pico-sdk/lib/tinyusb/src/class/cdc/cdc_device.c.obj
                0x0000000010006320                cdcd_xfer_cb
 .text.tusb_init
                0x0000000010006468        0xc CMakeFiles/DeltaRho_Controller.dir/home/nikesh/Documents/pico/pico-sdk/lib/tinyusb/src/tusb.c.obj
                0x0000000010006468                tusb_init
 .text.tusb_inited
                0x0000000010006474        0x8 CMakeFiles/DeltaRho_Controller.dir/home/nikesh/Documents/pico/pico-sdk/lib/tinyusb/src/tusb.c.obj
                0x0000000010006474                tusb_inited
 .text.tu_edpt_claim
                0x000000001000647c       0x50 CMakeFiles/DeltaRho_Controller.dir/home/nikesh/Documents/pico/pico-sdk/lib/tinyusb/src/tusb.c.obj
                0x000000001000647c                tu_edpt_claim
 .text.tu_edpt_release
                0x00000000100064cc       0x38 CMakeFiles/DeltaRho_Controller.dir/home/nikesh/Documents/pico/pico-sdk/lib/tinyusb/src/tusb.c.obj
                0x00000000100064cc                tu_edpt_release
 .text.tu_edpt_validate
                0x0000000010006504       0x78 CMakeFiles/DeltaRho_Controller.dir/home/nikesh/Documents/pico/pico-sdk/lib/tinyusb/src/tusb.c.obj
                0x0000000010006504                tu_edpt_validate
 .text.tu_edpt_bind_driver
                0x000000001000657c       0x34 CMakeFiles/DeltaRho_Controller.dir/home/nikesh/Documents/pico/pico-sdk/lib/tinyusb/src/tusb.c.obj
                0x000000001000657c                tu_edpt_bind_driver
 .text.tu_fifo_config
                0x00000000100065b0       0x70 CMakeFiles/DeltaRho_Controller.dir/home/nikesh/Documents/pico/pico-sdk/lib/tinyusb/src/common/tusb_fifo.c.obj
                0x00000000100065b0                tu_fifo_config
 .text.tu_fifo_count
                0x0000000010006620       0x2c CMakeFiles/DeltaRho_Controller.dir/home/nikesh/Documents/pico/pico-sdk/lib/tinyusb/src/common/tusb_fifo.c.obj
                0x0000000010006620                tu_fifo_count
 .text.tu_fifo_empty
                0x000000001000664c       0x10 CMakeFiles/DeltaRho_Controller.dir/home/nikesh/Documents/pico/pico-sdk/lib/tinyusb/src/common/tusb_fifo.c.obj
                0x000000001000664c                tu_fifo_empty
 .text.tu_fifo_remaining
                0x000000001000665c       0x2c CMakeFiles/DeltaRho_Controller.dir/home/nikesh/Documents/pico/pico-sdk/lib/tinyusb/src/common/tusb_fifo.c.obj
                0x000000001000665c                tu_fifo_remaining
 .text.tu_fifo_read
                0x0000000010006688       0xa0 CMakeFiles/DeltaRho_Controller.dir/home/nikesh/Documents/pico/pico-sdk/lib/tinyusb/src/common/tusb_fifo.c.obj
                0x0000000010006688                tu_fifo_read
 .text.tu_fifo_read_n
                0x0000000010006728       0xec CMakeFiles/DeltaRho_Controller.dir/home/nikesh/Documents/pico/pico-sdk/lib/tinyusb/src/common/tusb_fifo.c.obj
                0x0000000010006728                tu_fifo_read_n
 .text.tu_fifo_write
                0x0000000010006814       0x88 CMakeFiles/DeltaRho_Controller.dir/home/nikesh/Documents/pico/pico-sdk/lib/tinyusb/src/common/tusb_fifo.c.obj
                0x0000000010006814                tu_fifo_write
 .text.tu_fifo_write_n
                0x000000001000689c      0x168 CMakeFiles/DeltaRho_Controller.dir/home/nikesh/Documents/pico/pico-sdk/lib/tinyusb/src/common/tusb_fifo.c.obj
                0x000000001000689c                tu_fifo_write_n
 .text.tu_fifo_clear
                0x0000000010006a04       0x40 CMakeFiles/DeltaRho_Controller.dir/home/nikesh/Documents/pico/pico-sdk/lib/tinyusb/src/common/tusb_fifo.c.obj
                0x0000000010006a04                tu_fifo_clear
 .text.tu_fifo_set_overwritable
                0x0000000010006a44       0x48 CMakeFiles/DeltaRho_Controller.dir/home/nikesh/Documents/pico/pico-sdk/lib/tinyusb/src/common/tusb_fifo.c.obj
                0x0000000010006a44                tu_fifo_set_overwritable
 .text.cyw43_arch_set_async_context
                0x0000000010006a8c        0xc CMakeFiles/DeltaRho_Controller.dir/home/nikesh/Documents/pico/pico-sdk/src/rp2_common/pico_cyw43_arch/cyw43_arch.c.obj
                0x0000000010006a8c                cyw43_arch_set_async_context
 .text.cyw43_arch_async_context
                0x0000000010006a98        0xc CMakeFiles/DeltaRho_Controller.dir/home/nikesh/Documents/pico/pico-sdk/src/rp2_common/pico_cyw43_arch/cyw43_arch.c.obj
                0x0000000010006a98                cyw43_arch_async_context
 .text.cyw43_arch_init
                0x0000000010006aa4       0x6c CMakeFiles/DeltaRho_Controller.dir/home/nikesh/Documents/pico/pico-sdk/src/rp2_common/pico_cyw43_arch/cyw43_arch_threadsafe_background.c.obj
                0x0000000010006aa4                cyw43_arch_init
 .text.cyw43_spi_deinit
                0x0000000010006b10       0x6c CMakeFiles/DeltaRho_Controller.dir/home/nikesh/Documents/pico/pico-sdk/src/rp2_common/pico_cyw43_driver/cyw43_bus_pio_spi.c.obj
                0x0000000010006b10                cyw43_spi_deinit
 .text.cyw43_ll_init
                0x0000000010006b7c       0x18 CMakeFiles/DeltaRho_Controller.dir/home/nikesh/Documents/pico/pico-sdk/lib/cyw43-driver/src/cyw43_ll.c.obj
                0x0000000010006b7c                cyw43_ll_init
 .text.cyw43_ll_deinit
                0x0000000010006b94        0x8 CMakeFiles/DeltaRho_Controller.dir/home/nikesh/Documents/pico/pico-sdk/lib/cyw43-driver/src/cyw43_ll.c.obj
                0x0000000010006b94                cyw43_ll_deinit
 .text.cyw43_init
                0x0000000010006b9c       0x70 CMakeFiles/DeltaRho_Controller.dir/home/nikesh/Documents/pico/pico-sdk/lib/cyw43-driver/src/cyw43_ctrl.c.obj
                0x0000000010006b9c                cyw43_init
 .text.cyw43_deinit
                0x0000000010006c0c       0x94 CMakeFiles/DeltaRho_Controller.dir/home/nikesh/Documents/pico/pico-sdk/lib/cyw43-driver/src/cyw43_ctrl.c.obj
                0x0000000010006c0c                cyw43_deinit
 .text.pio_sm_unclaim
                0x0000000010006ca0       0x20 CMakeFiles/DeltaRho_Controller.dir/home/nikesh/Documents/pico/pico-sdk/src/rp2_common/hardware_pio/pio.c.obj
                0x0000000010006ca0                pio_sm_unclaim
 .text.pio_remove_program
                0x0000000010006cc0       0x34 CMakeFiles/DeltaRho_Controller.dir/home/nikesh/Documents/pico/pico-sdk/src/rp2_common/hardware_pio/pio.c.obj
                0x0000000010006cc0                pio_remove_program
 .text.dma_channel_unclaim
                0x0000000010006cf4       0x10 CMakeFiles/DeltaRho_Controller.dir/home/nikesh/Documents/pico/pico-sdk/src/rp2_common/hardware_dma/dma.c.obj
                0x0000000010006cf4                dma_channel_unclaim
 .text.cyw43_sleep_timeout_reached
                0x0000000010006d04       0x10 CMakeFiles/DeltaRho_Controller.dir/home/nikesh/Documents/pico/pico-sdk/src/rp2_common/pico_cyw43_driver/cyw43_driver.c.obj
 .text.cyw43_irq_init
                0x0000000010006d14       0x28 CMakeFiles/DeltaRho_Controller.dir/home/nikesh/Documents/pico/pico-sdk/src/rp2_common/pico_cyw43_driver/cyw43_driver.c.obj
                0x0000000010006d14                cyw43_irq_init
 .text.cyw43_irq_deinit
                0x0000000010006d3c       0x20 CMakeFiles/DeltaRho_Controller.dir/home/nikesh/Documents/pico/pico-sdk/src/rp2_common/pico_cyw43_driver/cyw43_driver.c.obj
                0x0000000010006d3c                cyw43_irq_deinit
 .text.cyw43_gpio_irq_handler
                0x0000000010006d5c       0x44 CMakeFiles/DeltaRho_Controller.dir/home/nikesh/Documents/pico/pico-sdk/src/rp2_common/pico_cyw43_driver/cyw43_driver.c.obj
 .text.cyw43_do_poll
                0x0000000010006da0       0x6c CMakeFiles/DeltaRho_Controller.dir/home/nikesh/Documents/pico/pico-sdk/src/rp2_common/pico_cyw43_driver/cyw43_driver.c.obj
 .text.cyw43_driver_init
                0x0000000010006e0c       0x38 CMakeFiles/DeltaRho_Controller.dir/home/nikesh/Documents/pico/pico-sdk/src/rp2_common/pico_cyw43_driver/cyw43_driver.c.obj
                0x0000000010006e0c                cyw43_driver_init
 .text.cyw43_driver_deinit
                0x0000000010006e44       0x44 CMakeFiles/DeltaRho_Controller.dir/home/nikesh/Documents/pico/pico-sdk/src/rp2_common/pico_cyw43_driver/cyw43_driver.c.obj
                0x0000000010006e44                cyw43_driver_deinit
 .text.cyw43_thread_enter
                0x0000000010006e88       0x14 CMakeFiles/DeltaRho_Controller.dir/home/nikesh/Documents/pico/pico-sdk/src/rp2_common/pico_cyw43_driver/cyw43_driver.c.obj
                0x0000000010006e88                cyw43_thread_enter
 .text.cyw43_thread_exit
                0x0000000010006e9c       0x14 CMakeFiles/DeltaRho_Controller.dir/home/nikesh/Documents/pico/pico-sdk/src/rp2_common/pico_cyw43_driver/cyw43_driver.c.obj
                0x0000000010006e9c                cyw43_thread_exit
 .text.cyw43_cb_tcpip_deinit
                0x0000000010006eb0        0x4 CMakeFiles/DeltaRho_Controller.dir/home/nikesh/Documents/pico/pico-sdk/src/rp2_common/pico_cyw43_driver/cyw43_driver.c.obj
                0x0000000010006eb0                cyw43_cb_tcpip_deinit
 .text.async_context_threadsafe_background_acquire_lock_blocking
                0x0000000010006eb4        0xc CMakeFiles/DeltaRho_Controller.dir/home/nikesh/Documents/pico/pico-sdk/src/rp2_common/pico_async_context/async_context_threadsafe_background.c.obj
 .text.alarm_handler
                0x0000000010006ec0       0x20 CMakeFiles/DeltaRho_Controller.dir/home/nikesh/Documents/pico/pico-sdk/src/rp2_common/pico_async_context/async_context_threadsafe_background.c.obj
 .text.async_context_threadsafe_background_set_work_pending
                0x0000000010006ee0       0x1c CMakeFiles/DeltaRho_Controller.dir/home/nikesh/Documents/pico/pico-sdk/src/rp2_common/pico_async_context/async_context_threadsafe_background.c.obj
 .text.process_under_lock
                0x0000000010006efc       0xc8 CMakeFiles/DeltaRho_Controller.dir/home/nikesh/Documents/pico/pico-sdk/src/rp2_common/pico_async_context/async_context_threadsafe_background.c.obj
 .text.async_context_threadsafe_background_execute_sync
                0x0000000010006fc4       0x30 CMakeFiles/DeltaRho_Controller.dir/home/nikesh/Documents/pico/pico-sdk/src/rp2_common/pico_async_context/async_context_threadsafe_background.c.obj
                0x0000000010006fc4                async_context_threadsafe_background_execute_sync
 .text.async_context_threadsafe_background_deinit
                0x0000000010006ff4       0x54 CMakeFiles/DeltaRho_Controller.dir/home/nikesh/Documents/pico/pico-sdk/src/rp2_common/pico_async_context/async_context_threadsafe_background.c.obj
 .text.low_priority_irq_handler
                0x0000000010007048       0x3c CMakeFiles/DeltaRho_Controller.dir/home/nikesh/Documents/pico/pico-sdk/src/rp2_common/pico_async_context/async_context_threadsafe_background.c.obj
 .text.async_context_threadsafe_background_wait_for_work_until
                0x0000000010007084        0xc CMakeFiles/DeltaRho_Controller.dir/home/nikesh/Documents/pico/pico-sdk/src/rp2_common/pico_async_context/async_context_threadsafe_background.c.obj
 .text.async_context_threadsafe_background_wait_until
                0x0000000010007090       0x1c CMakeFiles/DeltaRho_Controller.dir/home/nikesh/Documents/pico/pico-sdk/src/rp2_common/pico_async_context/async_context_threadsafe_background.c.obj
 .text.async_context_threadsafe_background_lock_check
                0x00000000100070ac       0x28 CMakeFiles/DeltaRho_Controller.dir/home/nikesh/Documents/pico/pico-sdk/src/rp2_common/pico_async_context/async_context_threadsafe_background.c.obj
 .text.async_context_threadsafe_background_release_lock
                0x00000000100070d4       0x1c CMakeFiles/DeltaRho_Controller.dir/home/nikesh/Documents/pico/pico-sdk/src/rp2_common/pico_async_context/async_context_threadsafe_background.c.obj
 .text.async_context_threadsafe_background_when_pending_worker
                0x00000000100070f0       0x34 CMakeFiles/DeltaRho_Controller.dir/home/nikesh/Documents/pico/pico-sdk/src/rp2_common/pico_async_context/async_context_threadsafe_background.c.obj
 .text.async_context_threadsafe_background_remove_at_time_worker
                0x0000000010007124       0x34 CMakeFiles/DeltaRho_Controller.dir/home/nikesh/Documents/pico/pico-sdk/src/rp2_common/pico_async_context/async_context_threadsafe_background.c.obj
 .text.async_context_threadsafe_background_add_when_pending_worker
                0x0000000010007158       0x34 CMakeFiles/DeltaRho_Controller.dir/home/nikesh/Documents/pico/pico-sdk/src/rp2_common/pico_async_context/async_context_threadsafe_background.c.obj
 .text.async_context_threadsafe_background_add_at_time_worker
                0x000000001000718c       0x34 CMakeFiles/DeltaRho_Controller.dir/home/nikesh/Documents/pico/pico-sdk/src/rp2_common/pico_async_context/async_context_threadsafe_background.c.obj
 .text.async_context_threadsafe_background_default_config
                0x00000000100071c0        0xc CMakeFiles/DeltaRho_Controller.dir/home/nikesh/Documents/pico/pico-sdk/src/rp2_common/pico_async_context/async_context_threadsafe_background.c.obj
                0x00000000100071c0                async_context_threadsafe_background_default_config
 .text.async_context_threadsafe_background_init
                0x00000000100071cc       0x8c CMakeFiles/DeltaRho_Controller.dir/home/nikesh/Documents/pico/pico-sdk/src/rp2_common/pico_async_context/async_context_threadsafe_background.c.obj
                0x00000000100071cc                async_context_threadsafe_background_init
 .text.async_context_base_add_at_time_worker
                0x0000000010007258       0x28 CMakeFiles/DeltaRho_Controller.dir/home/nikesh/Documents/pico/pico-sdk/src/rp2_common/pico_async_context/async_context_base.c.obj
                0x0000000010007258                async_context_base_add_at_time_worker
 .text.async_context_base_remove_at_time_worker
                0x0000000010007280       0x28 CMakeFiles/DeltaRho_Controller.dir/home/nikesh/Documents/pico/pico-sdk/src/rp2_common/pico_async_context/async_context_base.c.obj
                0x0000000010007280                async_context_base_remove_at_time_worker
 .text.async_context_base_add_when_pending_worker
                0x00000000100072a8       0x24 CMakeFiles/DeltaRho_Controller.dir/home/nikesh/Documents/pico/pico-sdk/src/rp2_common/pico_async_context/async_context_base.c.obj
                0x00000000100072a8                async_context_base_add_when_pending_worker
 .text.async_context_base_remove_when_pending_worker
                0x00000000100072cc       0x28 CMakeFiles/DeltaRho_Controller.dir/home/nikesh/Documents/pico/pico-sdk/src/rp2_common/pico_async_context/async_context_base.c.obj
                0x00000000100072cc                async_context_base_remove_when_pending_worker
 .text.async_context_base_execute_once
                0x00000000100072f4       0xe8 CMakeFiles/DeltaRho_Controller.dir/home/nikesh/Documents/pico/pico-sdk/src/rp2_common/pico_async_context/async_context_base.c.obj
                0x00000000100072f4                async_context_base_execute_once
 .text._ZNSt7__cxx1112basic_stringIcSt11char_traitsIcESaIcEE9_M_createERjj
                0x00000000100073dc       0x3c /usr/lib/gcc/arm-none-eabi/10.3.1/../../../arm-none-eabi/lib/thumb/v6-m/nofp/libstdc++.a(string-inst.o)
                0x00000000100073dc                std::__cxx11::basic_string<char, std::char_traits<char>, std::allocator<char> >::_M_create(unsigned int&, unsigned int)
 .text._ZNSt7__cxx1112basic_stringIcSt11char_traitsIcESaIcEE9_M_mutateEjjPKcj
                0x0000000010007418       0xb4 /usr/lib/gcc/arm-none-eabi/10.3.1/../../../arm-none-eabi/lib/thumb/v6-m/nofp/libstdc++.a(string-inst.o)
                0x0000000010007418                std::__cxx11::basic_string<char, std::char_traits<char>, std::allocator<char> >::_M_mutate(unsigned int, unsigned int, char const*, unsigned int)
 .text._ZNSt7__cxx1112basic_stringIcSt11char_traitsIcESaIcEE10_M_replaceEjjPKcj
                0x00000000100074cc      0x188 /usr/lib/gcc/arm-none-eabi/10.3.1/../../../arm-none-eabi/lib/thumb/v6-m/nofp/libstdc++.a(string-inst.o)
                0x00000000100074cc                std::__cxx11::basic_string<char, std::char_traits<char>, std::allocator<char> >::_M_replace(unsigned int, unsigned int, char const*, unsigned int)
 .text.__cxa_end_cleanup
                0x0000000010007654        0xc /usr/lib/gcc/arm-none-eabi/10.3.1/../../../arm-none-eabi/lib/thumb/v6-m/nofp/libstdc++.a(eh_arm.o)
                0x0000000010007654                __cxa_end_cleanup
 .text.__cxa_type_match
                0x0000000010007660       0xc0 /usr/lib/gcc/arm-none-eabi/10.3.1/../../../arm-none-eabi/lib/thumb/v6-m/nofp/libstdc++.a(eh_arm.o)
                0x0000000010007660                __cxa_type_match
 .text.__cxa_begin_cleanup
                0x0000000010007720       0x60 /usr/lib/gcc/arm-none-eabi/10.3.1/../../../arm-none-eabi/lib/thumb/v6-m/nofp/libstdc++.a(eh_arm.o)
                0x0000000010007720                __cxa_begin_cleanup
 .text.__gnu_end_cleanup
                0x0000000010007780       0x70 /usr/lib/gcc/arm-none-eabi/10.3.1/../../../arm-none-eabi/lib/thumb/v6-m/nofp/libstdc++.a(eh_arm.o)
                0x0000000010007780                __gnu_end_cleanup
 .text.__cxa_begin_catch
                0x00000000100077f0       0x74 /usr/lib/gcc/arm-none-eabi/10.3.1/../../../arm-none-eabi/lib/thumb/v6-m/nofp/libstdc++.a(eh_catch.o)
                0x00000000100077f0                __cxa_begin_catch
 .text.__cxa_end_catch
                0x0000000010007864       0x90 /usr/lib/gcc/arm-none-eabi/10.3.1/../../../arm-none-eabi/lib/thumb/v6-m/nofp/libstdc++.a(eh_catch.o)
                0x0000000010007864                __cxa_end_catch
 .text._ZNSt9exceptionD2Ev
                0x00000000100078f4        0x4 /usr/lib/gcc/arm-none-eabi/10.3.1/../../../arm-none-eabi/lib/thumb/v6-m/nofp/libstdc++.a(eh_exception.o)
                0x00000000100078f4                std::exception::~exception()
                0x00000000100078f4                std::exception::~exception()
 .text._ZNSt13bad_exceptionD2Ev
                0x00000000100078f8        0x4 /usr/lib/gcc/arm-none-eabi/10.3.1/../../../arm-none-eabi/lib/thumb/v6-m/nofp/libstdc++.a(eh_exception.o)
                0x00000000100078f8                std::bad_exception::~bad_exception()
                0x00000000100078f8                std::bad_exception::~bad_exception()
 .text._ZNKSt13bad_exception4whatEv
                0x00000000100078fc        0x8 /usr/lib/gcc/arm-none-eabi/10.3.1/../../../arm-none-eabi/lib/thumb/v6-m/nofp/libstdc++.a(eh_exception.o)
                0x00000000100078fc                transaction clone for std::bad_exception::what() const
                0x00000000100078fc                std::bad_exception::what() const
 .text._ZNSt13bad_exceptionD0Ev
                0x0000000010007904       0x10 /usr/lib/gcc/arm-none-eabi/10.3.1/../../../arm-none-eabi/lib/thumb/v6-m/nofp/libstdc++.a(eh_exception.o)
                0x0000000010007904                std::bad_exception::~bad_exception()
 .text.__cxa_get_globals_fast
                0x0000000010007914        0x8 /usr/lib/gcc/arm-none-eabi/10.3.1/../../../arm-none-eabi/lib/thumb/v6-m/nofp/libstdc++.a(eh_globals.o)
                0x0000000010007914                __cxa_get_globals_fast
 .text.__cxa_get_globals
                0x000000001000791c        0x8 /usr/lib/gcc/arm-none-eabi/10.3.1/../../../arm-none-eabi/lib/thumb/v6-m/nofp/libstdc++.a(eh_globals.o)
                0x000000001000791c                __cxa_get_globals
 .text._ZL28read_encoded_value_with_basehjPKhPj
                0x0000000010007924      0x114 /usr/lib/gcc/arm-none-eabi/10.3.1/../../../arm-none-eabi/lib/thumb/v6-m/nofp/libstdc++.a(eh_personality.o)
 .text._ZL21base_of_encoded_valuehP15_Unwind_Context
                0x0000000010007a38       0x48 /usr/lib/gcc/arm-none-eabi/10.3.1/../../../arm-none-eabi/lib/thumb/v6-m/nofp/libstdc++.a(eh_personality.o)
 .text._ZL17parse_lsda_headerP15_Unwind_ContextPKhP16lsda_header_info
                0x0000000010007a80       0x98 /usr/lib/gcc/arm-none-eabi/10.3.1/../../../arm-none-eabi/lib/thumb/v6-m/nofp/libstdc++.a(eh_personality.o)
 .text.__gxx_personality_v0
                0x0000000010007b18      0x4c8 /usr/lib/gcc/arm-none-eabi/10.3.1/../../../arm-none-eabi/lib/thumb/v6-m/nofp/libstdc++.a(eh_personality.o)
                0x0000000010007b18                __gxx_personality_v0
 .text._ZN10__cxxabiv111__terminateEPFvvE
                0x0000000010007fe0       0x28 /usr/lib/gcc/arm-none-eabi/10.3.1/../../../arm-none-eabi/lib/thumb/v6-m/nofp/libstdc++.a(eh_terminate.o)
                0x0000000010007fe0                __cxxabiv1::__terminate(void (*)())
 .text._ZSt9terminatev
                0x0000000010008008       0x10 /usr/lib/gcc/arm-none-eabi/10.3.1/../../../arm-none-eabi/lib/thumb/v6-m/nofp/libstdc++.a(eh_terminate.o)
                0x0000000010008008                std::terminate()
 .text._ZN10__cxxabiv112__unexpectedEPFvvE
                0x0000000010008018        0x8 /usr/lib/gcc/arm-none-eabi/10.3.1/../../../arm-none-eabi/lib/thumb/v6-m/nofp/libstdc++.a(eh_terminate.o)
                0x0000000010008018                __cxxabiv1::__unexpected(void (*)())
 .text._ZSt10unexpectedv
                0x0000000010008020       0x10 /usr/lib/gcc/arm-none-eabi/10.3.1/../../../arm-none-eabi/lib/thumb/v6-m/nofp/libstdc++.a(eh_terminate.o)
                0x0000000010008020                std::unexpected()
 .text._ZSt13get_terminatev
                0x0000000010008030        0xc /usr/lib/gcc/arm-none-eabi/10.3.1/../../../arm-none-eabi/lib/thumb/v6-m/nofp/libstdc++.a(eh_terminate.o)
                0x0000000010008030                std::get_terminate()
 .text._ZSt14get_unexpectedv
                0x000000001000803c        0xc /usr/lib/gcc/arm-none-eabi/10.3.1/../../../arm-none-eabi/lib/thumb/v6-m/nofp/libstdc++.a(eh_terminate.o)
                0x000000001000803c                std::get_unexpected()
 .text._ZN10__cxxabiv120__si_class_type_infoD2Ev
                0x0000000010008048       0x18 /usr/lib/gcc/arm-none-eabi/10.3.1/../../../arm-none-eabi/lib/thumb/v6-m/nofp/libstdc++.a(si_class_type_info.o)
                0x0000000010008048                __cxxabiv1::__si_class_type_info::~__si_class_type_info()
                0x0000000010008048                __cxxabiv1::__si_class_type_info::~__si_class_type_info()
 .text._ZN10__cxxabiv120__si_class_type_infoD0Ev
                0x0000000010008060       0x20 /usr/lib/gcc/arm-none-eabi/10.3.1/../../../arm-none-eabi/lib/thumb/v6-m/nofp/libstdc++.a(si_class_type_info.o)
                0x0000000010008060                __cxxabiv1::__si_class_type_info::~__si_class_type_info()
 .text._ZNK10__cxxabiv120__si_class_type_info20__do_find_public_srcEiPKvPKNS_17__class_type_infoES2_
                0x0000000010008080       0x38 /usr/lib/gcc/arm-none-eabi/10.3.1/../../../arm-none-eabi/lib/thumb/v6-m/nofp/libstdc++.a(si_class_type_info.o)
                0x0000000010008080                __cxxabiv1::__si_class_type_info::__do_find_public_src(int, void const*, __cxxabiv1::__class_type_info const*, void const*) const
 .text._ZNK10__cxxabiv120__si_class_type_info12__do_dyncastEiNS_17__class_type_info10__sub_kindEPKS1_PKvS4_S6_RNS1_16__dyncast_resultE
                0x00000000100080b8       0x9c /usr/lib/gcc/arm-none-eabi/10.3.1/../../../arm-none-eabi/lib/thumb/v6-m/nofp/libstdc++.a(si_class_type_info.o)
                0x00000000100080b8                __cxxabiv1::__si_class_type_info::__do_dyncast(int, __cxxabiv1::__class_type_info::__sub_kind, __cxxabiv1::__class_type_info const*, void const*, __cxxabiv1::__class_type_info const*, void const*, __cxxabiv1::__class_type_info::__dyncast_result&) const
 .text._ZNK10__cxxabiv120__si_class_type_info11__do_upcastEPKNS_17__class_type_infoEPKvRNS1_15__upcast_resultE
                0x0000000010008154       0x24 /usr/lib/gcc/arm-none-eabi/10.3.1/../../../arm-none-eabi/lib/thumb/v6-m/nofp/libstdc++.a(si_class_type_info.o)
                0x0000000010008154                __cxxabiv1::__si_class_type_info::__do_upcast(__cxxabiv1::__class_type_info const*, void const*, __cxxabiv1::__class_type_info::__upcast_result&) const
 .text._ZNSt9type_infoD2Ev
                0x0000000010008178        0x4 /usr/lib/gcc/arm-none-eabi/10.3.1/../../../arm-none-eabi/lib/thumb/v6-m/nofp/libstdc++.a(tinfo.o)
                0x0000000010008178                std::type_info::~type_info()
                0x0000000010008178                std::type_info::~type_info()
 .text._ZNKSt9type_info14__is_pointer_pEv
                0x000000001000817c        0x4 /usr/lib/gcc/arm-none-eabi/10.3.1/../../../arm-none-eabi/lib/thumb/v6-m/nofp/libstdc++.a(tinfo.o)
                0x000000001000817c                std::type_info::__is_function_p() const
                0x000000001000817c                std::type_info::__is_pointer_p() const
 .text._ZNKSt9type_infoeqERKS_
                0x0000000010008180       0x30 /usr/lib/gcc/arm-none-eabi/10.3.1/../../../arm-none-eabi/lib/thumb/v6-m/nofp/libstdc++.a(tinfo.o)
                0x0000000010008180                std::type_info::operator==(std::type_info const&) const
 .text.unlikely._ZSt17__throw_bad_allocv
                0x00000000100081b0       0x20 /usr/lib/gcc/arm-none-eabi/10.3.1/../../../arm-none-eabi/lib/thumb/v6-m/nofp/libstdc++.a(functexcept.o)
                0x00000000100081b0                std::__throw_bad_alloc()
 .text.unlikely._ZSt19__throw_logic_errorPKc
                0x00000000100081d0       0x30 /usr/lib/gcc/arm-none-eabi/10.3.1/../../../arm-none-eabi/lib/thumb/v6-m/nofp/libstdc++.a(functexcept.o)
                0x00000000100081d0                std::__throw_logic_error(char const*)
 .text.unlikely._ZSt20__throw_length_errorPKc
                0x0000000010008200       0x30 /usr/lib/gcc/arm-none-eabi/10.3.1/../../../arm-none-eabi/lib/thumb/v6-m/nofp/libstdc++.a(functexcept.o)
                0x0000000010008200                std::__throw_length_error(char const*)
 .text._ZNKSt9bad_alloc4whatEv
                0x0000000010008230        0x8 /usr/lib/gcc/arm-none-eabi/10.3.1/../../../arm-none-eabi/lib/thumb/v6-m/nofp/libstdc++.a(bad_alloc.o)
                0x0000000010008230                std::bad_alloc::what() const
 .text._ZNSt9bad_allocD2Ev
                0x0000000010008238       0x18 /usr/lib/gcc/arm-none-eabi/10.3.1/../../../arm-none-eabi/lib/thumb/v6-m/nofp/libstdc++.a(bad_alloc.o)
                0x0000000010008238                std::bad_alloc::~bad_alloc()
                0x0000000010008238                std::bad_alloc::~bad_alloc()
 .text._ZNSt9bad_allocD0Ev
                0x0000000010008250       0x20 /usr/lib/gcc/arm-none-eabi/10.3.1/../../../arm-none-eabi/lib/thumb/v6-m/nofp/libstdc++.a(bad_alloc.o)
                0x0000000010008250                std::bad_alloc::~bad_alloc()
 .text._ZNK10__cxxabiv117__class_type_info11__do_upcastEPKS0_PPv
                0x0000000010008270       0x34 /usr/lib/gcc/arm-none-eabi/10.3.1/../../../arm-none-eabi/lib/thumb/v6-m/nofp/libstdc++.a(class_type_info.o)
                0x0000000010008270                __cxxabiv1::__class_type_info::__do_upcast(__cxxabiv1::__class_type_info const*, void**) const
 .text._ZNK10__cxxabiv117__class_type_info20__do_find_public_srcEiPKvPKS0_S2_
                0x00000000100082a4       0x14 /usr/lib/gcc/arm-none-eabi/10.3.1/../../../arm-none-eabi/lib/thumb/v6-m/nofp/libstdc++.a(class_type_info.o)
                0x00000000100082a4                __cxxabiv1::__class_type_info::__do_find_public_src(int, void const*, __cxxabiv1::__class_type_info const*, void const*) const
 .text._ZN10__cxxabiv117__class_type_infoD2Ev
                0x00000000100082b8       0x18 /usr/lib/gcc/arm-none-eabi/10.3.1/../../../arm-none-eabi/lib/thumb/v6-m/nofp/libstdc++.a(class_type_info.o)
                0x00000000100082b8                __cxxabiv1::__class_type_info::~__class_type_info()
                0x00000000100082b8                __cxxabiv1::__class_type_info::~__class_type_info()
 .text._ZN10__cxxabiv117__class_type_infoD0Ev
                0x00000000100082d0       0x20 /usr/lib/gcc/arm-none-eabi/10.3.1/../../../arm-none-eabi/lib/thumb/v6-m/nofp/libstdc++.a(class_type_info.o)
                0x00000000100082d0                __cxxabiv1::__class_type_info::~__class_type_info()
 .text._ZNK10__cxxabiv117__class_type_info12__do_dyncastEiNS0_10__sub_kindEPKS0_PKvS3_S5_RNS0_16__dyncast_resultE
                0x00000000100082f0       0x40 /usr/lib/gcc/arm-none-eabi/10.3.1/../../../arm-none-eabi/lib/thumb/v6-m/nofp/libstdc++.a(class_type_info.o)
                0x00000000100082f0                __cxxabiv1::__class_type_info::__do_dyncast(int, __cxxabiv1::__class_type_info::__sub_kind, __cxxabiv1::__class_type_info const*, void const*, __cxxabiv1::__class_type_info const*, void const*, __cxxabiv1::__class_type_info::__dyncast_result&) const
 .text._ZNK10__cxxabiv117__class_type_info11__do_upcastEPKS0_PKvRNS0_15__upcast_resultE
                0x0000000010008330       0x1c /usr/lib/gcc/arm-none-eabi/10.3.1/../../../arm-none-eabi/lib/thumb/v6-m/nofp/libstdc++.a(class_type_info.o)
                0x0000000010008330                __cxxabiv1::__class_type_info::__do_upcast(__cxxabiv1::__class_type_info const*, void const*, __cxxabiv1::__class_type_info::__upcast_result&) const
 .text._ZNK10__cxxabiv117__class_type_info10__do_catchEPKSt9type_infoPPvj
                0x000000001000834c       0x24 /usr/lib/gcc/arm-none-eabi/10.3.1/../../../arm-none-eabi/lib/thumb/v6-m/nofp/libstdc++.a(class_type_info.o)
                0x000000001000834c                __cxxabiv1::__class_type_info::__do_catch(std::type_info const*, void**, unsigned int) const
 .text._ZN12_GLOBAL__N_14pool4freeEPv.constprop.0
                0x0000000010008370       0x78 /usr/lib/gcc/arm-none-eabi/10.3.1/../../../arm-none-eabi/lib/thumb/v6-m/nofp/libstdc++.a(eh_alloc.o)
 .text._ZN12_GLOBAL__N_14pool8allocateEj.constprop.0
                0x00000000100083e8       0x54 /usr/lib/gcc/arm-none-eabi/10.3.1/../../../arm-none-eabi/lib/thumb/v6-m/nofp/libstdc++.a(eh_alloc.o)
 .text.__cxa_allocate_exception
                0x000000001000843c       0x2c /usr/lib/gcc/arm-none-eabi/10.3.1/../../../arm-none-eabi/lib/thumb/v6-m/nofp/libstdc++.a(eh_alloc.o)
                0x000000001000843c                __cxa_allocate_exception
 .text.__cxa_free_exception
                0x0000000010008468       0x24 /usr/lib/gcc/arm-none-eabi/10.3.1/../../../arm-none-eabi/lib/thumb/v6-m/nofp/libstdc++.a(eh_alloc.o)
                0x0000000010008468                __cxa_free_exception
 .text.startup._GLOBAL__sub_I__ZN9__gnu_cxx9__freeresEv
                0x000000001000848c       0x2c /usr/lib/gcc/arm-none-eabi/10.3.1/../../../arm-none-eabi/lib/thumb/v6-m/nofp/libstdc++.a(eh_alloc.o)
 .text._ZN10__cxxabiv1L24__is_gxx_exception_classEPc
                0x00000000100084b8       0x3c /usr/lib/gcc/arm-none-eabi/10.3.1/../../../arm-none-eabi/lib/thumb/v6-m/nofp/libstdc++.a(eh_call.o)
 .text.__cxa_call_terminate
                0x00000000100084f4       0x20 /usr/lib/gcc/arm-none-eabi/10.3.1/../../../arm-none-eabi/lib/thumb/v6-m/nofp/libstdc++.a(eh_call.o)
                0x00000000100084f4                __cxa_call_terminate
 .text.unlikely.__cxa_call_unexpected
                0x0000000010008514      0x100 /usr/lib/gcc/arm-none-eabi/10.3.1/../../../arm-none-eabi/lib/thumb/v6-m/nofp/libstdc++.a(eh_call.o)
                0x0000000010008514                __cxa_call_unexpected
 .text._ZL23__gxx_exception_cleanup19_Unwind_Reason_CodeP21_Unwind_Control_Block
                0x0000000010008614       0x34 /usr/lib/gcc/arm-none-eabi/10.3.1/../../../arm-none-eabi/lib/thumb/v6-m/nofp/libstdc++.a(eh_throw.o)
 .text.__cxa_init_primary_exception
                0x0000000010008648       0x4c /usr/lib/gcc/arm-none-eabi/10.3.1/../../../arm-none-eabi/lib/thumb/v6-m/nofp/libstdc++.a(eh_throw.o)
                0x0000000010008648                __cxa_init_primary_exception
 .text.__cxa_throw
                0x0000000010008694       0x34 /usr/lib/gcc/arm-none-eabi/10.3.1/../../../arm-none-eabi/lib/thumb/v6-m/nofp/libstdc++.a(eh_throw.o)
                0x0000000010008694                __cxa_throw
 .text.__cxa_rethrow
                0x00000000100086c8       0x70 /usr/lib/gcc/arm-none-eabi/10.3.1/../../../arm-none-eabi/lib/thumb/v6-m/nofp/libstdc++.a(eh_throw.o)
                0x00000000100086c8                __cxa_rethrow
 .text._ZNKSt11logic_error4whatEv
                0x0000000010008738        0x4 /usr/lib/gcc/arm-none-eabi/10.3.1/../../../arm-none-eabi/lib/thumb/v6-m/nofp/libstdc++.a(stdexcept.o)
                0x0000000010008738                std::runtime_error::what() const
                0x0000000010008738                std::logic_error::what() const
 .text._ZNSt11logic_errorD2Ev
                0x000000001000873c       0x40 /usr/lib/gcc/arm-none-eabi/10.3.1/../../../arm-none-eabi/lib/thumb/v6-m/nofp/libstdc++.a(stdexcept.o)
                0x000000001000873c                std::logic_error::~logic_error()
                0x000000001000873c                std::logic_error::~logic_error()
 .text._ZNSt12length_errorD2Ev
                0x000000001000877c       0x40 /usr/lib/gcc/arm-none-eabi/10.3.1/../../../arm-none-eabi/lib/thumb/v6-m/nofp/libstdc++.a(stdexcept.o)
                0x000000001000877c                std::length_error::~length_error()
                0x000000001000877c                std::length_error::~length_error()
 .text._ZNSt11logic_errorD0Ev
                0x00000000100087bc       0x48 /usr/lib/gcc/arm-none-eabi/10.3.1/../../../arm-none-eabi/lib/thumb/v6-m/nofp/libstdc++.a(stdexcept.o)
                0x00000000100087bc                std::logic_error::~logic_error()
 .text._ZNSt12length_errorD0Ev
                0x0000000010008804       0x48 /usr/lib/gcc/arm-none-eabi/10.3.1/../../../arm-none-eabi/lib/thumb/v6-m/nofp/libstdc++.a(stdexcept.o)
                0x0000000010008804                std::length_error::~length_error()
 .text._ZNSt11logic_errorC2EPKc
                0x000000001000884c       0x88 /usr/lib/gcc/arm-none-eabi/10.3.1/../../../arm-none-eabi/lib/thumb/v6-m/nofp/libstdc++.a(cow-stdexcept.o)
                0x000000001000884c                std::logic_error::logic_error(char const*)
                0x000000001000884c                std::logic_error::logic_error(char const*)
 .text._ZNSt12length_errorC2EPKc
                0x00000000100088d4       0x14 /usr/lib/gcc/arm-none-eabi/10.3.1/../../../arm-none-eabi/lib/thumb/v6-m/nofp/libstdc++.a(cow-stdexcept.o)
                0x00000000100088d4                std::length_error::length_error(char const*)
                0x00000000100088d4                std::length_error::length_error(char const*)
 .text._ZNSs4_Rep9_S_createEjjRKSaIcE
                0x00000000100088e8       0x78 /usr/lib/gcc/arm-none-eabi/10.3.1/../../../arm-none-eabi/lib/thumb/v6-m/nofp/libstdc++.a(cow-string-inst.o)
                0x00000000100088e8                std::string::_Rep::_S_create(unsigned int, unsigned int, std::allocator<char> const&)
 .text._ZNSs4_Rep10_M_destroyERKSaIcE
                0x0000000010008960        0x8 /usr/lib/gcc/arm-none-eabi/10.3.1/../../../arm-none-eabi/lib/thumb/v6-m/nofp/libstdc++.a(cow-string-inst.o)
                0x0000000010008960                std::string::_Rep::_M_destroy(std::allocator<char> const&)
 .text          0x0000000010008968       0x10 /usr/lib/gcc/arm-none-eabi/10.3.1/../../../arm-none-eabi/lib/thumb/v6-m/nofp/libc.a(lib_a-abort.o)
                0x0000000010008968                abort
 .text          0x0000000010008978       0x28 /usr/lib/gcc/arm-none-eabi/10.3.1/../../../arm-none-eabi/lib/thumb/v6-m/nofp/libc.a(lib_a-malloc.o)
                0x0000000010008978                malloc
                0x000000001000898c                free
 .text          0x00000000100089a0      0x574 /usr/lib/gcc/arm-none-eabi/10.3.1/../../../arm-none-eabi/lib/thumb/v6-m/nofp/libc.a(lib_a-mallocr.o)
                0x00000000100089a0                _malloc_r
 .text          0x0000000010008f14        0x8 /usr/lib/gcc/arm-none-eabi/10.3.1/../../../arm-none-eabi/lib/thumb/v6-m/nofp/libc.a(lib_a-mlock.o)
                0x0000000010008f14                __malloc_lock
                0x0000000010008f18                __malloc_unlock
 .text          0x0000000010008f1c       0x24 /usr/lib/gcc/arm-none-eabi/10.3.1/../../../arm-none-eabi/lib/thumb/v6-m/nofp/libc.a(lib_a-sbrkr.o)
                0x0000000010008f1c                _sbrk_r
 .text          0x0000000010008f40      0x2a0 /usr/lib/gcc/arm-none-eabi/10.3.1/../../../arm-none-eabi/lib/thumb/v6-m/nofp/libc.a(lib_a-signal.o)
                0x0000000010008f40                _init_signal_r
                0x0000000010008f74                _signal_r
                0x0000000010008fcc                _raise_r
                0x0000000010009028                __sigtramp_r
                0x0000000010009088                raise
                0x00000000100090e8                signal
                0x000000001000913c                _init_signal
                0x0000000010009178                __sigtramp
 .text          0x00000000100091e0       0x30 /usr/lib/gcc/arm-none-eabi/10.3.1/../../../arm-none-eabi/lib/thumb/v6-m/nofp/libc.a(lib_a-signalr.o)
                0x00000000100091e0                _kill_r
                0x0000000010009208                _getpid_r
 .text          0x0000000010009210       0x88 /usr/lib/gcc/arm-none-eabi/10.3.1/../../../arm-none-eabi/lib/thumb/v6-m/nofp/libc.a(lib_a-strcmp.o)
                0x0000000010009210                strcmp
 .text          0x0000000010009298       0x5c /usr/lib/gcc/arm-none-eabi/10.3.1/../../../arm-none-eabi/lib/thumb/v6-m/nofp/libc.a(lib_a-strlen-stub.o)
                0x0000000010009298                strlen
 .text          0x00000000100092f4      0x260 /usr/lib/gcc/arm-none-eabi/10.3.1/../../../arm-none-eabi/lib/thumb/v6-m/nofp/libc.a(lib_a-freer.o)
                0x00000000100092f4                _malloc_trim_r
                0x0000000010009390                _free_r
 *(.fini)
 .fini          0x0000000010009554        0x4 /usr/lib/gcc/arm-none-eabi/10.3.1/thumb/v6-m/nofp/crti.o
                0x0000000010009554                _fini
 .fini.__stub   0x0000000010009558      0x1f0 linker stubs
 *crtbegin.o(.ctors)
 *crtbegin?.o(.ctors)
 *(EXCLUDE_FILE(*crtend.o *crtend?.o) .ctors)
 *(SORT_BY_NAME(.ctors.*))
 *(.ctors)
 *crtbegin.o(.dtors)
 *crtbegin?.o(.dtors)
 *(EXCLUDE_FILE(*crtend.o *crtend?.o) .dtors)
 *(SORT_BY_NAME(.dtors.*))
 *(.dtors)
 *(.eh_frame*)
 .eh_frame      0x0000000010009748        0x0 /usr/lib/gcc/arm-none-eabi/10.3.1/thumb/v6-m/nofp/crtbegin.o
                0x0000000010009748                . = ALIGN (0x4)

.glue_7         0x0000000010009748        0x0
 .glue_7        0x0000000010009748        0x0 linker stubs

.glue_7t        0x0000000010009748        0x0
 .glue_7t       0x0000000010009748        0x0 linker stubs

.vfp11_veneer   0x0000000010009748        0x0
 .vfp11_veneer  0x0000000010009748        0x0 linker stubs

.v4_bx          0x0000000010009748        0x0
 .v4_bx         0x0000000010009748        0x0 linker stubs

.iplt           0x0000000010009748        0x0
 .iplt          0x0000000010009748        0x0 /usr/lib/gcc/arm-none-eabi/10.3.1/thumb/v6-m/nofp/crtbegin.o

.rodata         0x0000000010009748      0x8f4
 *(EXCLUDE_FILE(*libm.a: *libc.a:*lib_a-mem*.o *libgcc.a:) .rodata*)
 .rodata.main.str1.4
                0x0000000010009748       0x12 CMakeFiles/DeltaRho_Controller.dir/src/main.cpp.obj
 *fill*         0x000000001000975a        0x2 
 .rodata._ZN8DC_Motor4initEiiiif.str1.4
                0x000000001000975c        0x7 CMakeFiles/DeltaRho_Controller.dir/lib/DC_Motor.cpp.obj
 *fill*         0x0000000010009763        0x1 
 .rodata.spin_lock_claim_unused.str1.4
                0x0000000010009764       0x1b CMakeFiles/DeltaRho_Controller.dir/home/nikesh/Documents/pico/pico-sdk/src/rp2_common/hardware_sync/sync.c.obj
 *fill*         0x000000001000977f        0x1 
 .rodata.user_irq_claim_unused.str1.4
                0x0000000010009780       0x1b CMakeFiles/DeltaRho_Controller.dir/home/nikesh/Documents/pico/pico-sdk/src/rp2_common/hardware_irq/irq.c.obj
 *fill*         0x000000001000979b        0x5 
 .rodata.at_the_end_of_time
                0x00000000100097a0        0x8 CMakeFiles/DeltaRho_Controller.dir/home/nikesh/Documents/pico/pico-sdk/src/common/pico_time/time.c.obj
                0x00000000100097a0                at_the_end_of_time
 .rodata.hardware_alarm_claim.str1.4
                0x00000000100097a8       0x22 CMakeFiles/DeltaRho_Controller.dir/home/nikesh/Documents/pico/pico-sdk/src/rp2_common/hardware_timer/timer.c.obj
 *fill*         0x00000000100097ca        0x2 
 .rodata.panic.str1.4