Archive member included to satisfy reference by file (symbol)

/usr/lib/gcc/arm-none-eabi/10.3.1/thumb/v6-m/nofp/libgcc.a(_dvmd_tls.o)
                              CMakeFiles/DeltaRho_Controller.dir/home/nikesh/Documents/pico/pico-sdk/src/rp2_common/pico_divider/divider.S.obj (__aeabi_idiv0)
/usr/lib/gcc/arm-none-eabi/10.3.1/../../../arm-none-eabi/lib/thumb/v6-m/nofp/libg.a(lib_a-atexit.o)
                              /usr/lib/gcc/arm-none-eabi/10.3.1/../../../arm-none-eabi/lib/thumb/v6-m/nofp/crt0.o (atexit)
/usr/lib/gcc/arm-none-eabi/10.3.1/../../../arm-none-eabi/lib/thumb/v6-m/nofp/libg.a(lib_a-calloc.o)
                              CMakeFiles/DeltaRho_Controller.dir/home/nikesh/Documents/pico/pico-sdk/src/rp2_common/pico_malloc/pico_malloc.c.obj (calloc)
/usr/lib/gcc/arm-none-eabi/10.3.1/../../../arm-none-eabi/lib/thumb/v6-m/nofp/libg.a(lib_a-callocr.o)
                              /usr/lib/gcc/arm-none-eabi/10.3.1/../../../arm-none-eabi/lib/thumb/v6-m/nofp/libg.a(lib_a-calloc.o) (_calloc_r)
/usr/lib/gcc/arm-none-eabi/10.3.1/../../../arm-none-eabi/lib/thumb/v6-m/nofp/libg.a(lib_a-fini.o)
                              /usr/lib/gcc/arm-none-eabi/10.3.1/../../../arm-none-eabi/lib/thumb/v6-m/nofp/crt0.o (__libc_fini_array)
/usr/lib/gcc/arm-none-eabi/10.3.1/../../../arm-none-eabi/lib/thumb/v6-m/nofp/libg.a(lib_a-impure.o)
                              /usr/lib/gcc/arm-none-eabi/10.3.1/../../../arm-none-eabi/lib/thumb/v6-m/nofp/libg.a(lib_a-calloc.o) (_impure_ptr)
/usr/lib/gcc/arm-none-eabi/10.3.1/../../../arm-none-eabi/lib/thumb/v6-m/nofp/libg.a(lib_a-init.o)
                              /usr/lib/gcc/arm-none-eabi/10.3.1/../../../arm-none-eabi/lib/thumb/v6-m/nofp/crt0.o (__libc_init_array)
/usr/lib/gcc/arm-none-eabi/10.3.1/../../../arm-none-eabi/lib/thumb/v6-m/nofp/libg.a(lib_a-malloc.o)
                              CMakeFiles/DeltaRho_Controller.dir/home/nikesh/Documents/pico/pico-sdk/src/rp2_common/pico_malloc/pico_malloc.c.obj (malloc)
/usr/lib/gcc/arm-none-eabi/10.3.1/../../../arm-none-eabi/lib/thumb/v6-m/nofp/libg.a(lib_a-mallocr.o)
                              /usr/lib/gcc/arm-none-eabi/10.3.1/../../../arm-none-eabi/lib/thumb/v6-m/nofp/libg.a(lib_a-callocr.o) (_malloc_r)
/usr/lib/gcc/arm-none-eabi/10.3.1/../../../arm-none-eabi/lib/thumb/v6-m/nofp/libg.a(lib_a-memcmp.o)
                              CMakeFiles/DeltaRho_Controller.dir/home/nikesh/Documents/pico/pico-sdk/lib/cyw43-driver/src/cyw43_ll.c.obj (memcmp)
/usr/lib/gcc/arm-none-eabi/10.3.1/../../../arm-none-eabi/lib/thumb/v6-m/nofp/libg.a(lib_a-memmove.o)
                              CMakeFiles/DeltaRho_Controller.dir/home/nikesh/Documents/pico/pico-sdk/lib/cyw43-driver/src/cyw43_ll.c.obj (memmove)
/usr/lib/gcc/arm-none-eabi/10.3.1/../../../arm-none-eabi/lib/thumb/v6-m/nofp/libg.a(lib_a-mlock.o)
                              /usr/lib/gcc/arm-none-eabi/10.3.1/../../../arm-none-eabi/lib/thumb/v6-m/nofp/libg.a(lib_a-mallocr.o) (__malloc_lock)
/usr/lib/gcc/arm-none-eabi/10.3.1/../../../arm-none-eabi/lib/thumb/v6-m/nofp/libg.a(lib_a-realloc.o)
                              CMakeFiles/DeltaRho_Controller.dir/home/nikesh/Documents/pico/pico-sdk/src/rp2_common/pico_malloc/pico_malloc.c.obj (realloc)
/usr/lib/gcc/arm-none-eabi/10.3.1/../../../arm-none-eabi/lib/thumb/v6-m/nofp/libg.a(lib_a-reallocr.o)
                              /usr/lib/gcc/arm-none-eabi/10.3.1/../../../arm-none-eabi/lib/thumb/v6-m/nofp/libg.a(lib_a-realloc.o) (_realloc_r)
/usr/lib/gcc/arm-none-eabi/10.3.1/../../../arm-none-eabi/lib/thumb/v6-m/nofp/libg.a(lib_a-sbrkr.o)
                              /usr/lib/gcc/arm-none-eabi/10.3.1/../../../arm-none-eabi/lib/thumb/v6-m/nofp/libg.a(lib_a-mallocr.o) (_sbrk_r)
/usr/lib/gcc/arm-none-eabi/10.3.1/../../../arm-none-eabi/lib/thumb/v6-m/nofp/libg.a(lib_a-strlen-stub.o)
                              CMakeFiles/DeltaRho_Controller.dir/home/nikesh/Documents/pico/pico-sdk/src/rp2_common/pico_stdio/stdio.c.obj (strlen)
/usr/lib/gcc/arm-none-eabi/10.3.1/../../../arm-none-eabi/lib/thumb/v6-m/nofp/libg.a(lib_a-strncmp.o)
                              CMakeFiles/DeltaRho_Controller.dir/home/nikesh/Documents/pico/pico-sdk/lib/cyw43-driver/src/cyw43_ll.c.obj (strncmp)
/usr/lib/gcc/arm-none-eabi/10.3.1/../../../arm-none-eabi/lib/thumb/v6-m/nofp/libg.a(lib_a-__atexit.o)
                              /usr/lib/gcc/arm-none-eabi/10.3.1/../../../arm-none-eabi/lib/thumb/v6-m/nofp/libg.a(lib_a-atexit.o) (__register_exitproc)
/usr/lib/gcc/arm-none-eabi/10.3.1/../../../arm-none-eabi/lib/thumb/v6-m/nofp/libg.a(lib_a-freer.o)
                              /usr/lib/gcc/arm-none-eabi/10.3.1/../../../arm-none-eabi/lib/thumb/v6-m/nofp/libg.a(lib_a-malloc.o) (_free_r)
/usr/lib/gcc/arm-none-eabi/10.3.1/../../../arm-none-eabi/lib/thumb/v6-m/nofp/libg.a(lib_a-reent.o)
                              /usr/lib/gcc/arm-none-eabi/10.3.1/../../../arm-none-eabi/lib/thumb/v6-m/nofp/libg.a(lib_a-sbrkr.o) (errno)

Discarded input sections

[...]
Memory Configuration

Name             Origin             Length             Attributes
FLASH            0x0000000010000000 0x0000000000200000 xr
RAM              0x0000000020000000 0x0000000000040000 xrw
SCRATCH_X        0x0000000020040000 0x0000000000001000 xrw
SCRATCH_Y        0x0000000020041000 0x0000000000001000 xrw
*default*        0x0000000000000000 0xffffffffffffffff

Linker script and memory map

LOAD /usr/lib/gcc/arm-none-eabi/10.3.1/thumb/v6-m/nofp/crti.o
LOAD /usr/lib/gcc/arm-none-eabi/10.3.1/thumb/v6-m/nofp/crtbegin.o
LOAD /usr/lib/gcc/arm-none-eabi/10.3.1/../../../arm-none-eabi/lib/thumb/v6-m/nofp/crt0.o

.flash_begin    0x0000000010000000        0x0
                0x0000000010000000                __flash_binary_start = .

.boot2          0x0000000010000000      0x100
                0x0000000010000000                __boot2_start__ = .
 *(.boot2)
 .boot2         0x0000000010000000      0x100 /tmp/ccNh7QCQ.o
                0x0000000010000100                __boot2_end__ = .
                0x0000000000000001                ASSERT (((__boot2_end__ - __boot2_start__) == 0x100), ERROR: Pico second stage bootloader must be 256 bytes in size)

.text           0x0000000010000100     0xa410
                0x0000000010000100                __logical_binary_start = .
 *(.vectors)
 .vectors       0x0000000010000100       0xd4 CMakeFiles/DeltaRho_Controller.dir/home/nikesh/Documents/pico/pico-sdk/src/rp2_common/pico_standard_link/crt0.S.obj
                0x0000000010000100                __vectors
                0x0000000010000100                __VECTOR_TABLE
                0x00000000100001c0                isr_invalid
                0x00000000100001c0                __default_isrs_start
                0x00000000100001c2                isr_nmi
                0x00000000100001c4                isr_hardfault
                0x00000000100001c6                isr_svcall
                0x00000000100001c8                isr_pendsv
                0x00000000100001ca                isr_systick
                0x00000000100001cc                isr_irq30
                0x00000000100001cc                __unhandled_user_irq
                0x00000000100001cc                isr_irq13
                0x00000000100001cc                isr_irq27
                0x00000000100001cc                isr_irq31
                0x00000000100001cc                isr_irq5
                0x00000000100001cc                isr_irq11
                0x00000000100001cc                isr_irq23
                0x00000000100001cc                isr_irq18
                0x00000000100001cc                isr_irq28
                0x00000000100001cc                isr_irq19
                0x00000000100001cc                isr_irq0
                0x00000000100001cc                isr_irq6
                0x00000000100001cc                isr_irq22
                0x00000000100001cc                isr_irq17
                0x00000000100001cc                isr_irq14
                0x00000000100001cc                isr_irq2
                0x00000000100001cc                isr_irq10
                0x00000000100001cc                isr_irq8
                0x00000000100001cc                isr_irq24
                0x00000000100001cc                isr_irq1
                0x00000000100001cc                isr_irq7
                0x00000000100001cc                isr_irq21
                0x00000000100001cc                isr_irq20
                0x00000000100001cc                isr_irq15
                0x00000000100001cc                isr_irq25
                0x00000000100001cc                isr_irq4
                0x00000000100001cc                isr_irq16
                0x00000000100001cc                isr_irq29
                0x00000000100001cc                isr_irq26
                0x00000000100001cc                __default_isrs_end
                0x00000000100001cc                isr_irq3
                0x00000000100001cc                isr_irq12
                0x00000000100001cc                isr_irq9
                0x00000000100001d2                unhandled_user_irq_num_in_r0
 *(.binary_info_header)
 .binary_info_header
                0x00000000100001d4       0x14 CMakeFiles/DeltaRho_Controller.dir/home/nikesh/Documents/pico/pico-sdk/src/rp2_common/pico_standard_link/crt0.S.obj
                0x00000000100001e8                __binary_info_header_end = .
 *(.reset)
 .reset         0x00000000100001e8       0xa0 CMakeFiles/DeltaRho_Controller.dir/home/nikesh/Documents/pico/pico-sdk/src/rp2_common/pico_standard_link/crt0.S.obj
                0x00000000100001e8                _entry_point
 .reset         0x0000000010000288       0x30 CMakeFiles/DeltaRho_Controller.dir/home/nikesh/Documents/pico/pico-sdk/src/rp2_common/pico_standard_link/binary_info.c.obj
 *(.init)
 .init          0x00000000100002b8        0x4 /usr/lib/gcc/arm-none-eabi/10.3.1/thumb/v6-m/nofp/crti.o
                0x00000000100002b8                _init
 *(EXCLUDE_FILE(*libm.a: *libc.a:*lib_a-mem*.o *libgcc.a:) .text*)
 .text          0x00000000100002bc       0x98 /usr/lib/gcc/arm-none-eabi/10.3.1/thumb/v6-m/nofp/crtbegin.o
 .text.main     0x0000000010000354       0x3c CMakeFiles/DeltaRho_Controller.dir/src/main.c.obj
                0x0000000010000354                main
 .text._Z41__static_initialization_and_destruction_0ii
                0x0000000010000390       0x7c CMakeFiles/DeltaRho_Controller.dir/lib/Motor_Controller.cpp.obj
 .text._GLOBAL__sub_I_motorOne
                0x000000001000040c       0x10 CMakeFiles/DeltaRho_Controller.dir/lib/Motor_Controller.cpp.obj
 .text.gpio_set_function
                0x000000001000041c       0x30 CMakeFiles/DeltaRho_Controller.dir/home/nikesh/Documents/pico/pico-sdk/src/rp2_common/hardware_gpio/gpio.c.obj
                0x000000001000041c                gpio_set_function
 .text.gpio_set_pulls
                0x000000001000044c       0x34 CMakeFiles/DeltaRho_Controller.dir/home/nikesh/Documents/pico/pico-sdk/src/rp2_common/hardware_gpio/gpio.c.obj
                0x000000001000044c                gpio_set_pulls
 .text.gpio_set_input_hysteresis_enabled
                0x0000000010000480       0x30 CMakeFiles/DeltaRho_Controller.dir/home/nikesh/Documents/pico/pico-sdk/src/rp2_common/hardware_gpio/gpio.c.obj
                0x0000000010000480                gpio_set_input_hysteresis_enabled
 .text.gpio_add_raw_irq_handler_with_order_priority_masked
                0x00000000100004b0       0x40 CMakeFiles/DeltaRho_Controller.dir/home/nikesh/Documents/pico/pico-sdk/src/rp2_common/hardware_gpio/gpio.c.obj
                0x00000000100004b0                gpio_add_raw_irq_handler_with_order_priority_masked
 .text.gpio_remove_raw_irq_handler_masked
                0x00000000100004f0       0x48 CMakeFiles/DeltaRho_Controller.dir/home/nikesh/Documents/pico/pico-sdk/src/rp2_common/hardware_gpio/gpio.c.obj
                0x00000000100004f0                gpio_remove_raw_irq_handler_masked
 .text.gpio_acknowledge_irq
                0x0000000010000538       0x18 CMakeFiles/DeltaRho_Controller.dir/home/nikesh/Documents/pico/pico-sdk/src/rp2_common/hardware_gpio/gpio.c.obj
                0x0000000010000538                gpio_acknowledge_irq
 .text._gpio_set_irq_enabled
                0x0000000010000550       0x34 CMakeFiles/DeltaRho_Controller.dir/home/nikesh/Documents/pico/pico-sdk/src/rp2_common/hardware_gpio/gpio.c.obj
 .text.gpio_set_irq_enabled
                0x0000000010000584       0x20 CMakeFiles/DeltaRho_Controller.dir/home/nikesh/Documents/pico/pico-sdk/src/rp2_common/hardware_gpio/gpio.c.obj
                0x0000000010000584                gpio_set_irq_enabled
 .text.gpio_init
                0x00000000100005a4       0x16 CMakeFiles/DeltaRho_Controller.dir/home/nikesh/Documents/pico/pico-sdk/src/rp2_common/hardware_gpio/gpio.c.obj
                0x00000000100005a4                gpio_init
 *fill*         0x00000000100005ba        0x2 
 .text.running_on_fpga
                0x00000000100005bc       0x14 CMakeFiles/DeltaRho_Controller.dir/home/nikesh/Documents/pico/pico-sdk/src/rp2_common/pico_platform/platform.c.obj
                0x00000000100005bc                running_on_fpga
 .text.hw_claim_lock
                0x00000000100005d0       0x18 CMakeFiles/DeltaRho_Controller.dir/home/nikesh/Documents/pico/pico-sdk/src/rp2_common/hardware_claim/claim.c.obj
                0x00000000100005d0                hw_claim_lock
 .text.hw_claim_unlock
                0x00000000100005e8       0x14 CMakeFiles/DeltaRho_Controller.dir/home/nikesh/Documents/pico/pico-sdk/src/rp2_common/hardware_claim/claim.c.obj
                0x00000000100005e8                hw_claim_unlock
 .text.hw_claim_or_assert
                0x00000000100005fc       0x32 CMakeFiles/DeltaRho_Controller.dir/home/nikesh/Documents/pico/pico-sdk/src/rp2_common/hardware_claim/claim.c.obj
                0x00000000100005fc                hw_claim_or_assert
 .text.hw_claim_unused_from_range
                0x000000001000062e       0x50 CMakeFiles/DeltaRho_Controller.dir/home/nikesh/Documents/pico/pico-sdk/src/rp2_common/hardware_claim/claim.c.obj
                0x000000001000062e                hw_claim_unused_from_range
 *fill*         0x000000001000067e        0x2 
 .text.hw_claim_clear
                0x0000000010000680       0x40 CMakeFiles/DeltaRho_Controller.dir/home/nikesh/Documents/pico/pico-sdk/src/rp2_common/hardware_claim/claim.c.obj
                0x0000000010000680                hw_claim_clear
 .text.spin_locks_reset
                0x00000000100006c0       0x20 CMakeFiles/DeltaRho_Controller.dir/home/nikesh/Documents/pico/pico-sdk/src/rp2_common/hardware_sync/sync.c.obj
                0x00000000100006c0                spin_locks_reset
 .text.next_striped_spin_lock_num
                0x00000000100006e0       0x1c CMakeFiles/DeltaRho_Controller.dir/home/nikesh/Documents/pico/pico-sdk/src/rp2_common/hardware_sync/sync.c.obj
                0x00000000100006e0                next_striped_spin_lock_num
 .text.spin_lock_claim_unused
                0x00000000100006fc       0x20 CMakeFiles/DeltaRho_Controller.dir/home/nikesh/Documents/pico/pico-sdk/src/rp2_common/hardware_sync/sync.c.obj
                0x00000000100006fc                spin_lock_claim_unused
 .text.set_raw_irq_handler_and_unlock
                0x000000001000071c       0x28 CMakeFiles/DeltaRho_Controller.dir/home/nikesh/Documents/pico/pico-sdk/src/rp2_common/hardware_irq/irq.c.obj
 .text.get_user_irq_claim_index
                0x0000000010000744        0x6 CMakeFiles/DeltaRho_Controller.dir/home/nikesh/Documents/pico/pico-sdk/src/rp2_common/hardware_irq/irq.c.obj
 *fill*         0x000000001000074a        0x2 
 .text.make_branch
                0x000000001000074c       0x48 CMakeFiles/DeltaRho_Controller.dir/home/nikesh/Documents/pico/pico-sdk/src/rp2_common/hardware_irq/irq.c.obj
 .text.insert_branch_and_link
                0x0000000010000794       0x40 CMakeFiles/DeltaRho_Controller.dir/home/nikesh/Documents/pico/pico-sdk/src/rp2_common/hardware_irq/irq.c.obj
 .text.irq_is_enabled
                0x00000000100007d4       0x18 CMakeFiles/DeltaRho_Controller.dir/home/nikesh/Documents/pico/pico-sdk/src/rp2_common/hardware_irq/irq.c.obj
                0x00000000100007d4                irq_is_enabled
 .text.irq_set_mask_enabled
                0x00000000100007ec       0x20 CMakeFiles/DeltaRho_Controller.dir/home/nikesh/Documents/pico/pico-sdk/src/rp2_common/hardware_irq/irq.c.obj
                0x00000000100007ec                irq_set_mask_enabled
 .text.irq_set_enabled
                0x000000001000080c        0xe CMakeFiles/DeltaRho_Controller.dir/home/nikesh/Documents/pico/pico-sdk/src/rp2_common/hardware_irq/irq.c.obj
                0x000000001000080c                irq_set_enabled
 *fill*         0x000000001000081a        0x2 
 .text.irq_set_pending
                0x000000001000081c       0x10 CMakeFiles/DeltaRho_Controller.dir/home/nikesh/Documents/pico/pico-sdk/src/rp2_common/hardware_irq/irq.c.obj
                0x000000001000081c                irq_set_pending
 .text.irq_get_vtable_handler
                0x000000001000082c       0x10 CMakeFiles/DeltaRho_Controller.dir/home/nikesh/Documents/pico/pico-sdk/src/rp2_common/hardware_irq/irq.c.obj
                0x000000001000082c                irq_get_vtable_handler
 .text.irq_has_shared_handler
                0x000000001000083c       0x24 CMakeFiles/DeltaRho_Controller.dir/home/nikesh/Documents/pico/pico-sdk/src/rp2_common/hardware_irq/irq.c.obj
                0x000000001000083c                irq_has_shared_handler
 .text.irq_set_exclusive_handler
                0x0000000010000860       0x54 CMakeFiles/DeltaRho_Controller.dir/home/nikesh/Documents/pico/pico-sdk/src/rp2_common/hardware_irq/irq.c.obj
                0x0000000010000860                irq_set_exclusive_handler
 .text.irq_add_shared_handler
                0x00000000100008b4      0x234 CMakeFiles/DeltaRho_Controller.dir/home/nikesh/Documents/pico/pico-sdk/src/rp2_common/hardware_irq/irq.c.obj
                0x00000000100008b4                irq_add_shared_handler
 .text.irq_remove_handler
                0x0000000010000ae8      0x1ac CMakeFiles/DeltaRho_Controller.dir/home/nikesh/Documents/pico/pico-sdk/src/rp2_common/hardware_irq/irq.c.obj
                0x0000000010000ae8                irq_remove_handler
 .text.irq_set_priority
                0x0000000010000c94       0x28 CMakeFiles/DeltaRho_Controller.dir/home/nikesh/Documents/pico/pico-sdk/src/rp2_common/hardware_irq/irq.c.obj
                0x0000000010000c94                irq_set_priority
 .text.irq_add_tail_to_free_list
                0x0000000010000cbc       0xf0 CMakeFiles/DeltaRho_Controller.dir/home/nikesh/Documents/pico/pico-sdk/src/rp2_common/hardware_irq/irq.c.obj
                0x0000000010000cbc                irq_add_tail_to_free_list
 .text.irq_init_priorities
                0x0000000010000dac       0x1c CMakeFiles/DeltaRho_Controller.dir/home/nikesh/Documents/pico/pico-sdk/src/rp2_common/hardware_irq/irq.c.obj
                0x0000000010000dac                irq_init_priorities
 .text.user_irq_unclaim
                0x0000000010000dc8       0x14 CMakeFiles/DeltaRho_Controller.dir/home/nikesh/Documents/pico/pico-sdk/src/rp2_common/hardware_irq/irq.c.obj
                0x0000000010000dc8                user_irq_unclaim
 .text.user_irq_claim_unused
                0x0000000010000ddc       0x28 CMakeFiles/DeltaRho_Controller.dir/home/nikesh/Documents/pico/pico-sdk/src/rp2_common/hardware_irq/irq.c.obj
                0x0000000010000ddc                user_irq_claim_unused
 .text.sem_init
                0x0000000010000e04       0x1e CMakeFiles/DeltaRho_Controller.dir/home/nikesh/Documents/pico/pico-sdk/src/common/pico_sync/sem.c.obj
                0x0000000010000e04                sem_init
 *fill*         0x0000000010000e22        0x2 
 .text.lock_init
                0x0000000010000e24       0x10 CMakeFiles/DeltaRho_Controller.dir/home/nikesh/Documents/pico/pico-sdk/src/common/pico_sync/lock_core.c.obj
                0x0000000010000e24                lock_init
 .text.mutex_init
                0x0000000010000e34       0x1a CMakeFiles/DeltaRho_Controller.dir/home/nikesh/Documents/pico/pico-sdk/src/common/pico_sync/mutex.c.obj
                0x0000000010000e34                mutex_init
 .text.recursive_mutex_init
                0x0000000010000e4e       0x1e CMakeFiles/DeltaRho_Controller.dir/home/nikesh/Documents/pico/pico-sdk/src/common/pico_sync/mutex.c.obj
                0x0000000010000e4e                recursive_mutex_init
 .text.critical_section_init_with_lock_num
                0x0000000010000e6c       0x14 CMakeFiles/DeltaRho_Controller.dir/home/nikesh/Documents/pico/pico-sdk/src/common/pico_sync/critical_section.c.obj
                0x0000000010000e6c                critical_section_init_with_lock_num
 .text.critical_section_init
                0x0000000010000e80       0x14 CMakeFiles/DeltaRho_Controller.dir/home/nikesh/Documents/pico/pico-sdk/src/common/pico_sync/critical_section.c.obj
                0x0000000010000e80                critical_section_init
 .text.alarm_pool_post_alloc_init
                0x0000000010000e94       0x40 CMakeFiles/DeltaRho_Controller.dir/home/nikesh/Documents/pico/pico-sdk/src/common/pico_time/time.c.obj
 .text.sleep_until_callback
                0x0000000010000ed4       0x30 CMakeFiles/DeltaRho_Controller.dir/home/nikesh/Documents/pico/pico-sdk/src/common/pico_time/time.c.obj
 .text.timer_pool_entry_comparator
                0x0000000010000f04       0x7c CMakeFiles/DeltaRho_Controller.dir/home/nikesh/Documents/pico/pico-sdk/src/common/pico_time/time.c.obj
                0x0000000010000f04                timer_pool_entry_comparator
 .text.ph_add_child_node
                0x0000000010000f80       0xa4 CMakeFiles/DeltaRho_Controller.dir/home/nikesh/Documents/pico/pico-sdk/src/common/pico_time/time.c.obj
 .text.ph_merge_nodes
                0x0000000010001024       0x3e CMakeFiles/DeltaRho_Controller.dir/home/nikesh/Documents/pico/pico-sdk/src/common/pico_time/time.c.obj
 *fill*         0x0000000010001062        0x2 
 .text.add_alarm_under_lock
                0x0000000010001064      0x174 CMakeFiles/DeltaRho_Controller.dir/home/nikesh/Documents/pico/pico-sdk/src/common/pico_time/time.c.obj
 .text.alarm_pool_alarm_callback
                0x00000000100011d8      0x33c CMakeFiles/DeltaRho_Controller.dir/home/nikesh/Documents/pico/pico-sdk/src/common/pico_time/time.c.obj
 .text.alarm_pool_init_default
                0x0000000010001514       0x40 CMakeFiles/DeltaRho_Controller.dir/home/nikesh/Documents/pico/pico-sdk/src/common/pico_time/time.c.obj
                0x0000000010001514                alarm_pool_init_default
 .text.alarm_pool_get_default
                0x0000000010001554       0x2c CMakeFiles/DeltaRho_Controller.dir/home/nikesh/Documents/pico/pico-sdk/src/common/pico_time/time.c.obj
                0x0000000010001554                alarm_pool_get_default
 .text.alarm_pool_add_alarm_at
                0x0000000010001580      0x168 CMakeFiles/DeltaRho_Controller.dir/home/nikesh/Documents/pico/pico-sdk/src/common/pico_time/time.c.obj
                0x0000000010001580                alarm_pool_add_alarm_at
 .text.alarm_pool_cancel_alarm
                0x00000000100016e8       0xf0 CMakeFiles/DeltaRho_Controller.dir/home/nikesh/Documents/pico/pico-sdk/src/common/pico_time/time.c.obj
                0x00000000100016e8                alarm_pool_cancel_alarm
 .text.alarm_pool_core_num
                0x00000000100017d8        0x4 CMakeFiles/DeltaRho_Controller.dir/home/nikesh/Documents/pico/pico-sdk/src/common/pico_time/time.c.obj
                0x00000000100017d8                alarm_pool_core_num
 .text.sleep_until
                0x00000000100017dc       0xfc CMakeFiles/DeltaRho_Controller.dir/home/nikesh/Documents/pico/pico-sdk/src/common/pico_time/time.c.obj
                0x00000000100017dc                sleep_until
 .text.sleep_us
                0x00000000100018d8       0x58 CMakeFiles/DeltaRho_Controller.dir/home/nikesh/Documents/pico/pico-sdk/src/common/pico_time/time.c.obj
                0x00000000100018d8                sleep_us
 .text.sleep_ms
                0x0000000010001930       0x14 CMakeFiles/DeltaRho_Controller.dir/home/nikesh/Documents/pico/pico-sdk/src/common/pico_time/time.c.obj
                0x0000000010001930                sleep_ms
 .text.best_effort_wfe_or_timeout
                0x0000000010001944       0xac CMakeFiles/DeltaRho_Controller.dir/home/nikesh/Documents/pico/pico-sdk/src/common/pico_time/time.c.obj
                0x0000000010001944                best_effort_wfe_or_timeout
 .text.hardware_alarm_irq_handler
                0x00000000100019f0       0x90 CMakeFiles/DeltaRho_Controller.dir/home/nikesh/Documents/pico/pico-sdk/src/rp2_common/hardware_timer/timer.c.obj
 .text.hardware_alarm_claim
                0x0000000010001a80       0x18 CMakeFiles/DeltaRho_Controller.dir/home/nikesh/Documents/pico/pico-sdk/src/rp2_common/hardware_timer/timer.c.obj
                0x0000000010001a80                hardware_alarm_claim
 .text.time_us_64
                0x0000000010001a98       0x18 CMakeFiles/DeltaRho_Controller.dir/home/nikesh/Documents/pico/pico-sdk/src/rp2_common/hardware_timer/timer.c.obj
                0x0000000010001a98                time_us_64
 .text.busy_wait_until
                0x0000000010001ab0       0x28 CMakeFiles/DeltaRho_Controller.dir/home/nikesh/Documents/pico/pico-sdk/src/rp2_common/hardware_timer/timer.c.obj
                0x0000000010001ab0                busy_wait_until
 .text.hardware_alarm_set_callback
                0x0000000010001ad8       0x90 CMakeFiles/DeltaRho_Controller.dir/home/nikesh/Documents/pico/pico-sdk/src/rp2_common/hardware_timer/timer.c.obj
                0x0000000010001ad8                hardware_alarm_set_callback
 .text.hardware_alarm_set_target
                0x0000000010001b68       0xe8 CMakeFiles/DeltaRho_Controller.dir/home/nikesh/Documents/pico/pico-sdk/src/rp2_common/hardware_timer/timer.c.obj
                0x0000000010001b68                hardware_alarm_set_target
 .text.hardware_alarm_cancel
                0x0000000010001c50       0x40 CMakeFiles/DeltaRho_Controller.dir/home/nikesh/Documents/pico/pico-sdk/src/rp2_common/hardware_timer/timer.c.obj
                0x0000000010001c50                hardware_alarm_cancel
 .text.ph_add_child_node
                0x0000000010001c90       0xa4 CMakeFiles/DeltaRho_Controller.dir/home/nikesh/Documents/pico/pico-sdk/src/common/pico_util/pheap.c.obj
 .text.ph_merge_nodes
                0x0000000010001d34       0x3e CMakeFiles/DeltaRho_Controller.dir/home/nikesh/Documents/pico/pico-sdk/src/common/pico_util/pheap.c.obj
 *fill*         0x0000000010001d72        0x2 
 .text.ph_clear
                0x0000000010001d74       0x70 CMakeFiles/DeltaRho_Controller.dir/home/nikesh/Documents/pico/pico-sdk/src/common/pico_util/pheap.c.obj
                0x0000000010001d74                ph_clear
 .text.ph_post_alloc_init
                0x0000000010001de4        0xe CMakeFiles/DeltaRho_Controller.dir/home/nikesh/Documents/pico/pico-sdk/src/common/pico_util/pheap.c.obj
                0x0000000010001de4                ph_post_alloc_init
 *fill*         0x0000000010001df2        0x2 
 .text.ph_merge_two_pass
                0x0000000010001df4       0xa8 CMakeFiles/DeltaRho_Controller.dir/home/nikesh/Documents/pico/pico-sdk/src/common/pico_util/pheap.c.obj
                0x0000000010001df4                ph_merge_two_pass
 .text.ph_remove_any_head
                0x0000000010001e9c      0x128 CMakeFiles/DeltaRho_Controller.dir/home/nikesh/Documents/pico/pico-sdk/src/common/pico_util/pheap.c.obj
 .text.ph_remove_head
                0x0000000010001fc4       0x14 CMakeFiles/DeltaRho_Controller.dir/home/nikesh/Documents/pico/pico-sdk/src/common/pico_util/pheap.c.obj
                0x0000000010001fc4                ph_remove_head
 .text.ph_remove_and_free_node
                0x0000000010001fd8       0xf8 CMakeFiles/DeltaRho_Controller.dir/home/nikesh/Documents/pico/pico-sdk/src/common/pico_util/pheap.c.obj
                0x0000000010001fd8                ph_remove_and_free_node
 .text.uart_set_baudrate
                0x00000000100020d0       0x5c CMakeFiles/DeltaRho_Controller.dir/home/nikesh/Documents/pico/pico-sdk/src/rp2_common/hardware_uart/uart.c.obj
                0x00000000100020d0                uart_set_baudrate
 .text.uart_set_translate_crlf
                0x000000001000212c       0x28 CMakeFiles/DeltaRho_Controller.dir/home/nikesh/Documents/pico/pico-sdk/src/rp2_common/hardware_uart/uart.c.obj
                0x000000001000212c                uart_set_translate_crlf
 .text.uart_init
                0x0000000010002154       0x80 CMakeFiles/DeltaRho_Controller.dir/home/nikesh/Documents/pico/pico-sdk/src/rp2_common/hardware_uart/uart.c.obj
                0x0000000010002154                uart_init
 .text.clock_configure
                0x00000000100021d4      0x104 CMakeFiles/DeltaRho_Controller.dir/home/nikesh/Documents/pico/pico-sdk/src/rp2_common/hardware_clocks/clocks.c.obj
                0x00000000100021d4                clock_configure
 .text.clocks_init
                0x00000000100022d8      0x100 CMakeFiles/DeltaRho_Controller.dir/home/nikesh/Documents/pico/pico-sdk/src/rp2_common/hardware_clocks/clocks.c.obj
                0x00000000100022d8                clocks_init
 .text.clock_get_hz
                0x00000000100023d8        0xc CMakeFiles/DeltaRho_Controller.dir/home/nikesh/Documents/pico/pico-sdk/src/rp2_common/hardware_clocks/clocks.c.obj
                0x00000000100023d8                clock_get_hz
 .text.pll_init
                0x00000000100023e4      0x12c CMakeFiles/DeltaRho_Controller.dir/home/nikesh/Documents/pico/pico-sdk/src/rp2_common/hardware_pll/pll.c.obj
                0x00000000100023e4                pll_init
 .text.watchdog_start_tick
                0x0000000010002510       0x10 CMakeFiles/DeltaRho_Controller.dir/home/nikesh/Documents/pico/pico-sdk/src/rp2_common/hardware_watchdog/watchdog.c.obj
                0x0000000010002510                watchdog_start_tick
 .text.watchdog_update
                0x0000000010002520       0x14 CMakeFiles/DeltaRho_Controller.dir/home/nikesh/Documents/pico/pico-sdk/src/rp2_common/hardware_watchdog/watchdog.c.obj
                0x0000000010002520                watchdog_update
 .text._watchdog_enable
                0x0000000010002534       0x78 CMakeFiles/DeltaRho_Controller.dir/home/nikesh/Documents/pico/pico-sdk/src/rp2_common/hardware_watchdog/watchdog.c.obj
                0x0000000010002534                _watchdog_enable
 .text.watchdog_reboot
                0x00000000100025ac       0x48 CMakeFiles/DeltaRho_Controller.dir/home/nikesh/Documents/pico/pico-sdk/src/rp2_common/hardware_watchdog/watchdog.c.obj
                0x00000000100025ac                watchdog_reboot
 .text.xosc_init
                0x00000000100025f4       0x28 CMakeFiles/DeltaRho_Controller.dir/home/nikesh/Documents/pico/pico-sdk/src/rp2_common/hardware_xosc/xosc.c.obj
                0x00000000100025f4                xosc_init
 .text._exit    0x000000001000261c        0x4 CMakeFiles/DeltaRho_Controller.dir/home/nikesh/Documents/pico/pico-sdk/src/rp2_common/pico_runtime/runtime.c.obj
                0x000000001000261c                _exit
 .text.exit     0x0000000010002620        0x6 CMakeFiles/DeltaRho_Controller.dir/home/nikesh/Documents/pico/pico-sdk/src/rp2_common/pico_runtime/runtime.c.obj
                0x0000000010002620                exit
 *fill*         0x0000000010002626        0x2 
 .text.__assert_func
                0x0000000010002628       0x3c CMakeFiles/DeltaRho_Controller.dir/home/nikesh/Documents/pico/pico-sdk/src/rp2_common/pico_runtime/runtime.c.obj
                0x0000000010002628                __assert_func
 .text.runtime_init
                0x0000000010002664       0xf8 CMakeFiles/DeltaRho_Controller.dir/home/nikesh/Documents/pico/pico-sdk/src/rp2_common/pico_runtime/runtime.c.obj
                0x0000000010002664                runtime_init
 .text.panic    0x000000001000275c       0x30 CMakeFiles/DeltaRho_Controller.dir/home/nikesh/Documents/pico/pico-sdk/src/rp2_common/pico_runtime/runtime.c.obj
                0x000000001000275c                panic
 .text.panic_unsupported
                0x000000001000278c        0xc CMakeFiles/DeltaRho_Controller.dir/home/nikesh/Documents/pico/pico-sdk/src/rp2_common/pico_runtime/runtime.c.obj
                0x000000001000278c                panic_unsupported
 .text._out_null
                0x0000000010002798        0x2 CMakeFiles/DeltaRho_Controller.dir/home/nikesh/Documents/pico/pico-sdk/src/rp2_common/pico_printf/printf.c.obj
 .text._out_fct
                0x000000001000279a        0xe CMakeFiles/DeltaRho_Controller.dir/home/nikesh/Documents/pico/pico-sdk/src/rp2_common/pico_printf/printf.c.obj
 .text._atoi    0x00000000100027a8       0x24 CMakeFiles/DeltaRho_Controller.dir/home/nikesh/Documents/pico/pico-sdk/src/rp2_common/pico_printf/printf.c.obj
 .text._out_rev
                0x00000000100027cc       0xae CMakeFiles/DeltaRho_Controller.dir/home/nikesh/Documents/pico/pico-sdk/src/rp2_common/pico_printf/printf.c.obj
 .text._ntoa_format
                0x000000001000287a      0x112 CMakeFiles/DeltaRho_Controller.dir/home/nikesh/Documents/pico/pico-sdk/src/rp2_common/pico_printf/printf.c.obj
 .text._ntoa_long
                0x000000001000298c       0xbc CMakeFiles/DeltaRho_Controller.dir/home/nikesh/Documents/pico/pico-sdk/src/rp2_common/pico_printf/printf.c.obj
 .text._ntoa_long_long
                0x0000000010002a48       0xe2 CMakeFiles/DeltaRho_Controller.dir/home/nikesh/Documents/pico/pico-sdk/src/rp2_common/pico_printf/printf.c.obj
 *fill*         0x0000000010002b2a        0x2 
 .text._etoa    0x0000000010002b2c      0x414 CMakeFiles/DeltaRho_Controller.dir/home/nikesh/Documents/pico/pico-sdk/src/rp2_common/pico_printf/printf.c.obj
 .text._ftoa    0x0000000010002f40      0x354 CMakeFiles/DeltaRho_Controller.dir/home/nikesh/Documents/pico/pico-sdk/src/rp2_common/pico_printf/printf.c.obj
 .text._vsnprintf
                0x0000000010003294      0x624 CMakeFiles/DeltaRho_Controller.dir/home/nikesh/Documents/pico/pico-sdk/src/rp2_common/pico_printf/printf.c.obj
 .text.vfctprintf
                0x00000000100038b8       0x20 CMakeFiles/DeltaRho_Controller.dir/home/nikesh/Documents/pico/pico-sdk/src/rp2_common/pico_printf/printf.c.obj
                0x00000000100038b8                vfctprintf
 .text          0x00000000100038d8       0x10 CMakeFiles/DeltaRho_Controller.dir/home/nikesh/Documents/pico/pico-sdk/src/rp2_common/pico_bit_ops/bit_ops_aeabi.S.obj
 .text.ctzsi    0x00000000100038e8        0xc CMakeFiles/DeltaRho_Controller.dir/home/nikesh/Documents/pico/pico-sdk/src/rp2_common/pico_bit_ops/bit_ops_aeabi.S.obj
                0x00000000100038e8                __wrap___ctzsi2
 .text.rom_func_lookup
                0x00000000100038f4       0x10 CMakeFiles/DeltaRho_Controller.dir/home/nikesh/Documents/pico/pico-sdk/src/rp2_common/pico_bootrom/bootrom.c.obj
                0x00000000100038f4                rom_func_lookup
 .text.rom_data_lookup
                0x0000000010003904       0x10 CMakeFiles/DeltaRho_Controller.dir/home/nikesh/Documents/pico/pico-sdk/src/rp2_common/pico_bootrom/bootrom.c.obj
                0x0000000010003904                rom_data_lookup
 .text.rom_funcs_lookup
                0x0000000010003914       0x36 CMakeFiles/DeltaRho_Controller.dir/home/nikesh/Documents/pico/pico-sdk/src/rp2_common/pico_bootrom/bootrom.c.obj
                0x0000000010003914                rom_funcs_lookup
 *fill*         0x000000001000394a        0x2 
 .text.__wrap___aeabi_idiv
                0x000000001000394c       0x50 CMakeFiles/DeltaRho_Controller.dir/home/nikesh/Documents/pico/pico-sdk/src/rp2_common/pico_divider/divider.S.obj
                0x000000001000394c                __wrap___aeabi_idivmod
                0x000000001000394c                divmod_s32s32
                0x000000001000394c                div_s32s32
                0x000000001000394c                __wrap___aeabi_idiv
                0x0000000010003954                divmod_s32s32_unsafe
                0x0000000010003980                divmod_s32s32_savestate
 .text.__wrap___aeabi_uidiv
                0x000000001000399c       0x4c CMakeFiles/DeltaRho_Controller.dir/home/nikesh/Documents/pico/pico-sdk/src/rp2_common/pico_divider/divider.S.obj
                0x000000001000399c                __wrap___aeabi_uidiv
                0x000000001000399c                __wrap___aeabi_uidivmod
                0x000000001000399c                div_u32u32
                0x000000001000399c                divmod_u32u32
                0x00000000100039a4                divmod_u32u32_unsafe
                0x00000000100039cc                divmod_u32u32_savestate
 .text.__wrap___aeabi_ldiv
                0x00000000100039e8      0x424 CMakeFiles/DeltaRho_Controller.dir/home/nikesh/Documents/pico/pico-sdk/src/rp2_common/pico_divider/divider.S.obj
                0x00000000100039e8                div_s64s64
                0x00000000100039e8                divmod_s64s64
                0x00000000100039e8                __wrap___aeabi_ldivmod
                0x0000000010003a18                div_u64u64
                0x0000000010003a18                divmod_u64u64
                0x0000000010003a18                __wrap___aeabi_uldivmod
                0x0000000010003a28                divmod_u64u64_savestate
                0x0000000010003a48                divmod_s64s64_unsafe
                0x0000000010003ad0                divmod_u64u64_unsafe
 .text.__wrap___aeabi_darithmetic
                0x0000000010003e0c       0x60 CMakeFiles/DeltaRho_Controller.dir/home/nikesh/Documents/pico/pico-sdk/src/rp2_common/pico_double/double_aeabi.S.obj
                0x0000000010003e0c                __wrap___aeabi_drsub
                0x0000000010003e12                __wrap___aeabi_dsub
                0x0000000010003e1c                __wrap___aeabi_dadd
                0x0000000010003e26                __wrap___aeabi_ddiv
                0x0000000010003e5a                __wrap___aeabi_dmul
 .text.__wrap___aeabi_cdcmple
                0x0000000010003e6c       0x6c CMakeFiles/DeltaRho_Controller.dir/home/nikesh/Documents/pico/pico-sdk/src/rp2_common/pico_double/double_aeabi.S.obj
                0x0000000010003e6c                __wrap___aeabi_cdrcmple
                0x0000000010003e7c                __wrap___aeabi_cdcmple
                0x0000000010003e7c                __wrap___aeabi_cdcmpeq
 .text.__wrap___aeabi_dcmplt
                0x0000000010003ed8        0xc CMakeFiles/DeltaRho_Controller.dir/home/nikesh/Documents/pico/pico-sdk/src/rp2_common/pico_double/double_aeabi.S.obj
                0x0000000010003ed8                __wrap___aeabi_dcmplt
 .text.__wrap___aeabi_dcmple
                0x0000000010003ee4       0x10 CMakeFiles/DeltaRho_Controller.dir/home/nikesh/Documents/pico/pico-sdk/src/rp2_common/pico_double/double_aeabi.S.obj
                0x0000000010003ee4                __wrap___aeabi_dcmple
 .text.__wrap___aeabi_dcmpge
                0x0000000010003ef4       0x10 CMakeFiles/DeltaRho_Controller.dir/home/nikesh/Documents/pico/pico-sdk/src/rp2_common/pico_double/double_aeabi.S.obj
                0x0000000010003ef4                __wrap___aeabi_dcmpge
 .text.__wrap___aeabi_dcmpgt
                0x0000000010003f04        0xa CMakeFiles/DeltaRho_Controller.dir/home/nikesh/Documents/pico/pico-sdk/src/rp2_common/pico_double/double_aeabi.S.obj
                0x0000000010003f04                __wrap___aeabi_dcmpgt
 .text.__wrap___aeabi_dcmpun
                0x0000000010003f0e       0x1c CMakeFiles/DeltaRho_Controller.dir/home/nikesh/Documents/pico/pico-sdk/src/rp2_common/pico_double/double_aeabi.S.obj
                0x0000000010003f0e                __wrap___aeabi_dcmpun
 *fill*         0x0000000010003f2a        0x2 
 .text.__wrap___aeabi_i2d
                0x0000000010003f2c       0x38 CMakeFiles/DeltaRho_Controller.dir/home/nikesh/Documents/pico/pico-sdk/src/rp2_common/pico_double/double_aeabi.S.obj
                0x0000000010003f2c                __wrap___aeabi_ui2d
                0x0000000010003f34                __wrap___aeabi_i2d
 .text.__wrap___aeabi_d2iz
                0x0000000010003f64       0x48 CMakeFiles/DeltaRho_Controller.dir/home/nikesh/Documents/pico/pico-sdk/src/rp2_common/pico_double/double_aeabi.S.obj
                0x0000000010003f64                __wrap___aeabi_d2iz
                0x0000000010003f64                double2int_z
 .text.__wrap___aeabi_d2uiz
                0x0000000010003fac       0x10 CMakeFiles/DeltaRho_Controller.dir/home/nikesh/Documents/pico/pico-sdk/src/rp2_common/pico_double/double_aeabi.S.obj
                0x0000000010003fac                double2uint
                0x0000000010003fac                __wrap___aeabi_d2uiz
 .text.missing_double_func_shim
                0x0000000010003fbc        0xc CMakeFiles/DeltaRho_Controller.dir/home/nikesh/Documents/pico/pico-sdk/src/rp2_common/pico_double/double_init_rom.c.obj
 .text.__aeabi_double_init
                0x0000000010003fc8       0xcc CMakeFiles/DeltaRho_Controller.dir/home/nikesh/Documents/pico/pico-sdk/src/rp2_common/pico_double/double_init_rom.c.obj
                0x0000000010003fc8                __aeabi_double_init
 .text.double_table_shim_on_use_helper
                0x0000000010004094       0x34 CMakeFiles/DeltaRho_Controller.dir/home/nikesh/Documents/pico/pico-sdk/src/rp2_common/pico_double/double_v1_rom_shim.S.obj
                0x0000000010004094                double_table_shim_on_use_helper
 .text.__aeabi_lmul
                0x00000000100040c8       0x32 CMakeFiles/DeltaRho_Controller.dir/home/nikesh/Documents/pico/pico-sdk/src/rp2_common/pico_int64_ops/pico_int64_ops_aeabi.S.obj
                0x00000000100040c8                __wrap___aeabi_lmul
 *fill*         0x00000000100040fa        0x2 
 .text.missing_float_func_shim
                0x00000000100040fc        0xc CMakeFiles/DeltaRho_Controller.dir/home/nikesh/Documents/pico/pico-sdk/src/rp2_common/pico_float/float_init_rom.c.obj
 .text.__aeabi_float_init
                0x0000000010004108       0x88 CMakeFiles/DeltaRho_Controller.dir/home/nikesh/Documents/pico/pico-sdk/src/rp2_common/pico_float/float_init_rom.c.obj
                0x0000000010004108                __aeabi_float_init
 .text          0x0000000010004190       0x10 CMakeFiles/DeltaRho_Controller.dir/home/nikesh/Documents/pico/pico-sdk/src/rp2_common/pico_mem_ops/mem_ops_aeabi.S.obj
                0x0000000010004190                __aeabi_mem_init
 .text.memset   0x00000000100041a0        0xc CMakeFiles/DeltaRho_Controller.dir/home/nikesh/Documents/pico/pico-sdk/src/rp2_common/pico_mem_ops/mem_ops_aeabi.S.obj
                0x00000000100041a0                __wrap_memset
 .text.memcpy   0x00000000100041ac        0xc CMakeFiles/DeltaRho_Controller.dir/home/nikesh/Documents/pico/pico-sdk/src/rp2_common/pico_mem_ops/mem_ops_aeabi.S.obj
                0x00000000100041ac                __wrap___aeabi_memcpy
                0x00000000100041ac                __wrap_memcpy
 .text.stdio_out_chars_no_crlf
                0x00000000100041b8        0xe CMakeFiles/DeltaRho_Controller.dir/home/nikesh/Documents/pico/pico-sdk/src/rp2_common/pico_stdio/stdio.c.obj
 *fill*         0x00000000100041c6        0x2 
 .text.stdio_out_chars_crlf
                0x00000000100041c8       0x80 CMakeFiles/DeltaRho_Controller.dir/home/nikesh/Documents/pico/pico-sdk/src/rp2_common/pico_stdio/stdio.c.obj
 .text.stdio_stack_buffer_flush
                0x0000000010004248       0x44 CMakeFiles/DeltaRho_Controller.dir/home/nikesh/Documents/pico/pico-sdk/src/rp2_common/pico_stdio/stdio.c.obj
 .text.stdio_buffered_printer
                0x000000001000428c       0x20 CMakeFiles/DeltaRho_Controller.dir/home/nikesh/Documents/pico/pico-sdk/src/rp2_common/pico_stdio/stdio.c.obj
 .text.stdout_serialize_begin
                0x00000000100042ac       0x5c CMakeFiles/DeltaRho_Controller.dir/home/nikesh/Documents/pico/pico-sdk/src/rp2_common/pico_stdio/stdio.c.obj
                0x00000000100042ac                stdout_serialize_begin
 .text.stdout_serialize_end
                0x0000000010004308       0x10 CMakeFiles/DeltaRho_Controller.dir/home/nikesh/Documents/pico/pico-sdk/src/rp2_common/pico_stdio/stdio.c.obj
                0x0000000010004308                stdout_serialize_end
 .text.stdio_put_string
                0x0000000010004318       0x98 CMakeFiles/DeltaRho_Controller.dir/home/nikesh/Documents/pico/pico-sdk/src/rp2_common/pico_stdio/stdio.c.obj
 .text.stdio_set_driver_enabled
                0x00000000100043b0       0x2c CMakeFiles/DeltaRho_Controller.dir/home/nikesh/Documents/pico/pico-sdk/src/rp2_common/pico_stdio/stdio.c.obj
                0x00000000100043b0                stdio_set_driver_enabled
 .text.stdio_flush
                0x00000000100043dc       0x20 CMakeFiles/DeltaRho_Controller.dir/home/nikesh/Documents/pico/pico-sdk/src/rp2_common/pico_stdio/stdio.c.obj
                0x00000000100043dc                stdio_flush
 .text.__wrap_puts
                0x00000000100043fc       0x1e CMakeFiles/DeltaRho_Controller.dir/home/nikesh/Documents/pico/pico-sdk/src/rp2_common/pico_stdio/stdio.c.obj
                0x00000000100043fc                __wrap_puts
 *fill*         0x000000001000441a        0x2 
 .text.__wrap_vprintf
                0x000000001000441c       0x40 CMakeFiles/DeltaRho_Controller.dir/home/nikesh/Documents/pico/pico-sdk/src/rp2_common/pico_stdio/stdio.c.obj
                0x000000001000441c                __wrap_vprintf
 .text.__wrap_printf
                0x000000001000445c       0x18 CMakeFiles/DeltaRho_Controller.dir/home/nikesh/Documents/pico/pico-sdk/src/rp2_common/pico_stdio/stdio.c.obj
                0x000000001000445c                __wrap_printf
 .text.stdio_init_all
                0x0000000010004474        0xe CMakeFiles/DeltaRho_Controller.dir/home/nikesh/Documents/pico/pico-sdk/src/rp2_common/pico_stdio/stdio.c.obj
                0x0000000010004474                stdio_init_all
 *fill*         0x0000000010004482        0x2 
 .text.stdio_uart_out_chars
                0x0000000010004484       0x74 CMakeFiles/DeltaRho_Controller.dir/home/nikesh/Documents/pico/pico-sdk/src/rp2_common/pico_stdio_uart/stdio_uart.c.obj
 .text.stdio_uart_in_chars
                0x00000000100044f8       0x80 CMakeFiles/DeltaRho_Controller.dir/home/nikesh/Documents/pico/pico-sdk/src/rp2_common/pico_stdio_uart/stdio_uart.c.obj
                0x00000000100044f8                stdio_uart_in_chars
 .text.on_uart_rx
                0x0000000010004578       0x28 CMakeFiles/DeltaRho_Controller.dir/home/nikesh/Documents/pico/pico-sdk/src/rp2_common/pico_stdio_uart/stdio_uart.c.obj
 .text.stdio_uart_set_chars_available_callback
                0x00000000100045a0       0x8c CMakeFiles/DeltaRho_Controller.dir/home/nikesh/Documents/pico/pico-sdk/src/rp2_common/pico_stdio_uart/stdio_uart.c.obj
 .text.stdio_uart_init_full
                0x000000001000462c       0x44 CMakeFiles/DeltaRho_Controller.dir/home/nikesh/Documents/pico/pico-sdk/src/rp2_common/pico_stdio_uart/stdio_uart.c.obj
                0x000000001000462c                stdio_uart_init_full
 .text.stdio_uart_init
                0x0000000010004670       0x28 CMakeFiles/DeltaRho_Controller.dir/home/nikesh/Documents/pico/pico-sdk/src/rp2_common/pico_stdio_uart/stdio_uart.c.obj
                0x0000000010004670                stdio_uart_init
 .text.resetd_init
                0x0000000010004698        0x2 CMakeFiles/DeltaRho_Controller.dir/home/nikesh/Documents/pico/pico-sdk/src/rp2_common/pico_stdio_usb/reset_interface.c.obj
 *fill*         0x000000001000469a        0x2 
 .text.resetd_reset
                0x000000001000469c        0xc CMakeFiles/DeltaRho_Controller.dir/home/nikesh/Documents/pico/pico-sdk/src/rp2_common/pico_stdio_usb/reset_interface.c.obj
 .text.resetd_open
                0x00000000100046a8       0x34 CMakeFiles/DeltaRho_Controller.dir/home/nikesh/Documents/pico/pico-sdk/src/rp2_common/pico_stdio_usb/reset_interface.c.obj
 .text.resetd_xfer_cb
                0x00000000100046dc        0x4 CMakeFiles/DeltaRho_Controller.dir/home/nikesh/Documents/pico/pico-sdk/src/rp2_common/pico_stdio_usb/reset_interface.c.obj
 .text.reset_usb_boot
                0x00000000100046e0       0x18 CMakeFiles/DeltaRho_Controller.dir/home/nikesh/Documents/pico/pico-sdk/src/rp2_common/pico_stdio_usb/reset_interface.c.obj
 .text.resetd_control_xfer_cb
                0x00000000100046f8       0x5c CMakeFiles/DeltaRho_Controller.dir/home/nikesh/Documents/pico/pico-sdk/src/rp2_common/pico_stdio_usb/reset_interface.c.obj
 .text.usbd_app_driver_get_cb
                0x0000000010004754        0xc CMakeFiles/DeltaRho_Controller.dir/home/nikesh/Documents/pico/pico-sdk/src/rp2_common/pico_stdio_usb/reset_interface.c.obj
                0x0000000010004754                usbd_app_driver_get_cb
 .text.tud_cdc_line_coding_cb
                0x0000000010004760       0x28 CMakeFiles/DeltaRho_Controller.dir/home/nikesh/Documents/pico/pico-sdk/src/rp2_common/pico_stdio_usb/reset_interface.c.obj
                0x0000000010004760                tud_cdc_line_coding_cb
 .text.stdio_usb_set_chars_available_callback
                0x0000000010004788       0x14 CMakeFiles/DeltaRho_Controller.dir/home/nikesh/Documents/pico/pico-sdk/src/rp2_common/pico_stdio_usb/stdio_usb.c.obj
                0x0000000010004788                stdio_usb_set_chars_available_callback
 .text.usb_irq  0x000000001000479c       0x10 CMakeFiles/DeltaRho_Controller.dir/home/nikesh/Documents/pico/pico-sdk/src/rp2_common/pico_stdio_usb/stdio_usb.c.obj
 .text.timer_task
                0x00000000100047ac       0x58 CMakeFiles/DeltaRho_Controller.dir/home/nikesh/Documents/pico/pico-sdk/src/rp2_common/pico_stdio_usb/stdio_usb.c.obj
 .text.low_priority_worker_irq
                0x0000000010004804       0xd8 CMakeFiles/DeltaRho_Controller.dir/home/nikesh/Documents/pico/pico-sdk/src/rp2_common/pico_stdio_usb/stdio_usb.c.obj
 .text.tud_cdc_rx_cb
                0x00000000100048dc       0x20 CMakeFiles/DeltaRho_Controller.dir/home/nikesh/Documents/pico/pico-sdk/src/rp2_common/pico_stdio_usb/stdio_usb.c.obj
                0x00000000100048dc                tud_cdc_rx_cb
 .text.stdio_usb_init
                0x00000000100048fc      0x12c CMakeFiles/DeltaRho_Controller.dir/home/nikesh/Documents/pico/pico-sdk/src/rp2_common/pico_stdio_usb/stdio_usb.c.obj
                0x00000000100048fc                stdio_usb_init
 .text.stdio_usb_connected
                0x0000000010004a28        0xa CMakeFiles/DeltaRho_Controller.dir/home/nikesh/Documents/pico/pico-sdk/src/rp2_common/pico_stdio_usb/stdio_usb.c.obj
                0x0000000010004a28                stdio_usb_connected
 *fill*         0x0000000010004a32        0x2 
 .text.stdio_usb_in_chars
                0x0000000010004a34       0xc4 CMakeFiles/DeltaRho_Controller.dir/home/nikesh/Documents/pico/pico-sdk/src/rp2_common/pico_stdio_usb/stdio_usb.c.obj
                0x0000000010004a34                stdio_usb_in_chars
 .text.stdio_usb_out_chars
                0x0000000010004af8      0x114 CMakeFiles/DeltaRho_Controller.dir/home/nikesh/Documents/pico/pico-sdk/src/rp2_common/pico_stdio_usb/stdio_usb.c.obj
 .text.tud_descriptor_device_cb
                0x0000000010004c0c        0x8 CMakeFiles/DeltaRho_Controller.dir/home/nikesh/Documents/pico/pico-sdk/src/rp2_common/pico_stdio_usb/stdio_usb_descriptors.c.obj
                0x0000000010004c0c                tud_descriptor_device_cb
 .text.tud_descriptor_configuration_cb
                0x0000000010004c14        0x8 CMakeFiles/DeltaRho_Controller.dir/home/nikesh/Documents/pico/pico-sdk/src/rp2_common/pico_stdio_usb/stdio_usb_descriptors.c.obj
                0x0000000010004c14                tud_descriptor_configuration_cb
 .text.tud_descriptor_string_cb
                0x0000000010004c1c       0x6c CMakeFiles/DeltaRho_Controller.dir/home/nikesh/Documents/pico/pico-sdk/src/rp2_common/pico_stdio_usb/stdio_usb_descriptors.c.obj
                0x0000000010004c1c                tud_descriptor_string_cb
 .text._retrieve_unique_id_on_boot
                0x0000000010004c88       0x10 CMakeFiles/DeltaRho_Controller.dir/home/nikesh/Documents/pico/pico-sdk/src/rp2_common/pico_unique_id/unique_id.c.obj
 .text.pico_get_unique_board_id
                0x0000000010004c98       0x10 CMakeFiles/DeltaRho_Controller.dir/home/nikesh/Documents/pico/pico-sdk/src/rp2_common/pico_unique_id/unique_id.c.obj
                0x0000000010004c98                pico_get_unique_board_id
 .text.pico_get_unique_board_id_string
                0x0000000010004ca8       0x60 CMakeFiles/DeltaRho_Controller.dir/home/nikesh/Documents/pico/pico-sdk/src/rp2_common/pico_unique_id/unique_id.c.obj
                0x0000000010004ca8                pico_get_unique_board_id_string
 .text.flash_get_unique_id
                0x0000000010004d08       0x46 CMakeFiles/DeltaRho_Controller.dir/home/nikesh/Documents/pico/pico-sdk/src/rp2_common/hardware_flash/flash.c.obj
                0x0000000010004d08                flash_get_unique_id
 *fill*         0x0000000010004d4e        0x2 
 .text.hw_endpoint_get_by_addr
                0x0000000010004d50       0x18 CMakeFiles/DeltaRho_Controller.dir/home/nikesh/Documents/pico/pico-sdk/lib/tinyusb/src/portable/raspberrypi/rp2040/dcd_rp2040.c.obj
 .text._hw_endpoint_alloc
                0x0000000010004d68       0x70 CMakeFiles/DeltaRho_Controller.dir/home/nikesh/Documents/pico/pico-sdk/lib/tinyusb/src/portable/raspberrypi/rp2040/dcd_rp2040.c.obj
 .text.hw_endpoint_init
                0x0000000010004dd8       0x88 CMakeFiles/DeltaRho_Controller.dir/home/nikesh/Documents/pico/pico-sdk/lib/tinyusb/src/portable/raspberrypi/rp2040/dcd_rp2040.c.obj
 .text.hw_endpoint_xfer
                0x0000000010004e60       0x14 CMakeFiles/DeltaRho_Controller.dir/home/nikesh/Documents/pico/pico-sdk/lib/tinyusb/src/portable/raspberrypi/rp2040/dcd_rp2040.c.obj
 .text.dcd_int_enable
                0x0000000010004e74       0x2c CMakeFiles/DeltaRho_Controller.dir/home/nikesh/Documents/pico/pico-sdk/lib/tinyusb/src/portable/raspberrypi/rp2040/dcd_rp2040.c.obj
                0x0000000010004e74                dcd_int_enable
 .text.dcd_set_address
                0x0000000010004ea0       0x2c CMakeFiles/DeltaRho_Controller.dir/home/nikesh/Documents/pico/pico-sdk/lib/tinyusb/src/portable/raspberrypi/rp2040/dcd_rp2040.c.obj
                0x0000000010004ea0                dcd_set_address
 .text.dcd_connect
                0x0000000010004ecc       0x10 CMakeFiles/DeltaRho_Controller.dir/home/nikesh/Documents/pico/pico-sdk/lib/tinyusb/src/portable/raspberrypi/rp2040/dcd_rp2040.c.obj
                0x0000000010004ecc                dcd_connect
 .text.dcd_init
                0x0000000010004edc       0x80 CMakeFiles/DeltaRho_Controller.dir/home/nikesh/Documents/pico/pico-sdk/lib/tinyusb/src/portable/raspberrypi/rp2040/dcd_rp2040.c.obj
                0x0000000010004edc                dcd_init
 .text.dcd_edpt0_status_complete
                0x0000000010004f5c       0x1c CMakeFiles/DeltaRho_Controller.dir/home/nikesh/Documents/pico/pico-sdk/lib/tinyusb/src/portable/raspberrypi/rp2040/dcd_rp2040.c.obj
                0x0000000010004f5c                dcd_edpt0_status_complete
 .text.dcd_edpt_open
                0x0000000010004f78       0x40 CMakeFiles/DeltaRho_Controller.dir/home/nikesh/Documents/pico/pico-sdk/lib/tinyusb/src/portable/raspberrypi/rp2040/dcd_rp2040.c.obj
                0x0000000010004f78                dcd_edpt_open
 .text.dcd_edpt_close_all
                0x0000000010004fb8        0x8 CMakeFiles/DeltaRho_Controller.dir/home/nikesh/Documents/pico/pico-sdk/lib/tinyusb/src/portable/raspberrypi/rp2040/dcd_rp2040.c.obj
                0x0000000010004fb8                dcd_edpt_close_all
 .text.dcd_edpt_xfer
                0x0000000010004fc0       0x34 CMakeFiles/DeltaRho_Controller.dir/home/nikesh/Documents/pico/pico-sdk/lib/tinyusb/src/portable/raspberrypi/rp2040/dcd_rp2040.c.obj
                0x0000000010004fc0                dcd_edpt_xfer
 .text.dcd_edpt_stall
                0x0000000010004ff4       0x2c CMakeFiles/DeltaRho_Controller.dir/home/nikesh/Documents/pico/pico-sdk/lib/tinyusb/src/portable/raspberrypi/rp2040/dcd_rp2040.c.obj
                0x0000000010004ff4                dcd_edpt_stall
 .text.dcd_edpt_clear_stall
                0x0000000010005020       0x20 CMakeFiles/DeltaRho_Controller.dir/home/nikesh/Documents/pico/pico-sdk/lib/tinyusb/src/portable/raspberrypi/rp2040/dcd_rp2040.c.obj
                0x0000000010005020                dcd_edpt_clear_stall
 .text.rp2040_usb_init
                0x0000000010005040       0x4c CMakeFiles/DeltaRho_Controller.dir/home/nikesh/Documents/pico/pico-sdk/lib/tinyusb/src/portable/raspberrypi/rp2040/rp2040_usb.c.obj
                0x0000000010005040                rp2040_usb_init
 .text.hw_endpoint_xfer_start
                0x000000001000508c       0x50 CMakeFiles/DeltaRho_Controller.dir/home/nikesh/Documents/pico/pico-sdk/lib/tinyusb/src/portable/raspberrypi/rp2040/rp2040_usb.c.obj
                0x000000001000508c                hw_endpoint_xfer_start
 .text.configuration_reset
                0x00000000100050dc       0x84 CMakeFiles/DeltaRho_Controller.dir/home/nikesh/Documents/pico/pico-sdk/lib/tinyusb/src/device/usbd.c.obj
 .text.usbd_reset
                0x0000000010005160        0xc CMakeFiles/DeltaRho_Controller.dir/home/nikesh/Documents/pico/pico-sdk/lib/tinyusb/src/device/usbd.c.obj
 .text.invoke_class_control
                0x000000001000516c       0x1a CMakeFiles/DeltaRho_Controller.dir/home/nikesh/Documents/pico/pico-sdk/lib/tinyusb/src/device/usbd.c.obj
 *fill*         0x0000000010005186        0x2 
 .text.process_set_config
                0x0000000010005188      0x178 CMakeFiles/DeltaRho_Controller.dir/home/nikesh/Documents/pico/pico-sdk/lib/tinyusb/src/device/usbd.c.obj
 .text.process_get_descriptor
                0x0000000010005300       0xdc CMakeFiles/DeltaRho_Controller.dir/home/nikesh/Documents/pico/pico-sdk/lib/tinyusb/src/device/usbd.c.obj
 .text.tud_mounted
                0x00000000100053dc       0x10 CMakeFiles/DeltaRho_Controller.dir/home/nikesh/Documents/pico/pico-sdk/lib/tinyusb/src/device/usbd.c.obj
                0x00000000100053dc                tud_mounted
 .text.tud_suspended
                0x00000000100053ec       0x10 CMakeFiles/DeltaRho_Controller.dir/home/nikesh/Documents/pico/pico-sdk/lib/tinyusb/src/device/usbd.c.obj
                0x00000000100053ec                tud_suspended
 .text.tud_inited
                0x00000000100053fc       0x14 CMakeFiles/DeltaRho_Controller.dir/home/nikesh/Documents/pico/pico-sdk/lib/tinyusb/src/device/usbd.c.obj
                0x00000000100053fc                tud_inited
 .text.tud_init
                0x0000000010005410       0xcc CMakeFiles/DeltaRho_Controller.dir/home/nikesh/Documents/pico/pico-sdk/lib/tinyusb/src/device/usbd.c.obj
                0x0000000010005410                tud_init
 .text.usbd_defer_func
                0x00000000100054dc       0x2a CMakeFiles/DeltaRho_Controller.dir/home/nikesh/Documents/pico/pico-sdk/lib/tinyusb/src/device/usbd.c.obj
                0x00000000100054dc                usbd_defer_func
 *fill*         0x0000000010005506        0x2 
 .text.usbd_edpt_open
                0x0000000010005508       0x34 CMakeFiles/DeltaRho_Controller.dir/home/nikesh/Documents/pico/pico-sdk/lib/tinyusb/src/device/usbd.c.obj
                0x0000000010005508                usbd_edpt_open
 .text.usbd_open_edpt_pair
                0x000000001000553c       0x62 CMakeFiles/DeltaRho_Controller.dir/home/nikesh/Documents/pico/pico-sdk/lib/tinyusb/src/device/usbd.c.obj
                0x000000001000553c                usbd_open_edpt_pair
 *fill*         0x000000001000559e        0x2 
 .text.usbd_edpt_claim
                0x00000000100055a0       0x28 CMakeFiles/DeltaRho_Controller.dir/home/nikesh/Documents/pico/pico-sdk/lib/tinyusb/src/device/usbd.c.obj
                0x00000000100055a0                usbd_edpt_claim
 .text.usbd_edpt_release
                0x00000000100055c8       0x28 CMakeFiles/DeltaRho_Controller.dir/home/nikesh/Documents/pico/pico-sdk/lib/tinyusb/src/device/usbd.c.obj
                0x00000000100055c8                usbd_edpt_release
 .text.usbd_edpt_xfer
                0x00000000100055f0       0x78 CMakeFiles/DeltaRho_Controller.dir/home/nikesh/Documents/pico/pico-sdk/lib/tinyusb/src/device/usbd.c.obj
                0x00000000100055f0                usbd_edpt_xfer
 .text.usbd_edpt_stall
                0x0000000010005668       0x48 CMakeFiles/DeltaRho_Controller.dir/home/nikesh/Documents/pico/pico-sdk/lib/tinyusb/src/device/usbd.c.obj
                0x0000000010005668                usbd_edpt_stall
 .text.usbd_edpt_clear_stall
                0x00000000100056b0       0x48 CMakeFiles/DeltaRho_Controller.dir/home/nikesh/Documents/pico/pico-sdk/lib/tinyusb/src/device/usbd.c.obj
                0x00000000100056b0                usbd_edpt_clear_stall
 .text.usbd_edpt_stalled
                0x00000000100056f8       0x1c CMakeFiles/DeltaRho_Controller.dir/home/nikesh/Documents/pico/pico-sdk/lib/tinyusb/src/device/usbd.c.obj
                0x00000000100056f8                usbd_edpt_stalled
 .text.process_control_request
                0x0000000010005714      0x37c CMakeFiles/DeltaRho_Controller.dir/home/nikesh/Documents/pico/pico-sdk/lib/tinyusb/src/device/usbd.c.obj
 .text.tud_task_ext
                0x0000000010005a90      0x1b4 CMakeFiles/DeltaRho_Controller.dir/home/nikesh/Documents/pico/pico-sdk/lib/tinyusb/src/device/usbd.c.obj
                0x0000000010005a90                tud_task_ext
 .text._data_stage_xact
                0x0000000010005c44       0x58 CMakeFiles/DeltaRho_Controller.dir/home/nikesh/Documents/pico/pico-sdk/lib/tinyusb/src/device/usbd_control.c.obj
 .text.tud_control_status
                0x0000000010005c9c       0x38 CMakeFiles/DeltaRho_Controller.dir/home/nikesh/Documents/pico/pico-sdk/lib/tinyusb/src/device/usbd_control.c.obj
                0x0000000010005c9c                tud_control_status
 .text.tud_control_xfer
                0x0000000010005cd4       0x74 CMakeFiles/DeltaRho_Controller.dir/home/nikesh/Documents/pico/pico-sdk/lib/tinyusb/src/device/usbd_control.c.obj
                0x0000000010005cd4                tud_control_xfer
 .text.usbd_control_reset
                0x0000000010005d48       0x14 CMakeFiles/DeltaRho_Controller.dir/home/nikesh/Documents/pico/pico-sdk/lib/tinyusb/src/device/usbd_control.c.obj
                0x0000000010005d48                usbd_control_reset
 .text.usbd_control_set_complete_callback
                0x0000000010005d5c        0xc CMakeFiles/DeltaRho_Controller.dir/home/nikesh/Documents/pico/pico-sdk/lib/tinyusb/src/device/usbd_control.c.obj
                0x0000000010005d5c                usbd_control_set_complete_callback
 .text.usbd_control_set_request
                0x0000000010005d68       0x1c CMakeFiles/DeltaRho_Controller.dir/home/nikesh/Documents/pico/pico-sdk/lib/tinyusb/src/device/usbd_control.c.obj
                0x0000000010005d68                usbd_control_set_request
 .text.usbd_control_xfer_cb
                0x0000000010005d84       0xcc CMakeFiles/DeltaRho_Controller.dir/home/nikesh/Documents/pico/pico-sdk/lib/tinyusb/src/device/usbd_control.c.obj
                0x0000000010005d84                usbd_control_xfer_cb
 .text._prep_out_transaction
                0x0000000010005e50       0x4a CMakeFiles/DeltaRho_Controller.dir/home/nikesh/Documents/pico/pico-sdk/lib/tinyusb/src/class/cdc/cdc_device.c.obj
 *fill*         0x0000000010005e9a        0x2 
 .text.tud_cdc_n_connected
                0x0000000010005e9c       0x44 CMakeFiles/DeltaRho_Controller.dir/home/nikesh/Documents/pico/pico-sdk/lib/tinyusb/src/class/cdc/cdc_device.c.obj
                0x0000000010005e9c                tud_cdc_n_connected
 .text.tud_cdc_n_available
                0x0000000010005ee0       0x18 CMakeFiles/DeltaRho_Controller.dir/home/nikesh/Documents/pico/pico-sdk/lib/tinyusb/src/class/cdc/cdc_device.c.obj
                0x0000000010005ee0                tud_cdc_n_available
 .text.tud_cdc_n_read
                0x0000000010005ef8       0x28 CMakeFiles/DeltaRho_Controller.dir/home/nikesh/Documents/pico/pico-sdk/lib/tinyusb/src/class/cdc/cdc_device.c.obj
                0x0000000010005ef8                tud_cdc_n_read
 .text.tud_cdc_n_write_flush
                0x0000000010005f20       0xb8 CMakeFiles/DeltaRho_Controller.dir/home/nikesh/Documents/pico/pico-sdk/lib/tinyusb/src/class/cdc/cdc_device.c.obj
                0x0000000010005f20                tud_cdc_n_write_flush
 .text.tud_cdc_n_write
                0x0000000010005fd8       0x38 CMakeFiles/DeltaRho_Controller.dir/home/nikesh/Documents/pico/pico-sdk/lib/tinyusb/src/class/cdc/cdc_device.c.obj
                0x0000000010005fd8                tud_cdc_n_write
 .text.tud_cdc_n_write_available
                0x0000000010006010       0x1c CMakeFiles/DeltaRho_Controller.dir/home/nikesh/Documents/pico/pico-sdk/lib/tinyusb/src/class/cdc/cdc_device.c.obj
                0x0000000010006010                tud_cdc_n_write_available
 .text.cdcd_init
                0x000000001000602c       0xbc CMakeFiles/DeltaRho_Controller.dir/home/nikesh/Documents/pico/pico-sdk/lib/tinyusb/src/class/cdc/cdc_device.c.obj
                0x000000001000602c                cdcd_init
 .text.cdcd_reset
                0x00000000100060e8       0x44 CMakeFiles/DeltaRho_Controller.dir/home/nikesh/Documents/pico/pico-sdk/lib/tinyusb/src/class/cdc/cdc_device.c.obj
                0x00000000100060e8                cdcd_reset
 .text.cdcd_open
                0x000000001000612c       0xcc CMakeFiles/DeltaRho_Controller.dir/home/nikesh/Documents/pico/pico-sdk/lib/tinyusb/src/class/cdc/cdc_device.c.obj
                0x000000001000612c                cdcd_open
 .text.cdcd_control_xfer_cb
                0x00000000100061f8      0x134 CMakeFiles/DeltaRho_Controller.dir/home/nikesh/Documents/pico/pico-sdk/lib/tinyusb/src/class/cdc/cdc_device.c.obj
                0x00000000100061f8                cdcd_control_xfer_cb
 .text.cdcd_xfer_cb
                0x000000001000632c      0x130 CMakeFiles/DeltaRho_Controller.dir/home/nikesh/Documents/pico/pico-sdk/lib/tinyusb/src/class/cdc/cdc_device.c.obj
                0x000000001000632c                cdcd_xfer_cb
 .text.tusb_init
                0x000000001000645c        0xa CMakeFiles/DeltaRho_Controller.dir/home/nikesh/Documents/pico/pico-sdk/lib/tinyusb/src/tusb.c.obj
                0x000000001000645c                tusb_init
 .text.tusb_inited
                0x0000000010006466        0xe CMakeFiles/DeltaRho_Controller.dir/home/nikesh/Documents/pico/pico-sdk/lib/tinyusb/src/tusb.c.obj
                0x0000000010006466                tusb_inited
 .text.tu_edpt_claim
                0x0000000010006474       0x50 CMakeFiles/DeltaRho_Controller.dir/home/nikesh/Documents/pico/pico-sdk/lib/tinyusb/src/tusb.c.obj
                0x0000000010006474                tu_edpt_claim
 .text.tu_edpt_release
                0x00000000100064c4       0x3c CMakeFiles/DeltaRho_Controller.dir/home/nikesh/Documents/pico/pico-sdk/lib/tinyusb/src/tusb.c.obj
                0x00000000100064c4                tu_edpt_release
 .text.tu_edpt_validate
                0x0000000010006500       0x78 CMakeFiles/DeltaRho_Controller.dir/home/nikesh/Documents/pico/pico-sdk/lib/tinyusb/src/tusb.c.obj
                0x0000000010006500                tu_edpt_validate
 .text.tu_edpt_bind_driver
                0x0000000010006578       0x26 CMakeFiles/DeltaRho_Controller.dir/home/nikesh/Documents/pico/pico-sdk/lib/tinyusb/src/tusb.c.obj
                0x0000000010006578                tu_edpt_bind_driver
 .text.advance_index
                0x000000001000659e       0x1a CMakeFiles/DeltaRho_Controller.dir/home/nikesh/Documents/pico/pico-sdk/lib/tinyusb/src/common/tusb_fifo.c.obj
 .text._tu_fifo_peek
                0x00000000100065b8       0x56 CMakeFiles/DeltaRho_Controller.dir/home/nikesh/Documents/pico/pico-sdk/lib/tinyusb/src/common/tusb_fifo.c.obj
 .text._ff_pull_const_addr
                0x000000001000660e       0x4c CMakeFiles/DeltaRho_Controller.dir/home/nikesh/Documents/pico/pico-sdk/lib/tinyusb/src/common/tusb_fifo.c.obj
 .text._ff_pull_n
                0x000000001000665a      0x110 CMakeFiles/DeltaRho_Controller.dir/home/nikesh/Documents/pico/pico-sdk/lib/tinyusb/src/common/tusb_fifo.c.obj
 .text._tu_fifo_peek_n
                0x000000001000676a       0x6a CMakeFiles/DeltaRho_Controller.dir/home/nikesh/Documents/pico/pico-sdk/lib/tinyusb/src/common/tusb_fifo.c.obj
 .text._tu_fifo_read_n
                0x00000000100067d4       0x4e CMakeFiles/DeltaRho_Controller.dir/home/nikesh/Documents/pico/pico-sdk/lib/tinyusb/src/common/tusb_fifo.c.obj
 .text._ff_push_const_addr
                0x0000000010006822       0x40 CMakeFiles/DeltaRho_Controller.dir/home/nikesh/Documents/pico/pico-sdk/lib/tinyusb/src/common/tusb_fifo.c.obj
 .text._ff_push_n
                0x0000000010006862      0x10c CMakeFiles/DeltaRho_Controller.dir/home/nikesh/Documents/pico/pico-sdk/lib/tinyusb/src/common/tusb_fifo.c.obj
 .text._tu_fifo_write_n
                0x000000001000696e       0xf0 CMakeFiles/DeltaRho_Controller.dir/home/nikesh/Documents/pico/pico-sdk/lib/tinyusb/src/common/tusb_fifo.c.obj
 .text.tu_fifo_config
                0x0000000010006a5e       0x7c CMakeFiles/DeltaRho_Controller.dir/home/nikesh/Documents/pico/pico-sdk/lib/tinyusb/src/common/tusb_fifo.c.obj
                0x0000000010006a5e                tu_fifo_config
 .text.tu_fifo_count
                0x0000000010006ada       0x2a CMakeFiles/DeltaRho_Controller.dir/home/nikesh/Documents/pico/pico-sdk/lib/tinyusb/src/common/tusb_fifo.c.obj
                0x0000000010006ada                tu_fifo_count
 .text.tu_fifo_empty
                0x0000000010006b04       0x10 CMakeFiles/DeltaRho_Controller.dir/home/nikesh/Documents/pico/pico-sdk/lib/tinyusb/src/common/tusb_fifo.c.obj
                0x0000000010006b04                tu_fifo_empty
 .text.tu_fifo_full
                0x0000000010006b14       0x28 CMakeFiles/DeltaRho_Controller.dir/home/nikesh/Documents/pico/pico-sdk/lib/tinyusb/src/common/tusb_fifo.c.obj
                0x0000000010006b14                tu_fifo_full
 .text.tu_fifo_remaining
                0x0000000010006b3c       0x2c CMakeFiles/DeltaRho_Controller.dir/home/nikesh/Documents/pico/pico-sdk/lib/tinyusb/src/common/tusb_fifo.c.obj
                0x0000000010006b3c                tu_fifo_remaining
 .text.tu_fifo_read
                0x0000000010006b68       0x42 CMakeFiles/DeltaRho_Controller.dir/home/nikesh/Documents/pico/pico-sdk/lib/tinyusb/src/common/tusb_fifo.c.obj
                0x0000000010006b68                tu_fifo_read
 .text.tu_fifo_read_n
                0x0000000010006baa        0xa CMakeFiles/DeltaRho_Controller.dir/home/nikesh/Documents/pico/pico-sdk/lib/tinyusb/src/common/tusb_fifo.c.obj
                0x0000000010006baa                tu_fifo_read_n
 .text.tu_fifo_write
                0x0000000010006bb4       0x64 CMakeFiles/DeltaRho_Controller.dir/home/nikesh/Documents/pico/pico-sdk/lib/tinyusb/src/common/tusb_fifo.c.obj
                0x0000000010006bb4                tu_fifo_write
 .text.tu_fifo_write_n
                0x0000000010006c18        0xa CMakeFiles/DeltaRho_Controller.dir/home/nikesh/Documents/pico/pico-sdk/lib/tinyusb/src/common/tusb_fifo.c.obj
                0x0000000010006c18                tu_fifo_write_n
 .text.tu_fifo_clear
                0x0000000010006c22       0x3e CMakeFiles/DeltaRho_Controller.dir/home/nikesh/Documents/pico/pico-sdk/lib/tinyusb/src/common/tusb_fifo.c.obj
                0x0000000010006c22                tu_fifo_clear
 .text.tu_fifo_set_overwritable
                0x0000000010006c60       0x46 CMakeFiles/DeltaRho_Controller.dir/home/nikesh/Documents/pico/pico-sdk/lib/tinyusb/src/common/tusb_fifo.c.obj
                0x0000000010006c60                tu_fifo_set_overwritable
 *fill*         0x0000000010006ca6        0x2 
 .text.cyw43_arch_set_async_context
                0x0000000010006ca8        0xc CMakeFiles/DeltaRho_Controller.dir/home/nikesh/Documents/pico/pico-sdk/src/rp2_common/pico_cyw43_arch/cyw43_arch.c.obj
                0x0000000010006ca8                cyw43_arch_set_async_context
 .text.cyw43_arch_gpio_put
                0x0000000010006cb4       0x14 CMakeFiles/DeltaRho_Controller.dir/home/nikesh/Documents/pico/pico-sdk/src/rp2_common/pico_cyw43_arch/cyw43_arch.c.obj
                0x0000000010006cb4                cyw43_arch_gpio_put
 .text.cyw43_arch_async_context
                0x0000000010006cc8        0xc CMakeFiles/DeltaRho_Controller.dir/home/nikesh/Documents/pico/pico-sdk/src/rp2_common/pico_cyw43_arch/cyw43_arch.c.obj
                0x0000000010006cc8                cyw43_arch_async_context
 .text.cyw43_arch_init_default_async_context
                0x0000000010006cd4       0x20 CMakeFiles/DeltaRho_Controller.dir/home/nikesh/Documents/pico/pico-sdk/src/rp2_common/pico_cyw43_arch/cyw43_arch_threadsafe_background.c.obj
                0x0000000010006cd4                cyw43_arch_init_default_async_context
 .text.cyw43_arch_deinit
                0x0000000010006cf4       0x28 CMakeFiles/DeltaRho_Controller.dir/home/nikesh/Documents/pico/pico-sdk/src/rp2_common/pico_cyw43_arch/cyw43_arch_threadsafe_background.c.obj
                0x0000000010006cf4                cyw43_arch_deinit
 .text.cyw43_arch_init
                0x0000000010006d1c       0x36 CMakeFiles/DeltaRho_Controller.dir/home/nikesh/Documents/pico/pico-sdk/src/rp2_common/pico_cyw43_arch/cyw43_arch_threadsafe_background.c.obj
                0x0000000010006d1c                cyw43_arch_init
 .text.cs_set   0x0000000010006d52       0x1c CMakeFiles/DeltaRho_Controller.dir/home/nikesh/Documents/pico/pico-sdk/src/rp2_common/pico_cyw43_driver/cyw43_bus_pio_spi.c.obj
 .text.start_spi_comms
                0x0000000010006d6e       0x2a CMakeFiles/DeltaRho_Controller.dir/home/nikesh/Documents/pico/pico-sdk/src/rp2_common/pico_cyw43_driver/cyw43_bus_pio_spi.c.obj
 .text.ns_delay
                0x0000000010006d98       0x20 CMakeFiles/DeltaRho_Controller.dir/home/nikesh/Documents/pico/pico-sdk/src/rp2_common/pico_cyw43_driver/cyw43_bus_pio_spi.c.obj
 .text.stop_spi_comms
                0x0000000010006db8       0x10 CMakeFiles/DeltaRho_Controller.dir/home/nikesh/Documents/pico/pico-sdk/src/rp2_common/pico_cyw43_driver/cyw43_bus_pio_spi.c.obj
 .text.cyw43_spi_deinit
                0x0000000010006dc8       0x64 CMakeFiles/DeltaRho_Controller.dir/home/nikesh/Documents/pico/pico-sdk/src/rp2_common/pico_cyw43_driver/cyw43_bus_pio_spi.c.obj
                0x0000000010006dc8                cyw43_spi_deinit
 .text.cyw43_spi_init
                0x0000000010006e2c      0x284 CMakeFiles/DeltaRho_Controller.dir/home/nikesh/Documents/pico/pico-sdk/src/rp2_common/pico_cyw43_driver/cyw43_bus_pio_spi.c.obj
                0x0000000010006e2c                cyw43_spi_init
 .text.cyw43_spi_transfer
                0x00000000100070b0      0x6a4 CMakeFiles/DeltaRho_Controller.dir/home/nikesh/Documents/pico/pico-sdk/src/rp2_common/pico_cyw43_driver/cyw43_bus_pio_spi.c.obj
                0x00000000100070b0                cyw43_spi_transfer
 .text.cyw43_spi_gpio_setup
                0x0000000010007754       0x3a CMakeFiles/DeltaRho_Controller.dir/home/nikesh/Documents/pico/pico-sdk/src/rp2_common/pico_cyw43_driver/cyw43_bus_pio_spi.c.obj
                0x0000000010007754                cyw43_spi_gpio_setup
 .text.cyw43_spi_reset
                0x000000001000778e       0x28 CMakeFiles/DeltaRho_Controller.dir/home/nikesh/Documents/pico/pico-sdk/src/rp2_common/pico_cyw43_driver/cyw43_bus_pio_spi.c.obj
                0x000000001000778e                cyw43_spi_reset
 *fill*         0x00000000100077b6        0x2 
 .text.read_reg_u32_swap
                0x00000000100077b8       0x68 CMakeFiles/DeltaRho_Controller.dir/home/nikesh/Documents/pico/pico-sdk/src/rp2_common/pico_cyw43_driver/cyw43_bus_pio_spi.c.obj
                0x00000000100077b8                read_reg_u32_swap
 .text.cyw43_read_reg_u32
                0x0000000010007820       0x50 CMakeFiles/DeltaRho_Controller.dir/home/nikesh/Documents/pico/pico-sdk/src/rp2_common/pico_cyw43_driver/cyw43_bus_pio_spi.c.obj
                0x0000000010007820                cyw43_read_reg_u32
 .text.cyw43_read_reg_u16
                0x0000000010007870       0x50 CMakeFiles/DeltaRho_Controller.dir/home/nikesh/Documents/pico/pico-sdk/src/rp2_common/pico_cyw43_driver/cyw43_bus_pio_spi.c.obj
                0x0000000010007870                cyw43_read_reg_u16
 .text.cyw43_read_reg_u8
                0x00000000100078c0       0x50 CMakeFiles/DeltaRho_Controller.dir/home/nikesh/Documents/pico/pico-sdk/src/rp2_common/pico_cyw43_driver/cyw43_bus_pio_spi.c.obj
                0x00000000100078c0                cyw43_read_reg_u8
 .text.write_reg_u32_swap
                0x0000000010007910       0x34 CMakeFiles/DeltaRho_Controller.dir/home/nikesh/Documents/pico/pico-sdk/src/rp2_common/pico_cyw43_driver/cyw43_bus_pio_spi.c.obj
                0x0000000010007910                write_reg_u32_swap
 .text.cyw43_write_reg_u32
                0x0000000010007944       0x58 CMakeFiles/DeltaRho_Controller.dir/home/nikesh/Documents/pico/pico-sdk/src/rp2_common/pico_cyw43_driver/cyw43_bus_pio_spi.c.obj
                0x0000000010007944                cyw43_write_reg_u32
 .text.cyw43_write_reg_u16
                0x000000001000799c       0x58 CMakeFiles/DeltaRho_Controller.dir/home/nikesh/Documents/pico/pico-sdk/src/rp2_common/pico_cyw43_driver/cyw43_bus_pio_spi.c.obj
                0x000000001000799c                cyw43_write_reg_u16
 .text.cyw43_write_reg_u8
                0x00000000100079f4       0x58 CMakeFiles/DeltaRho_Controller.dir/home/nikesh/Documents/pico/pico-sdk/src/rp2_common/pico_cyw43_driver/cyw43_bus_pio_spi.c.obj
                0x00000000100079f4                cyw43_write_reg_u8
 .text.cyw43_read_bytes
                0x0000000010007a4c       0xfc CMakeFiles/DeltaRho_Controller.dir/home/nikesh/Documents/pico/pico-sdk/src/rp2_common/pico_cyw43_driver/cyw43_bus_pio_spi.c.obj
                0x0000000010007a4c                cyw43_read_bytes
 .text.cyw43_write_bytes
                0x0000000010007b48      0x134 CMakeFiles/DeltaRho_Controller.dir/home/nikesh/Documents/pico/pico-sdk/src/rp2_common/pico_cyw43_driver/cyw43_bus_pio_spi.c.obj
                0x0000000010007b48                cyw43_write_bytes
 .text.get_core_address
                0x0000000010007c7c       0x1c CMakeFiles/DeltaRho_Controller.dir/home/nikesh/Documents/pico/pico-sdk/lib/cyw43-driver/src/cyw43_ll.c.obj
 .text.sdpcm_process_rx_packet
                0x0000000010007c98      0x180 CMakeFiles/DeltaRho_Controller.dir/home/nikesh/Documents/pico/pico-sdk/lib/cyw43-driver/src/cyw43_ll.c.obj
 .text.cyw43_ll_wifi_parse_scan_result
                0x0000000010007e18       0x9c CMakeFiles/DeltaRho_Controller.dir/home/nikesh/Documents/pico/pico-sdk/lib/cyw43-driver/src/cyw43_ll.c.obj
 .text.cyw43_ll_parse_async_event
                0x0000000010007eb4       0x8e CMakeFiles/DeltaRho_Controller.dir/home/nikesh/Documents/pico/pico-sdk/lib/cyw43-driver/src/cyw43_ll.c.obj
 *fill*         0x0000000010007f42        0x2 
 .text.cyw43_read_reg
                0x0000000010007f44       0x48 CMakeFiles/DeltaRho_Controller.dir/home/nikesh/Documents/pico/pico-sdk/lib/cyw43-driver/src/cyw43_ll.c.obj
 .text.cyw43_kso_set
                0x0000000010007f8c       0x98 CMakeFiles/DeltaRho_Controller.dir/home/nikesh/Documents/pico/pico-sdk/lib/cyw43-driver/src/cyw43_ll.c.obj
 .text.cyw43_ll_bus_sleep_helper
                0x0000000010008024        0xe CMakeFiles/DeltaRho_Controller.dir/home/nikesh/Documents/pico/pico-sdk/lib/cyw43-driver/src/cyw43_ll.c.obj
 *fill*         0x0000000010008032        0x2 
 .text.cyw43_write_reg
                0x0000000010008034       0x4c CMakeFiles/DeltaRho_Controller.dir/home/nikesh/Documents/pico/pico-sdk/lib/cyw43-driver/src/cyw43_ll.c.obj
 .text.cyw43_set_backplane_window
                0x0000000010008080       0x74 CMakeFiles/DeltaRho_Controller.dir/home/nikesh/Documents/pico/pico-sdk/lib/cyw43-driver/src/cyw43_ll.c.obj
 .text.cyw43_read_backplane
                0x00000000100080f4       0x36 CMakeFiles/DeltaRho_Controller.dir/home/nikesh/Documents/pico/pico-sdk/lib/cyw43-driver/src/cyw43_ll.c.obj
 *fill*         0x000000001000812a        0x2 
 .text.disable_device_core
                0x000000001000812c       0x3c CMakeFiles/DeltaRho_Controller.dir/home/nikesh/Documents/pico/pico-sdk/lib/cyw43-driver/src/cyw43_ll.c.obj
 .text.device_core_is_up
                0x0000000010008168       0x4c CMakeFiles/DeltaRho_Controller.dir/home/nikesh/Documents/pico/pico-sdk/lib/cyw43-driver/src/cyw43_ll.c.obj
 .text.cyw43_write_backplane
                0x00000000100081b4       0x3a CMakeFiles/DeltaRho_Controller.dir/home/nikesh/Documents/pico/pico-sdk/lib/cyw43-driver/src/cyw43_ll.c.obj
 .text.reset_device_core
                0x00000000100081ee       0x74 CMakeFiles/DeltaRho_Controller.dir/home/nikesh/Documents/pico/pico-sdk/lib/cyw43-driver/src/cyw43_ll.c.obj
 *fill*         0x0000000010008262        0x2 
 .text.cyw43_download_resource
                0x0000000010008264      0x178 CMakeFiles/DeltaRho_Controller.dir/home/nikesh/Documents/pico/pico-sdk/lib/cyw43-driver/src/cyw43_ll.c.obj
 .text.cyw43_ll_init
                0x00000000100083dc       0x1e CMakeFiles/DeltaRho_Controller.dir/home/nikesh/Documents/pico/pico-sdk/lib/cyw43-driver/src/cyw43_ll.c.obj
                0x00000000100083dc                cyw43_ll_init
 .text.cyw43_ll_deinit
                0x00000000100083fa        0x8 CMakeFiles/DeltaRho_Controller.dir/home/nikesh/Documents/pico/pico-sdk/lib/cyw43-driver/src/cyw43_ll.c.obj
                0x00000000100083fa                cyw43_ll_deinit
 .text.cyw43_ll_bus_sleep
                0x0000000010008402       0x34 CMakeFiles/DeltaRho_Controller.dir/home/nikesh/Documents/pico/pico-sdk/lib/cyw43-driver/src/cyw43_ll.c.obj
                0x0000000010008402                cyw43_ll_bus_sleep
 *fill*         0x0000000010008436        0x2 
 .text.cyw43_ll_sdpcm_poll_device
                0x0000000010008438      0x158 CMakeFiles/DeltaRho_Controller.dir/home/nikesh/Documents/pico/pico-sdk/lib/cyw43-driver/src/cyw43_ll.c.obj
 .text.cyw43_ll_process_packets
                0x0000000010008590       0x58 CMakeFiles/DeltaRho_Controller.dir/home/nikesh/Documents/pico/pico-sdk/lib/cyw43-driver/src/cyw43_ll.c.obj
                0x0000000010008590                cyw43_ll_process_packets
 .text.cyw43_sdpcm_send_common
                0x00000000100085e8      0x168 CMakeFiles/DeltaRho_Controller.dir/home/nikesh/Documents/pico/pico-sdk/lib/cyw43-driver/src/cyw43_ll.c.obj
 .text.cyw43_send_ioctl
                0x0000000010008750       0x56 CMakeFiles/DeltaRho_Controller.dir/home/nikesh/Documents/pico/pico-sdk/lib/cyw43-driver/src/cyw43_ll.c.obj
 *fill*         0x00000000100087a6        0x2 
 .text.cyw43_do_ioctl
                0x00000000100087a8       0xc0 CMakeFiles/DeltaRho_Controller.dir/home/nikesh/Documents/pico/pico-sdk/lib/cyw43-driver/src/cyw43_ll.c.obj
 .text.cyw43_ll_ioctl
                0x0000000010008868       0x1e CMakeFiles/DeltaRho_Controller.dir/home/nikesh/Documents/pico/pico-sdk/lib/cyw43-driver/src/cyw43_ll.c.obj
                0x0000000010008868                cyw43_ll_ioctl
 *fill*         0x0000000010008886        0x2 
 .text.cyw43_clm_load
                0x0000000010008888       0xdc CMakeFiles/DeltaRho_Controller.dir/home/nikesh/Documents/pico/pico-sdk/lib/cyw43-driver/src/cyw43_ll.c.obj
 .text.cyw43_write_iovar_u32
                0x0000000010008964       0x60 CMakeFiles/DeltaRho_Controller.dir/home/nikesh/Documents/pico/pico-sdk/lib/cyw43-driver/src/cyw43_ll.c.obj
 .text.cyw43_write_iovar_n
                0x00000000100089c4       0x50 CMakeFiles/DeltaRho_Controller.dir/home/nikesh/Documents/pico/pico-sdk/lib/cyw43-driver/src/cyw43_ll.c.obj
 .text.cyw43_set_ioctl_u32
                0x0000000010008a14       0x30 CMakeFiles/DeltaRho_Controller.dir/home/nikesh/Documents/pico/pico-sdk/lib/cyw43-driver/src/cyw43_ll.c.obj
 .text.cyw43_write_iovar_u32_u32
                0x0000000010008a44       0x74 CMakeFiles/DeltaRho_Controller.dir/home/nikesh/Documents/pico/pico-sdk/lib/cyw43-driver/src/cyw43_ll.c.obj
 .text.cyw43_ll_wifi_get_mac
                0x0000000010008ab8       0x48 CMakeFiles/DeltaRho_Controller.dir/home/nikesh/Documents/pico/pico-sdk/lib/cyw43-driver/src/cyw43_ll.c.obj
                0x0000000010008ab8                cyw43_ll_wifi_get_mac
 .text.cyw43_ll_bus_init
                0x0000000010008b00      0x360 CMakeFiles/DeltaRho_Controller.dir/home/nikesh/Documents/pico/pico-sdk/lib/cyw43-driver/src/cyw43_ll.c.obj
                0x0000000010008b00                cyw43_ll_bus_init
 .text.cyw43_ll_wifi_set_wpa_auth
                0x0000000010008e60        0xe CMakeFiles/DeltaRho_Controller.dir/home/nikesh/Documents/pico/pico-sdk/lib/cyw43-driver/src/cyw43_ll.c.obj
                0x0000000010008e60                cyw43_ll_wifi_set_wpa_auth
 *fill*         0x0000000010008e6e        0x2 
 .text.cyw43_ll_wifi_rejoin
                0x0000000010008e70       0x20 CMakeFiles/DeltaRho_Controller.dir/home/nikesh/Documents/pico/pico-sdk/lib/cyw43-driver/src/cyw43_ll.c.obj
                0x0000000010008e70                cyw43_ll_wifi_rejoin
 .text.cyw43_ll_gpio_set
                0x0000000010008e90       0x30 CMakeFiles/DeltaRho_Controller.dir/home/nikesh/Documents/pico/pico-sdk/lib/cyw43-driver/src/cyw43_ll.c.obj
                0x0000000010008e90                cyw43_ll_gpio_set
 .text.cyw43_ll_has_work
                0x0000000010008ec0       0x12 CMakeFiles/DeltaRho_Controller.dir/home/nikesh/Documents/pico/pico-sdk/lib/cyw43-driver/src/cyw43_ll.c.obj
                0x0000000010008ec0                cyw43_ll_has_work
 *fill*         0x0000000010008ed2        0x2 
 .text.cyw43_poll_func
                0x0000000010008ed4       0xac CMakeFiles/DeltaRho_Controller.dir/home/nikesh/Documents/pico/pico-sdk/lib/cyw43-driver/src/cyw43_ctrl.c.obj
 .text.cyw43_dump_async_event
                0x0000000010008f80       0x8c CMakeFiles/DeltaRho_Controller.dir/home/nikesh/Documents/pico/pico-sdk/lib/cyw43-driver/src/cyw43_ctrl.c.obj
 .text.cyw43_ensure_up
                0x000000001000900c       0xec CMakeFiles/DeltaRho_Controller.dir/home/nikesh/Documents/pico/pico-sdk/lib/cyw43-driver/src/cyw43_ctrl.c.obj
 .text.cyw43_init
                0x00000000100090f8       0x90 CMakeFiles/DeltaRho_Controller.dir/home/nikesh/Documents/pico/pico-sdk/lib/cyw43-driver/src/cyw43_ctrl.c.obj
                0x00000000100090f8                cyw43_init
 .text.cyw43_deinit
                0x0000000010009188       0x3c CMakeFiles/DeltaRho_Controller.dir/home/nikesh/Documents/pico/pico-sdk/lib/cyw43-driver/src/cyw43_ctrl.c.obj
                0x0000000010009188                cyw43_deinit
 .text.cyw43_cb_read_host_interrupt_pin
                0x00000000100091c4        0xe CMakeFiles/DeltaRho_Controller.dir/home/nikesh/Documents/pico/pico-sdk/lib/cyw43-driver/src/cyw43_ctrl.c.obj
                0x00000000100091c4                cyw43_cb_read_host_interrupt_pin
 *fill*         0x00000000100091d2        0x2 
 .text.cyw43_cb_ensure_awake
                0x00000000100091d4        0xc CMakeFiles/DeltaRho_Controller.dir/home/nikesh/Documents/pico/pico-sdk/lib/cyw43-driver/src/cyw43_ctrl.c.obj
                0x00000000100091d4                cyw43_cb_ensure_awake
 .text.cyw43_cb_process_async_event
                0x00000000100091e0      0x1d0 CMakeFiles/DeltaRho_Controller.dir/home/nikesh/Documents/pico/pico-sdk/lib/cyw43-driver/src/cyw43_ctrl.c.obj
                0x00000000100091e0                cyw43_cb_process_async_event
 .text.cyw43_gpio_set
                0x00000000100093b0       0x30 CMakeFiles/DeltaRho_Controller.dir/home/nikesh/Documents/pico/pico-sdk/lib/cyw43-driver/src/cyw43_ctrl.c.obj
                0x00000000100093b0                cyw43_gpio_set
 .text._pio_can_add_program_at_offset
                0x00000000100093e0       0x3c CMakeFiles/DeltaRho_Controller.dir/home/nikesh/Documents/pico/pico-sdk/src/rp2_common/hardware_pio/pio.c.obj
 .text._pio_find_offset_for_program
                0x000000001000941c       0x7c CMakeFiles/DeltaRho_Controller.dir/home/nikesh/Documents/pico/pico-sdk/src/rp2_common/hardware_pio/pio.c.obj
 .text._pio_add_program_at_offset
                0x0000000010009498       0x78 CMakeFiles/DeltaRho_Controller.dir/home/nikesh/Documents/pico/pico-sdk/src/rp2_common/hardware_pio/pio.c.obj
 .text.pio_sm_unclaim
                0x0000000010009510       0x20 CMakeFiles/DeltaRho_Controller.dir/home/nikesh/Documents/pico/pico-sdk/src/rp2_common/hardware_pio/pio.c.obj
                0x0000000010009510                pio_sm_unclaim
 .text.pio_claim_unused_sm
                0x0000000010009530       0x3c CMakeFiles/DeltaRho_Controller.dir/home/nikesh/Documents/pico/pico-sdk/src/rp2_common/hardware_pio/pio.c.obj
                0x0000000010009530                pio_claim_unused_sm
 .text.pio_can_add_program
                0x000000001000956c       0x26 CMakeFiles/DeltaRho_Controller.dir/home/nikesh/Documents/pico/pico-sdk/src/rp2_common/hardware_pio/pio.c.obj
                0x000000001000956c                pio_can_add_program
 *fill*         0x0000000010009592        0x2 
 .text.pio_add_program
                0x0000000010009594       0x38 CMakeFiles/DeltaRho_Controller.dir/home/nikesh/Documents/pico/pico-sdk/src/rp2_common/hardware_pio/pio.c.obj
                0x0000000010009594                pio_add_program
 .text.pio_remove_program
                0x00000000100095cc       0x58 CMakeFiles/DeltaRho_Controller.dir/home/nikesh/Documents/pico/pico-sdk/src/rp2_common/hardware_pio/pio.c.obj
                0x00000000100095cc                pio_remove_program
 .text.pio_sm_set_pindirs_with_mask
                0x0000000010009624       0x9c CMakeFiles/DeltaRho_Controller.dir/home/nikesh/Documents/pico/pico-sdk/src/rp2_common/hardware_pio/pio.c.obj
                0x0000000010009624                pio_sm_set_pindirs_with_mask
 .text.pio_sm_set_consecutive_pindirs
                0x00000000100096c0       0xa4 CMakeFiles/DeltaRho_Controller.dir/home/nikesh/Documents/pico/pico-sdk/src/rp2_common/hardware_pio/pio.c.obj
                0x00000000100096c0                pio_sm_set_consecutive_pindirs
 .text.dma_channel_unclaim
                0x0000000010009764       0x10 CMakeFiles/DeltaRho_Controller.dir/home/nikesh/Documents/pico/pico-sdk/src/rp2_common/hardware_dma/dma.c.obj
                0x0000000010009764                dma_channel_unclaim
 .text.dma_claim_unused_channel
                0x0000000010009774       0x20 CMakeFiles/DeltaRho_Controller.dir/home/nikesh/Documents/pico/pico-sdk/src/rp2_common/hardware_dma/dma.c.obj
                0x0000000010009774                dma_claim_unused_channel
 .text.cyw43_sleep_timeout_reached
                0x0000000010009794       0x50 CMakeFiles/DeltaRho_Controller.dir/home/nikesh/Documents/pico/pico-sdk/src/rp2_common/pico_cyw43_driver/cyw43_driver.c.obj
 .text.cyw43_set_irq_enabled
                0x00000000100097e4        0xe CMakeFiles/DeltaRho_Controller.dir/home/nikesh/Documents/pico/pico-sdk/src/rp2_common/pico_cyw43_driver/cyw43_driver.c.obj
 *fill*         0x00000000100097f2        0x2 
 .text.cyw43_irq_init
                0x00000000100097f4       0x50 CMakeFiles/DeltaRho_Controller.dir/home/nikesh/Documents/pico/pico-sdk/src/rp2_common/pico_cyw43_driver/cyw43_driver.c.obj
                0x00000000100097f4                cyw43_irq_init
 .text.cyw43_gpio_irq_handler
                0x0000000010009844       0x40 CMakeFiles/DeltaRho_Controller.dir/home/nikesh/Documents/pico/pico-sdk/src/rp2_common/pico_cyw43_driver/cyw43_driver.c.obj
 .text.cyw43_irq_deinit
                0x0000000010009884       0x48 CMakeFiles/DeltaRho_Controller.dir/home/nikesh/Documents/pico/pico-sdk/src/rp2_common/pico_cyw43_driver/cyw43_driver.c.obj
                0x0000000010009884                cyw43_irq_deinit
 .text.no_lwip_fail
                0x00000000100098cc        0xc CMakeFiles/DeltaRho_Controller.dir/home/nikesh/Documents/pico/pico-sdk/src/rp2_common/pico_cyw43_driver/cyw43_driver.c.obj
 .text.cyw43_do_poll
                0x00000000100098d8       0xc8 CMakeFiles/DeltaRho_Controller.dir/home/nikesh/Documents/pico/pico-sdk/src/rp2_common/pico_cyw43_driver/cyw43_driver.c.obj
 .text.cyw43_post_poll_hook
                0x00000000100099a0       0x38 CMakeFiles/DeltaRho_Controller.dir/home/nikesh/Documents/pico/pico-sdk/src/rp2_common/pico_cyw43_driver/cyw43_driver.c.obj
                0x00000000100099a0                cyw43_post_poll_hook
 .text.cyw43_schedule_internal_poll_dispatch
                0x00000000100099d8       0x3c CMakeFiles/DeltaRho_Controller.dir/home/nikesh/Documents/pico/pico-sdk/src/rp2_common/pico_cyw43_driver/cyw43_driver.c.obj
                0x00000000100099d8                cyw43_schedule_internal_poll_dispatch
 .text.cyw43_driver_init
                0x0000000010009a14       0x38 CMakeFiles/DeltaRho_Controller.dir/home/nikesh/Documents/pico/pico-sdk/src/rp2_common/pico_cyw43_driver/cyw43_driver.c.obj
                0x0000000010009a14                cyw43_driver_init
 .text.cyw43_driver_deinit
                0x0000000010009a4c       0x64 CMakeFiles/DeltaRho_Controller.dir/home/nikesh/Documents/pico/pico-sdk/src/rp2_common/pico_cyw43_driver/cyw43_driver.c.obj
                0x0000000010009a4c                cyw43_driver_deinit
 .text.storage_read_blocks
                0x0000000010009ab0        0x6 CMakeFiles/DeltaRho_Controller.dir/home/nikesh/Documents/pico/pico-sdk/src/rp2_common/pico_cyw43_driver/cyw43_driver.c.obj
                0x0000000010009ab0                storage_read_blocks
 *fill*         0x0000000010009ab6        0x2 
 .text.cyw43_hal_generate_laa_mac
                0x0000000010009ab8       0x34 CMakeFiles/DeltaRho_Controller.dir/home/nikesh/Documents/pico/pico-sdk/src/rp2_common/pico_cyw43_driver/cyw43_driver.c.obj
                0x0000000010009ab8                cyw43_hal_generate_laa_mac
 .text.cyw43_thread_enter
                0x0000000010009aec       0x14 CMakeFiles/DeltaRho_Controller.dir/home/nikesh/Documents/pico/pico-sdk/src/rp2_common/pico_cyw43_driver/cyw43_driver.c.obj
                0x0000000010009aec                cyw43_thread_enter
 .text.cyw43_thread_exit
                0x0000000010009b00       0x14 CMakeFiles/DeltaRho_Controller.dir/home/nikesh/Documents/pico/pico-sdk/src/rp2_common/pico_cyw43_driver/cyw43_driver.c.obj
                0x0000000010009b00                cyw43_thread_exit
 .text.cyw43_thread_lock_check
                0x0000000010009b14       0x14 CMakeFiles/DeltaRho_Controller.dir/home/nikesh/Documents/pico/pico-sdk/src/rp2_common/pico_cyw43_driver/cyw43_driver.c.obj
                0x0000000010009b14                cyw43_thread_lock_check
 .text.cyw43_await_background_or_timeout_us
                0x0000000010009b28       0x60 CMakeFiles/DeltaRho_Controller.dir/home/nikesh/Documents/pico/pico-sdk/src/rp2_common/pico_cyw43_driver/cyw43_driver.c.obj
                0x0000000010009b28                cyw43_await_background_or_timeout_us
 .text.cyw43_delay_ms
                0x0000000010009b88       0x70 CMakeFiles/DeltaRho_Controller.dir/home/nikesh/Documents/pico/pico-sdk/src/rp2_common/pico_cyw43_driver/cyw43_driver.c.obj
                0x0000000010009b88                cyw43_delay_ms
 .text.cyw43_cb_tcpip_deinit
                0x0000000010009bf8        0x2 CMakeFiles/DeltaRho_Controller.dir/home/nikesh/Documents/pico/pico-sdk/src/rp2_common/pico_cyw43_driver/cyw43_driver.c.obj
                0x0000000010009bf8                cyw43_cb_tcpip_deinit
 .text.cyw43_cb_tcpip_set_link_up
                0x0000000010009bfa        0x6 CMakeFiles/DeltaRho_Controller.dir/home/nikesh/Documents/pico/pico-sdk/src/rp2_common/pico_cyw43_driver/cyw43_driver.c.obj
                0x0000000010009bfa                cyw43_cb_tcpip_set_link_up
 .text.cyw43_cb_tcpip_set_link_down
                0x0000000010009c00        0x6 CMakeFiles/DeltaRho_Controller.dir/home/nikesh/Documents/pico/pico-sdk/src/rp2_common/pico_cyw43_driver/cyw43_driver.c.obj
                0x0000000010009c00                cyw43_cb_tcpip_set_link_down
 .text.cyw43_cb_process_ethernet
                0x0000000010009c06        0x6 CMakeFiles/DeltaRho_Controller.dir/home/nikesh/Documents/pico/pico-sdk/src/rp2_common/pico_cyw43_driver/cyw43_driver.c.obj
                0x0000000010009c06                cyw43_cb_process_ethernet
 .text.async_context_threadsafe_background_acquire_lock_blocking
                0x0000000010009c0c        0xa CMakeFiles/DeltaRho_Controller.dir/home/nikesh/Documents/pico/pico-sdk/src/rp2_common/pico_async_context/async_context_threadsafe_background.c.obj
 .text.async_context_threadsafe_background_wake_up
                0x0000000010009c16       0x16 CMakeFiles/DeltaRho_Controller.dir/home/nikesh/Documents/pico/pico-sdk/src/rp2_common/pico_async_context/async_context_threadsafe_background.c.obj
 .text.alarm_handler
                0x0000000010009c2c       0x14 CMakeFiles/DeltaRho_Controller.dir/home/nikesh/Documents/pico/pico-sdk/src/rp2_common/pico_async_context/async_context_threadsafe_background.c.obj
 .text.async_context_threadsafe_background_set_work_pending
                0x0000000010009c40        0xc CMakeFiles/DeltaRho_Controller.dir/home/nikesh/Documents/pico/pico-sdk/src/rp2_common/pico_async_context/async_context_threadsafe_background.c.obj
 .text.async_context_threadsafe_background_lock_check
                0x0000000010009c4c       0x2c CMakeFiles/DeltaRho_Controller.dir/home/nikesh/Documents/pico/pico-sdk/src/rp2_common/pico_async_context/async_context_threadsafe_background.c.obj
 .text.process_under_lock
                0x0000000010009c78       0xfc CMakeFiles/DeltaRho_Controller.dir/home/nikesh/Documents/pico/pico-sdk/src/rp2_common/pico_async_context/async_context_threadsafe_background.c.obj
 .text.lock_release
                0x0000000010009d74       0x1e CMakeFiles/DeltaRho_Controller.dir/home/nikesh/Documents/pico/pico-sdk/src/rp2_common/pico_async_context/async_context_threadsafe_background.c.obj
 .text.async_context_threadsafe_background_execute_sync
                0x0000000010009d92       0x1e CMakeFiles/DeltaRho_Controller.dir/home/nikesh/Documents/pico/pico-sdk/src/rp2_common/pico_async_context/async_context_threadsafe_background.c.obj
                0x0000000010009d92                async_context_threadsafe_background_execute_sync
 .text.async_context_threadsafe_background_release_lock
                0x0000000010009db0        0x8 CMakeFiles/DeltaRho_Controller.dir/home/nikesh/Documents/pico/pico-sdk/src/rp2_common/pico_async_context/async_context_threadsafe_background.c.obj
 .text.low_prio_irq_deinit
                0x0000000010009db8       0x50 CMakeFiles/DeltaRho_Controller.dir/home/nikesh/Documents/pico/pico-sdk/src/rp2_common/pico_async_context/async_context_threadsafe_background.c.obj
 .text.async_context_threadsafe_background_deinit