Archive member included to satisfy reference by file (symbol)

/usr/lib/gcc/arm-none-eabi/10.3.1/thumb/v6-m/nofp/libgcc.a(_dvmd_tls.o)
                              CMakeFiles/DeltaRho_Controller.dir/home/nikesh/Documents/pico/pico-sdk/src/rp2_common/pico_divider/divider.S.obj (__aeabi_idiv0)
/usr/lib/gcc/arm-none-eabi/10.3.1/../../../arm-none-eabi/lib/thumb/v6-m/nofp/libg.a(lib_a-atexit.o)
                              /usr/lib/gcc/arm-none-eabi/10.3.1/../../../arm-none-eabi/lib/thumb/v6-m/nofp/crt0.o (atexit)
/usr/lib/gcc/arm-none-eabi/10.3.1/../../../arm-none-eabi/lib/thumb/v6-m/nofp/libg.a(lib_a-calloc.o)
                              CMakeFiles/DeltaRho_Controller.dir/home/nikesh/Documents/pico/pico-sdk/src/rp2_common/pico_malloc/pico_malloc.c.obj (calloc)
/usr/lib/gcc/arm-none-eabi/10.3.1/../../../arm-none-eabi/lib/thumb/v6-m/nofp/libg.a(lib_a-callocr.o)
                              /usr/lib/gcc/arm-none-eabi/10.3.1/../../../arm-none-eabi/lib/thumb/v6-m/nofp/libg.a(lib_a-calloc.o) (_calloc_r)
/usr/lib/gcc/arm-none-eabi/10.3.1/../../../arm-none-eabi/lib/thumb/v6-m/nofp/libg.a(lib_a-fini.o)
                              /usr/lib/gcc/arm-none-eabi/10.3.1/../../../arm-none-eabi/lib/thumb/v6-m/nofp/crt0.o (__libc_fini_array)
/usr/lib/gcc/arm-none-eabi/10.3.1/../../../arm-none-eabi/lib/thumb/v6-m/nofp/libg.a(lib_a-impure.o)
                              /usr/lib/gcc/arm-none-eabi/10.3.1/../../../arm-none-eabi/lib/thumb/v6-m/nofp/libg.a(lib_a-calloc.o) (_impure_ptr)
/usr/lib/gcc/arm-none-eabi/10.3.1/../../../arm-none-eabi/lib/thumb/v6-m/nofp/libg.a(lib_a-init.o)
                              /usr/lib/gcc/arm-none-eabi/10.3.1/../../../arm-none-eabi/lib/thumb/v6-m/nofp/crt0.o (__libc_init_array)
/usr/lib/gcc/arm-none-eabi/10.3.1/../../../arm-none-eabi/lib/thumb/v6-m/nofp/libg.a(lib_a-malloc.o)
                              CMakeFiles/DeltaRho_Controller.dir/home/nikesh/Documents/pico/pico-sdk/src/rp2_common/pico_malloc/pico_malloc.c.obj (malloc)
/usr/lib/gcc/arm-none-eabi/10.3.1/../../../arm-none-eabi/lib/thumb/v6-m/nofp/libg.a(lib_a-mallocr.o)
                              /usr/lib/gcc/arm-none-eabi/10.3.1/../../../arm-none-eabi/lib/thumb/v6-m/nofp/libg.a(lib_a-callocr.o) (_malloc_r)
/usr/lib/gcc/arm-none-eabi/10.3.1/../../../arm-none-eabi/lib/thumb/v6-m/nofp/libg.a(lib_a-memcmp.o)
                              CMakeFiles/DeltaRho_Controller.dir/home/nikesh/Documents/pico/pico-sdk/lib/cyw43-driver/src/cyw43_ll.c.obj (memcmp)
/usr/lib/gcc/arm-none-eabi/10.3.1/../../../arm-none-eabi/lib/thumb/v6-m/nofp/libg.a(lib_a-memmove.o)
                              CMakeFiles/DeltaRho_Controller.dir/home/nikesh/Documents/pico/pico-sdk/lib/cyw43-driver/src/cyw43_ll.c.obj (memmove)
/usr/lib/gcc/arm-none-eabi/10.3.1/../../../arm-none-eabi/lib/thumb/v6-m/nofp/libg.a(lib_a-mlock.o)
                              /usr/lib/gcc/arm-none-eabi/10.3.1/../../../arm-none-eabi/lib/thumb/v6-m/nofp/libg.a(lib_a-mallocr.o) (__malloc_lock)
/usr/lib/gcc/arm-none-eabi/10.3.1/../../../arm-none-eabi/lib/thumb/v6-m/nofp/libg.a(lib_a-realloc.o)
                              CMakeFiles/DeltaRho_Controller.dir/home/nikesh/Documents/pico/pico-sdk/src/rp2_common/pico_malloc/pico_malloc.c.obj (realloc)
/usr/lib/gcc/arm-none-eabi/10.3.1/../../../arm-none-eabi/lib/thumb/v6-m/nofp/libg.a(lib_a-reallocr.o)
                              /usr/lib/gcc/arm-none-eabi/10.3.1/../../../arm-none-eabi/lib/thumb/v6-m/nofp/libg.a(lib_a-realloc.o) (_realloc_r)
/usr/lib/gcc/arm-none-eabi/10.3.1/../../../arm-none-eabi/lib/thumb/v6-m/nofp/libg.a(lib_a-sbrkr.o)
                              /usr/lib/gcc/arm-none-eabi/10.3.1/../../../arm-none-eabi/lib/thumb/v6-m/nofp/libg.a(lib_a-mallocr.o) (_sbrk_r)
/usr/lib/gcc/arm-none-eabi/10.3.1/../../../arm-none-eabi/lib/thumb/v6-m/nofp/libg.a(lib_a-strlen-stub.o)
                              CMakeFiles/DeltaRho_Controller.dir/home/nikesh/Documents/pico/pico-sdk/src/rp2_common/pico_stdio/stdio.c.obj (strlen)
/usr/lib/gcc/arm-none-eabi/10.3.1/../../../arm-none-eabi/lib/thumb/v6-m/nofp/libg.a(lib_a-strncmp.o)
                              CMakeFiles/DeltaRho_Controller.dir/home/nikesh/Documents/pico/pico-sdk/lib/cyw43-driver/src/cyw43_ll.c.obj (strncmp)
/usr/lib/gcc/arm-none-eabi/10.3.1/../../../arm-none-eabi/lib/thumb/v6-m/nofp/libg.a(lib_a-__atexit.o)
                              /usr/lib/gcc/arm-none-eabi/10.3.1/../../../arm-none-eabi/lib/thumb/v6-m/nofp/libg.a(lib_a-atexit.o) (__register_exitproc)
/usr/lib/gcc/arm-none-eabi/10.3.1/../../../arm-none-eabi/lib/thumb/v6-m/nofp/libg.a(lib_a-freer.o)
                              /usr/lib/gcc/arm-none-eabi/10.3.1/../../../arm-none-eabi/lib/thumb/v6-m/nofp/libg.a(lib_a-malloc.o) (_free_r)
/usr/lib/gcc/arm-none-eabi/10.3.1/../../../arm-none-eabi/lib/thumb/v6-m/nofp/libg.a(lib_a-reent.o)
                              /usr/lib/gcc/arm-none-eabi/10.3.1/../../../arm-none-eabi/lib/thumb/v6-m/nofp/libg.a(lib_a-sbrkr.o) (errno)

Discarded input sections

[...]
Memory Configuration

Name             Origin             Length             Attributes
FLASH            0x0000000010000000 0x0000000000200000 xr
RAM              0x0000000020000000 0x0000000000040000 xrw
SCRATCH_X        0x0000000020040000 0x0000000000001000 xrw
SCRATCH_Y        0x0000000020041000 0x0000000000001000 xrw
*default*        0x0000000000000000 0xffffffffffffffff

Linker script and memory map

LOAD /usr/lib/gcc/arm-none-eabi/10.3.1/thumb/v6-m/nofp/crti.o
LOAD /usr/lib/gcc/arm-none-eabi/10.3.1/thumb/v6-m/nofp/crtbegin.o
LOAD /usr/lib/gcc/arm-none-eabi/10.3.1/../../../arm-none-eabi/lib/thumb/v6-m/nofp/crt0.o

.flash_begin    0x0000000010000000        0x0
                0x0000000010000000                __flash_binary_start = .

.boot2          0x0000000010000000      0x100
                0x0000000010000000                __boot2_start__ = .
 *(.boot2)
 .boot2         0x0000000010000000      0x100 /tmp/cc3zLobk.o
                0x0000000010000100                __boot2_end__ = .
                0x0000000000000001                ASSERT (((__boot2_end__ - __boot2_start__) == 0x100), ERROR: Pico second stage bootloader must be 256 bytes in size)

.text           0x0000000010000100     0xa380
                0x0000000010000100                __logical_binary_start = .
 *(.vectors)
 .vectors       0x0000000010000100       0xd4 CMakeFiles/DeltaRho_Controller.dir/home/nikesh/Documents/pico/pico-sdk/src/rp2_common/pico_standard_link/crt0.S.obj
                0x0000000010000100                __vectors
                0x0000000010000100                __VECTOR_TABLE
                0x00000000100001c0                isr_invalid
                0x00000000100001c0                __default_isrs_start
                0x00000000100001c2                isr_nmi
                0x00000000100001c4                isr_hardfault
                0x00000000100001c6                isr_svcall
                0x00000000100001c8                isr_pendsv
                0x00000000100001ca                isr_systick
                0x00000000100001cc                isr_irq30
                0x00000000100001cc                __unhandled_user_irq
                0x00000000100001cc                isr_irq13
                0x00000000100001cc                isr_irq27
                0x00000000100001cc                isr_irq31
                0x00000000100001cc                isr_irq5
                0x00000000100001cc                isr_irq11
                0x00000000100001cc                isr_irq23
                0x00000000100001cc                isr_irq18
                0x00000000100001cc                isr_irq28
                0x00000000100001cc                isr_irq19
                0x00000000100001cc                isr_irq0
                0x00000000100001cc                isr_irq6
                0x00000000100001cc                isr_irq22
                0x00000000100001cc                isr_irq17
                0x00000000100001cc                isr_irq14
                0x00000000100001cc                isr_irq2
                0x00000000100001cc                isr_irq10
                0x00000000100001cc                isr_irq8
                0x00000000100001cc                isr_irq24
                0x00000000100001cc                isr_irq1
                0x00000000100001cc                isr_irq7
                0x00000000100001cc                isr_irq21
                0x00000000100001cc                isr_irq20
                0x00000000100001cc                isr_irq15
                0x00000000100001cc                isr_irq25
                0x00000000100001cc                isr_irq4
                0x00000000100001cc                isr_irq16
                0x00000000100001cc                isr_irq29
                0x00000000100001cc                isr_irq26
                0x00000000100001cc                __default_isrs_end
                0x00000000100001cc                isr_irq3
                0x00000000100001cc                isr_irq12
                0x00000000100001cc                isr_irq9
                0x00000000100001d2                unhandled_user_irq_num_in_r0
 *(.binary_info_header)
 .binary_info_header
                0x00000000100001d4       0x14 CMakeFiles/DeltaRho_Controller.dir/home/nikesh/Documents/pico/pico-sdk/src/rp2_common/pico_standard_link/crt0.S.obj
                0x00000000100001e8                __binary_info_header_end = .
 *(.reset)
 .reset         0x00000000100001e8       0xa0 CMakeFiles/DeltaRho_Controller.dir/home/nikesh/Documents/pico/pico-sdk/src/rp2_common/pico_standard_link/crt0.S.obj
                0x00000000100001e8                _entry_point
 .reset         0x0000000010000288       0x30 CMakeFiles/DeltaRho_Controller.dir/home/nikesh/Documents/pico/pico-sdk/src/rp2_common/pico_standard_link/binary_info.c.obj
 *(.init)
 .init          0x00000000100002b8        0x4 /usr/lib/gcc/arm-none-eabi/10.3.1/thumb/v6-m/nofp/crti.o
                0x00000000100002b8                _init
 *(EXCLUDE_FILE(*libm.a: *libc.a:*lib_a-mem*.o *libgcc.a:) .text*)
 .text          0x00000000100002bc       0x98 /usr/lib/gcc/arm-none-eabi/10.3.1/thumb/v6-m/nofp/crtbegin.o
 .text.main     0x0000000010000354       0x3c CMakeFiles/DeltaRho_Controller.dir/src/main.c.obj
                0x0000000010000354                main
 .text.gpio_set_function
                0x0000000010000390       0x30 CMakeFiles/DeltaRho_Controller.dir/home/nikesh/Documents/pico/pico-sdk/src/rp2_common/hardware_gpio/gpio.c.obj
                0x0000000010000390                gpio_set_function
 .text.gpio_set_pulls
                0x00000000100003c0       0x34 CMakeFiles/DeltaRho_Controller.dir/home/nikesh/Documents/pico/pico-sdk/src/rp2_common/hardware_gpio/gpio.c.obj
                0x00000000100003c0                gpio_set_pulls
 .text.gpio_set_input_hysteresis_enabled
                0x00000000100003f4       0x30 CMakeFiles/DeltaRho_Controller.dir/home/nikesh/Documents/pico/pico-sdk/src/rp2_common/hardware_gpio/gpio.c.obj
                0x00000000100003f4                gpio_set_input_hysteresis_enabled
 .text.gpio_add_raw_irq_handler_with_order_priority_masked
                0x0000000010000424       0x40 CMakeFiles/DeltaRho_Controller.dir/home/nikesh/Documents/pico/pico-sdk/src/rp2_common/hardware_gpio/gpio.c.obj
                0x0000000010000424                gpio_add_raw_irq_handler_with_order_priority_masked
 .text.gpio_remove_raw_irq_handler_masked
                0x0000000010000464       0x48 CMakeFiles/DeltaRho_Controller.dir/home/nikesh/Documents/pico/pico-sdk/src/rp2_common/hardware_gpio/gpio.c.obj
                0x0000000010000464                gpio_remove_raw_irq_handler_masked
 .text.gpio_acknowledge_irq
                0x00000000100004ac       0x18 CMakeFiles/DeltaRho_Controller.dir/home/nikesh/Documents/pico/pico-sdk/src/rp2_common/hardware_gpio/gpio.c.obj
                0x00000000100004ac                gpio_acknowledge_irq
 .text._gpio_set_irq_enabled
                0x00000000100004c4       0x34 CMakeFiles/DeltaRho_Controller.dir/home/nikesh/Documents/pico/pico-sdk/src/rp2_common/hardware_gpio/gpio.c.obj
 .text.gpio_set_irq_enabled
                0x00000000100004f8       0x20 CMakeFiles/DeltaRho_Controller.dir/home/nikesh/Documents/pico/pico-sdk/src/rp2_common/hardware_gpio/gpio.c.obj
                0x00000000100004f8                gpio_set_irq_enabled
 .text.gpio_init
                0x0000000010000518       0x16 CMakeFiles/DeltaRho_Controller.dir/home/nikesh/Documents/pico/pico-sdk/src/rp2_common/hardware_gpio/gpio.c.obj
                0x0000000010000518                gpio_init
 *fill*         0x000000001000052e        0x2 
 .text.running_on_fpga
                0x0000000010000530       0x14 CMakeFiles/DeltaRho_Controller.dir/home/nikesh/Documents/pico/pico-sdk/src/rp2_common/pico_platform/platform.c.obj
                0x0000000010000530                running_on_fpga
 .text.hw_claim_lock
                0x0000000010000544       0x18 CMakeFiles/DeltaRho_Controller.dir/home/nikesh/Documents/pico/pico-sdk/src/rp2_common/hardware_claim/claim.c.obj
                0x0000000010000544                hw_claim_lock
 .text.hw_claim_unlock
                0x000000001000055c       0x14 CMakeFiles/DeltaRho_Controller.dir/home/nikesh/Documents/pico/pico-sdk/src/rp2_common/hardware_claim/claim.c.obj
                0x000000001000055c                hw_claim_unlock
 .text.hw_claim_or_assert
                0x0000000010000570       0x32 CMakeFiles/DeltaRho_Controller.dir/home/nikesh/Documents/pico/pico-sdk/src/rp2_common/hardware_claim/claim.c.obj
                0x0000000010000570                hw_claim_or_assert
 .text.hw_claim_unused_from_range
                0x00000000100005a2       0x50 CMakeFiles/DeltaRho_Controller.dir/home/nikesh/Documents/pico/pico-sdk/src/rp2_common/hardware_claim/claim.c.obj
                0x00000000100005a2                hw_claim_unused_from_range
 *fill*         0x00000000100005f2        0x2 
 .text.hw_claim_clear
                0x00000000100005f4       0x40 CMakeFiles/DeltaRho_Controller.dir/home/nikesh/Documents/pico/pico-sdk/src/rp2_common/hardware_claim/claim.c.obj
                0x00000000100005f4                hw_claim_clear
 .text.spin_locks_reset
                0x0000000010000634       0x20 CMakeFiles/DeltaRho_Controller.dir/home/nikesh/Documents/pico/pico-sdk/src/rp2_common/hardware_sync/sync.c.obj
                0x0000000010000634                spin_locks_reset
 .text.next_striped_spin_lock_num
                0x0000000010000654       0x1c CMakeFiles/DeltaRho_Controller.dir/home/nikesh/Documents/pico/pico-sdk/src/rp2_common/hardware_sync/sync.c.obj
                0x0000000010000654                next_striped_spin_lock_num
 .text.spin_lock_claim_unused
                0x0000000010000670       0x20 CMakeFiles/DeltaRho_Controller.dir/home/nikesh/Documents/pico/pico-sdk/src/rp2_common/hardware_sync/sync.c.obj
                0x0000000010000670                spin_lock_claim_unused
 .text.set_raw_irq_handler_and_unlock
                0x0000000010000690       0x28 CMakeFiles/DeltaRho_Controller.dir/home/nikesh/Documents/pico/pico-sdk/src/rp2_common/hardware_irq/irq.c.obj
 .text.get_user_irq_claim_index
                0x00000000100006b8        0x6 CMakeFiles/DeltaRho_Controller.dir/home/nikesh/Documents/pico/pico-sdk/src/rp2_common/hardware_irq/irq.c.obj
 *fill*         0x00000000100006be        0x2 
 .text.make_branch
                0x00000000100006c0       0x48 CMakeFiles/DeltaRho_Controller.dir/home/nikesh/Documents/pico/pico-sdk/src/rp2_common/hardware_irq/irq.c.obj
 .text.insert_branch_and_link
                0x0000000010000708       0x40 CMakeFiles/DeltaRho_Controller.dir/home/nikesh/Documents/pico/pico-sdk/src/rp2_common/hardware_irq/irq.c.obj
 .text.irq_is_enabled
                0x0000000010000748       0x18 CMakeFiles/DeltaRho_Controller.dir/home/nikesh/Documents/pico/pico-sdk/src/rp2_common/hardware_irq/irq.c.obj
                0x0000000010000748                irq_is_enabled
 .text.irq_set_mask_enabled
                0x0000000010000760       0x20 CMakeFiles/DeltaRho_Controller.dir/home/nikesh/Documents/pico/pico-sdk/src/rp2_common/hardware_irq/irq.c.obj
                0x0000000010000760                irq_set_mask_enabled
 .text.irq_set_enabled
                0x0000000010000780        0xe CMakeFiles/DeltaRho_Controller.dir/home/nikesh/Documents/pico/pico-sdk/src/rp2_common/hardware_irq/irq.c.obj
                0x0000000010000780                irq_set_enabled
 *fill*         0x000000001000078e        0x2 
 .text.irq_set_pending
                0x0000000010000790       0x10 CMakeFiles/DeltaRho_Controller.dir/home/nikesh/Documents/pico/pico-sdk/src/rp2_common/hardware_irq/irq.c.obj
                0x0000000010000790                irq_set_pending
 .text.irq_get_vtable_handler
                0x00000000100007a0       0x10 CMakeFiles/DeltaRho_Controller.dir/home/nikesh/Documents/pico/pico-sdk/src/rp2_common/hardware_irq/irq.c.obj
                0x00000000100007a0                irq_get_vtable_handler
 .text.irq_has_shared_handler
                0x00000000100007b0       0x24 CMakeFiles/DeltaRho_Controller.dir/home/nikesh/Documents/pico/pico-sdk/src/rp2_common/hardware_irq/irq.c.obj
                0x00000000100007b0                irq_has_shared_handler
 .text.irq_set_exclusive_handler
                0x00000000100007d4       0x54 CMakeFiles/DeltaRho_Controller.dir/home/nikesh/Documents/pico/pico-sdk/src/rp2_common/hardware_irq/irq.c.obj
                0x00000000100007d4                irq_set_exclusive_handler
 .text.irq_add_shared_handler
                0x0000000010000828      0x234 CMakeFiles/DeltaRho_Controller.dir/home/nikesh/Documents/pico/pico-sdk/src/rp2_common/hardware_irq/irq.c.obj
                0x0000000010000828                irq_add_shared_handler
 .text.irq_remove_handler
                0x0000000010000a5c      0x1ac CMakeFiles/DeltaRho_Controller.dir/home/nikesh/Documents/pico/pico-sdk/src/rp2_common/hardware_irq/irq.c.obj
                0x0000000010000a5c                irq_remove_handler
 .text.irq_set_priority
                0x0000000010000c08       0x28 CMakeFiles/DeltaRho_Controller.dir/home/nikesh/Documents/pico/pico-sdk/src/rp2_common/hardware_irq/irq.c.obj
                0x0000000010000c08                irq_set_priority
 .text.irq_add_tail_to_free_list
                0x0000000010000c30       0xf0 CMakeFiles/DeltaRho_Controller.dir/home/nikesh/Documents/pico/pico-sdk/src/rp2_common/hardware_irq/irq.c.obj
                0x0000000010000c30                irq_add_tail_to_free_list
 .text.irq_init_priorities
                0x0000000010000d20       0x1c CMakeFiles/DeltaRho_Controller.dir/home/nikesh/Documents/pico/pico-sdk/src/rp2_common/hardware_irq/irq.c.obj
                0x0000000010000d20                irq_init_priorities
 .text.user_irq_unclaim
                0x0000000010000d3c       0x14 CMakeFiles/DeltaRho_Controller.dir/home/nikesh/Documents/pico/pico-sdk/src/rp2_common/hardware_irq/irq.c.obj
                0x0000000010000d3c                user_irq_unclaim
 .text.user_irq_claim_unused
                0x0000000010000d50       0x28 CMakeFiles/DeltaRho_Controller.dir/home/nikesh/Documents/pico/pico-sdk/src/rp2_common/hardware_irq/irq.c.obj
                0x0000000010000d50                user_irq_claim_unused
 .text.sem_init
                0x0000000010000d78       0x1e CMakeFiles/DeltaRho_Controller.dir/home/nikesh/Documents/pico/pico-sdk/src/common/pico_sync/sem.c.obj
                0x0000000010000d78                sem_init
 *fill*         0x0000000010000d96        0x2 
 .text.lock_init
                0x0000000010000d98       0x10 CMakeFiles/DeltaRho_Controller.dir/home/nikesh/Documents/pico/pico-sdk/src/common/pico_sync/lock_core.c.obj
                0x0000000010000d98                lock_init
 .text.mutex_init
                0x0000000010000da8       0x1a CMakeFiles/DeltaRho_Controller.dir/home/nikesh/Documents/pico/pico-sdk/src/common/pico_sync/mutex.c.obj
                0x0000000010000da8                mutex_init
 .text.recursive_mutex_init
                0x0000000010000dc2       0x1e CMakeFiles/DeltaRho_Controller.dir/home/nikesh/Documents/pico/pico-sdk/src/common/pico_sync/mutex.c.obj
                0x0000000010000dc2                recursive_mutex_init
 .text.critical_section_init_with_lock_num
                0x0000000010000de0       0x14 CMakeFiles/DeltaRho_Controller.dir/home/nikesh/Documents/pico/pico-sdk/src/common/pico_sync/critical_section.c.obj
                0x0000000010000de0                critical_section_init_with_lock_num
 .text.critical_section_init
                0x0000000010000df4       0x14 CMakeFiles/DeltaRho_Controller.dir/home/nikesh/Documents/pico/pico-sdk/src/common/pico_sync/critical_section.c.obj
                0x0000000010000df4                critical_section_init
 .text.alarm_pool_post_alloc_init
                0x0000000010000e08       0x40 CMakeFiles/DeltaRho_Controller.dir/home/nikesh/Documents/pico/pico-sdk/src/common/pico_time/time.c.obj
 .text.sleep_until_callback
                0x0000000010000e48       0x30 CMakeFiles/DeltaRho_Controller.dir/home/nikesh/Documents/pico/pico-sdk/src/common/pico_time/time.c.obj
 .text.timer_pool_entry_comparator
                0x0000000010000e78       0x7c CMakeFiles/DeltaRho_Controller.dir/home/nikesh/Documents/pico/pico-sdk/src/common/pico_time/time.c.obj
                0x0000000010000e78                timer_pool_entry_comparator
 .text.ph_add_child_node
                0x0000000010000ef4       0xa4 CMakeFiles/DeltaRho_Controller.dir/home/nikesh/Documents/pico/pico-sdk/src/common/pico_time/time.c.obj
 .text.ph_merge_nodes
                0x0000000010000f98       0x3e CMakeFiles/DeltaRho_Controller.dir/home/nikesh/Documents/pico/pico-sdk/src/common/pico_time/time.c.obj
 *fill*         0x0000000010000fd6        0x2 
 .text.add_alarm_under_lock
                0x0000000010000fd8      0x174 CMakeFiles/DeltaRho_Controller.dir/home/nikesh/Documents/pico/pico-sdk/src/common/pico_time/time.c.obj
 .text.alarm_pool_alarm_callback
                0x000000001000114c      0x33c CMakeFiles/DeltaRho_Controller.dir/home/nikesh/Documents/pico/pico-sdk/src/common/pico_time/time.c.obj
 .text.alarm_pool_init_default
                0x0000000010001488       0x40 CMakeFiles/DeltaRho_Controller.dir/home/nikesh/Documents/pico/pico-sdk/src/common/pico_time/time.c.obj
                0x0000000010001488                alarm_pool_init_default
 .text.alarm_pool_get_default
                0x00000000100014c8       0x2c CMakeFiles/DeltaRho_Controller.dir/home/nikesh/Documents/pico/pico-sdk/src/common/pico_time/time.c.obj
                0x00000000100014c8                alarm_pool_get_default
 .text.alarm_pool_add_alarm_at
                0x00000000100014f4      0x168 CMakeFiles/DeltaRho_Controller.dir/home/nikesh/Documents/pico/pico-sdk/src/common/pico_time/time.c.obj
                0x00000000100014f4                alarm_pool_add_alarm_at
 .text.alarm_pool_cancel_alarm
                0x000000001000165c       0xf0 CMakeFiles/DeltaRho_Controller.dir/home/nikesh/Documents/pico/pico-sdk/src/common/pico_time/time.c.obj
                0x000000001000165c                alarm_pool_cancel_alarm
 .text.alarm_pool_core_num
                0x000000001000174c        0x4 CMakeFiles/DeltaRho_Controller.dir/home/nikesh/Documents/pico/pico-sdk/src/common/pico_time/time.c.obj
                0x000000001000174c                alarm_pool_core_num
 .text.sleep_until
                0x0000000010001750       0xfc CMakeFiles/DeltaRho_Controller.dir/home/nikesh/Documents/pico/pico-sdk/src/common/pico_time/time.c.obj
                0x0000000010001750                sleep_until
 .text.sleep_us
                0x000000001000184c       0x58 CMakeFiles/DeltaRho_Controller.dir/home/nikesh/Documents/pico/pico-sdk/src/common/pico_time/time.c.obj
                0x000000001000184c                sleep_us
 .text.sleep_ms
                0x00000000100018a4       0x14 CMakeFiles/DeltaRho_Controller.dir/home/nikesh/Documents/pico/pico-sdk/src/common/pico_time/time.c.obj
                0x00000000100018a4                sleep_ms
 .text.best_effort_wfe_or_timeout
                0x00000000100018b8       0xac CMakeFiles/DeltaRho_Controller.dir/home/nikesh/Documents/pico/pico-sdk/src/common/pico_time/time.c.obj
                0x00000000100018b8                best_effort_wfe_or_timeout
 .text.hardware_alarm_irq_handler
                0x0000000010001964       0x90 CMakeFiles/DeltaRho_Controller.dir/home/nikesh/Documents/pico/pico-sdk/src/rp2_common/hardware_timer/timer.c.obj
 .text.hardware_alarm_claim
                0x00000000100019f4       0x18 CMakeFiles/DeltaRho_Controller.dir/home/nikesh/Documents/pico/pico-sdk/src/rp2_common/hardware_timer/timer.c.obj
                0x00000000100019f4                hardware_alarm_claim
 .text.time_us_64
                0x0000000010001a0c       0x18 CMakeFiles/DeltaRho_Controller.dir/home/nikesh/Documents/pico/pico-sdk/src/rp2_common/hardware_timer/timer.c.obj
                0x0000000010001a0c                time_us_64
 .text.busy_wait_until
                0x0000000010001a24       0x28 CMakeFiles/DeltaRho_Controller.dir/home/nikesh/Documents/pico/pico-sdk/src/rp2_common/hardware_timer/timer.c.obj
                0x0000000010001a24                busy_wait_until
 .text.hardware_alarm_set_callback
                0x0000000010001a4c       0x90 CMakeFiles/DeltaRho_Controller.dir/home/nikesh/Documents/pico/pico-sdk/src/rp2_common/hardware_timer/timer.c.obj
                0x0000000010001a4c                hardware_alarm_set_callback
 .text.hardware_alarm_set_target
                0x0000000010001adc       0xe8 CMakeFiles/DeltaRho_Controller.dir/home/nikesh/Documents/pico/pico-sdk/src/rp2_common/hardware_timer/timer.c.obj
                0x0000000010001adc                hardware_alarm_set_target
 .text.hardware_alarm_cancel
                0x0000000010001bc4       0x40 CMakeFiles/DeltaRho_Controller.dir/home/nikesh/Documents/pico/pico-sdk/src/rp2_common/hardware_timer/timer.c.obj
                0x0000000010001bc4                hardware_alarm_cancel
 .text.ph_add_child_node
                0x0000000010001c04       0xa4 CMakeFiles/DeltaRho_Controller.dir/home/nikesh/Documents/pico/pico-sdk/src/common/pico_util/pheap.c.obj
 .text.ph_merge_nodes
                0x0000000010001ca8       0x3e CMakeFiles/DeltaRho_Controller.dir/home/nikesh/Documents/pico/pico-sdk/src/common/pico_util/pheap.c.obj
 *fill*         0x0000000010001ce6        0x2 
 .text.ph_clear
                0x0000000010001ce8       0x70 CMakeFiles/DeltaRho_Controller.dir/home/nikesh/Documents/pico/pico-sdk/src/common/pico_util/pheap.c.obj
                0x0000000010001ce8                ph_clear
 .text.ph_post_alloc_init
                0x0000000010001d58        0xe CMakeFiles/DeltaRho_Controller.dir/home/nikesh/Documents/pico/pico-sdk/src/common/pico_util/pheap.c.obj
                0x0000000010001d58                ph_post_alloc_init
 *fill*         0x0000000010001d66        0x2 
 .text.ph_merge_two_pass
                0x0000000010001d68       0xa8 CMakeFiles/DeltaRho_Controller.dir/home/nikesh/Documents/pico/pico-sdk/src/common/pico_util/pheap.c.obj
                0x0000000010001d68                ph_merge_two_pass
 .text.ph_remove_any_head
                0x0000000010001e10      0x128 CMakeFiles/DeltaRho_Controller.dir/home/nikesh/Documents/pico/pico-sdk/src/common/pico_util/pheap.c.obj
 .text.ph_remove_head
                0x0000000010001f38       0x14 CMakeFiles/DeltaRho_Controller.dir/home/nikesh/Documents/pico/pico-sdk/src/common/pico_util/pheap.c.obj
                0x0000000010001f38                ph_remove_head
 .text.ph_remove_and_free_node
                0x0000000010001f4c       0xf8 CMakeFiles/DeltaRho_Controller.dir/home/nikesh/Documents/pico/pico-sdk/src/common/pico_util/pheap.c.obj
                0x0000000010001f4c                ph_remove_and_free_node
 .text.uart_set_baudrate
                0x0000000010002044       0x5c CMakeFiles/DeltaRho_Controller.dir/home/nikesh/Documents/pico/pico-sdk/src/rp2_common/hardware_uart/uart.c.obj
                0x0000000010002044                uart_set_baudrate
 .text.uart_set_translate_crlf
                0x00000000100020a0       0x28 CMakeFiles/DeltaRho_Controller.dir/home/nikesh/Documents/pico/pico-sdk/src/rp2_common/hardware_uart/uart.c.obj
                0x00000000100020a0                uart_set_translate_crlf
 .text.uart_init
                0x00000000100020c8       0x80 CMakeFiles/DeltaRho_Controller.dir/home/nikesh/Documents/pico/pico-sdk/src/rp2_common/hardware_uart/uart.c.obj
                0x00000000100020c8                uart_init
 .text.clock_configure
                0x0000000010002148      0x104 CMakeFiles/DeltaRho_Controller.dir/home/nikesh/Documents/pico/pico-sdk/src/rp2_common/hardware_clocks/clocks.c.obj
                0x0000000010002148                clock_configure
 .text.clocks_init
                0x000000001000224c      0x100 CMakeFiles/DeltaRho_Controller.dir/home/nikesh/Documents/pico/pico-sdk/src/rp2_common/hardware_clocks/clocks.c.obj
                0x000000001000224c                clocks_init
 .text.clock_get_hz
                0x000000001000234c        0xc CMakeFiles/DeltaRho_Controller.dir/home/nikesh/Documents/pico/pico-sdk/src/rp2_common/hardware_clocks/clocks.c.obj
                0x000000001000234c                clock_get_hz
 .text.pll_init
                0x0000000010002358      0x12c CMakeFiles/DeltaRho_Controller.dir/home/nikesh/Documents/pico/pico-sdk/src/rp2_common/hardware_pll/pll.c.obj
                0x0000000010002358                pll_init
 .text.watchdog_start_tick
                0x0000000010002484       0x10 CMakeFiles/DeltaRho_Controller.dir/home/nikesh/Documents/pico/pico-sdk/src/rp2_common/hardware_watchdog/watchdog.c.obj
                0x0000000010002484                watchdog_start_tick
 .text.watchdog_update
                0x0000000010002494       0x14 CMakeFiles/DeltaRho_Controller.dir/home/nikesh/Documents/pico/pico-sdk/src/rp2_common/hardware_watchdog/watchdog.c.obj
                0x0000000010002494                watchdog_update
 .text._watchdog_enable
                0x00000000100024a8       0x78 CMakeFiles/DeltaRho_Controller.dir/home/nikesh/Documents/pico/pico-sdk/src/rp2_common/hardware_watchdog/watchdog.c.obj
                0x00000000100024a8                _watchdog_enable
 .text.watchdog_reboot
                0x0000000010002520       0x48 CMakeFiles/DeltaRho_Controller.dir/home/nikesh/Documents/pico/pico-sdk/src/rp2_common/hardware_watchdog/watchdog.c.obj
                0x0000000010002520                watchdog_reboot
 .text.xosc_init
                0x0000000010002568       0x28 CMakeFiles/DeltaRho_Controller.dir/home/nikesh/Documents/pico/pico-sdk/src/rp2_common/hardware_xosc/xosc.c.obj
                0x0000000010002568                xosc_init
 .text._exit    0x0000000010002590        0x4 CMakeFiles/DeltaRho_Controller.dir/home/nikesh/Documents/pico/pico-sdk/src/rp2_common/pico_runtime/runtime.c.obj
                0x0000000010002590                _exit
 .text.exit     0x0000000010002594        0x6 CMakeFiles/DeltaRho_Controller.dir/home/nikesh/Documents/pico/pico-sdk/src/rp2_common/pico_runtime/runtime.c.obj
                0x0000000010002594                exit
 *fill*         0x000000001000259a        0x2 
 .text.__assert_func
                0x000000001000259c       0x3c CMakeFiles/DeltaRho_Controller.dir/home/nikesh/Documents/pico/pico-sdk/src/rp2_common/pico_runtime/runtime.c.obj
                0x000000001000259c                __assert_func
 .text.runtime_init
                0x00000000100025d8       0xf8 CMakeFiles/DeltaRho_Controller.dir/home/nikesh/Documents/pico/pico-sdk/src/rp2_common/pico_runtime/runtime.c.obj
                0x00000000100025d8                runtime_init
 .text.panic    0x00000000100026d0       0x30 CMakeFiles/DeltaRho_Controller.dir/home/nikesh/Documents/pico/pico-sdk/src/rp2_common/pico_runtime/runtime.c.obj
                0x00000000100026d0                panic
 .text.panic_unsupported
                0x0000000010002700        0xc CMakeFiles/DeltaRho_Controller.dir/home/nikesh/Documents/pico/pico-sdk/src/rp2_common/pico_runtime/runtime.c.obj
                0x0000000010002700                panic_unsupported
 .text._out_null
                0x000000001000270c        0x2 CMakeFiles/DeltaRho_Controller.dir/home/nikesh/Documents/pico/pico-sdk/src/rp2_common/pico_printf/printf.c.obj
 .text._out_fct
                0x000000001000270e        0xe CMakeFiles/DeltaRho_Controller.dir/home/nikesh/Documents/pico/pico-sdk/src/rp2_common/pico_printf/printf.c.obj
 .text._atoi    0x000000001000271c       0x24 CMakeFiles/DeltaRho_Controller.dir/home/nikesh/Documents/pico/pico-sdk/src/rp2_common/pico_printf/printf.c.obj
 .text._out_rev
                0x0000000010002740       0xae CMakeFiles/DeltaRho_Controller.dir/home/nikesh/Documents/pico/pico-sdk/src/rp2_common/pico_printf/printf.c.obj
 .text._ntoa_format
                0x00000000100027ee      0x112 CMakeFiles/DeltaRho_Controller.dir/home/nikesh/Documents/pico/pico-sdk/src/rp2_common/pico_printf/printf.c.obj
 .text._ntoa_long
                0x0000000010002900       0xbc CMakeFiles/DeltaRho_Controller.dir/home/nikesh/Documents/pico/pico-sdk/src/rp2_common/pico_printf/printf.c.obj
 .text._ntoa_long_long
                0x00000000100029bc       0xe2 CMakeFiles/DeltaRho_Controller.dir/home/nikesh/Documents/pico/pico-sdk/src/rp2_common/pico_printf/printf.c.obj
 *fill*         0x0000000010002a9e        0x2 
 .text._etoa    0x0000000010002aa0      0x414 CMakeFiles/DeltaRho_Controller.dir/home/nikesh/Documents/pico/pico-sdk/src/rp2_common/pico_printf/printf.c.obj
 .text._ftoa    0x0000000010002eb4      0x354 CMakeFiles/DeltaRho_Controller.dir/home/nikesh/Documents/pico/pico-sdk/src/rp2_common/pico_printf/printf.c.obj
 .text._vsnprintf
                0x0000000010003208      0x624 CMakeFiles/DeltaRho_Controller.dir/home/nikesh/Documents/pico/pico-sdk/src/rp2_common/pico_printf/printf.c.obj
 .text.vfctprintf
                0x000000001000382c       0x20 CMakeFiles/DeltaRho_Controller.dir/home/nikesh/Documents/pico/pico-sdk/src/rp2_common/pico_printf/printf.c.obj
                0x000000001000382c                vfctprintf
 .text          0x000000001000384c       0x10 CMakeFiles/DeltaRho_Controller.dir/home/nikesh/Documents/pico/pico-sdk/src/rp2_common/pico_bit_ops/bit_ops_aeabi.S.obj
 .text.ctzsi    0x000000001000385c        0xc CMakeFiles/DeltaRho_Controller.dir/home/nikesh/Documents/pico/pico-sdk/src/rp2_common/pico_bit_ops/bit_ops_aeabi.S.obj
                0x000000001000385c                __wrap___ctzsi2
 .text.rom_func_lookup
                0x0000000010003868       0x10 CMakeFiles/DeltaRho_Controller.dir/home/nikesh/Documents/pico/pico-sdk/src/rp2_common/pico_bootrom/bootrom.c.obj
                0x0000000010003868                rom_func_lookup
 .text.rom_data_lookup
                0x0000000010003878       0x10 CMakeFiles/DeltaRho_Controller.dir/home/nikesh/Documents/pico/pico-sdk/src/rp2_common/pico_bootrom/bootrom.c.obj
                0x0000000010003878                rom_data_lookup
 .text.rom_funcs_lookup
                0x0000000010003888       0x36 CMakeFiles/DeltaRho_Controller.dir/home/nikesh/Documents/pico/pico-sdk/src/rp2_common/pico_bootrom/bootrom.c.obj
                0x0000000010003888                rom_funcs_lookup
 *fill*         0x00000000100038be        0x2 
 .text.__wrap___aeabi_idiv
                0x00000000100038c0       0x50 CMakeFiles/DeltaRho_Controller.dir/home/nikesh/Documents/pico/pico-sdk/src/rp2_common/pico_divider/divider.S.obj
                0x00000000100038c0                __wrap___aeabi_idivmod
                0x00000000100038c0                divmod_s32s32
                0x00000000100038c0                div_s32s32
                0x00000000100038c0                __wrap___aeabi_idiv
                0x00000000100038c8                divmod_s32s32_unsafe
                0x00000000100038f4                divmod_s32s32_savestate
 .text.__wrap___aeabi_uidiv
                0x0000000010003910       0x4c CMakeFiles/DeltaRho_Controller.dir/home/nikesh/Documents/pico/pico-sdk/src/rp2_common/pico_divider/divider.S.obj
                0x0000000010003910                __wrap___aeabi_uidiv
                0x0000000010003910                __wrap___aeabi_uidivmod
                0x0000000010003910                div_u32u32
                0x0000000010003910                divmod_u32u32
                0x0000000010003918                divmod_u32u32_unsafe
                0x0000000010003940                divmod_u32u32_savestate
 .text.__wrap___aeabi_ldiv
                0x000000001000395c      0x424 CMakeFiles/DeltaRho_Controller.dir/home/nikesh/Documents/pico/pico-sdk/src/rp2_common/pico_divider/divider.S.obj
                0x000000001000395c                div_s64s64
                0x000000001000395c                divmod_s64s64
                0x000000001000395c                __wrap___aeabi_ldivmod
                0x000000001000398c                div_u64u64
                0x000000001000398c                divmod_u64u64
                0x000000001000398c                __wrap___aeabi_uldivmod
                0x000000001000399c                divmod_u64u64_savestate
                0x00000000100039bc                divmod_s64s64_unsafe
                0x0000000010003a44                divmod_u64u64_unsafe
 .text.__wrap___aeabi_darithmetic
                0x0000000010003d80       0x60 CMakeFiles/DeltaRho_Controller.dir/home/nikesh/Documents/pico/pico-sdk/src/rp2_common/pico_double/double_aeabi.S.obj
                0x0000000010003d80                __wrap___aeabi_drsub
                0x0000000010003d86                __wrap___aeabi_dsub
                0x0000000010003d90                __wrap___aeabi_dadd
                0x0000000010003d9a                __wrap___aeabi_ddiv
                0x0000000010003dce                __wrap___aeabi_dmul
 .text.__wrap___aeabi_cdcmple
                0x0000000010003de0       0x6c CMakeFiles/DeltaRho_Controller.dir/home/nikesh/Documents/pico/pico-sdk/src/rp2_common/pico_double/double_aeabi.S.obj
                0x0000000010003de0                __wrap___aeabi_cdrcmple
                0x0000000010003df0                __wrap___aeabi_cdcmple
                0x0000000010003df0                __wrap___aeabi_cdcmpeq
 .text.__wrap___aeabi_dcmplt
                0x0000000010003e4c        0xc CMakeFiles/DeltaRho_Controller.dir/home/nikesh/Documents/pico/pico-sdk/src/rp2_common/pico_double/double_aeabi.S.obj
                0x0000000010003e4c                __wrap___aeabi_dcmplt
 .text.__wrap___aeabi_dcmple
                0x0000000010003e58       0x10 CMakeFiles/DeltaRho_Controller.dir/home/nikesh/Documents/pico/pico-sdk/src/rp2_common/pico_double/double_aeabi.S.obj
                0x0000000010003e58                __wrap___aeabi_dcmple
 .text.__wrap___aeabi_dcmpge
                0x0000000010003e68       0x10 CMakeFiles/DeltaRho_Controller.dir/home/nikesh/Documents/pico/pico-sdk/src/rp2_common/pico_double/double_aeabi.S.obj
                0x0000000010003e68                __wrap___aeabi_dcmpge
 .text.__wrap___aeabi_dcmpgt
                0x0000000010003e78        0xa CMakeFiles/DeltaRho_Controller.dir/home/nikesh/Documents/pico/pico-sdk/src/rp2_common/pico_double/double_aeabi.S.obj
                0x0000000010003e78                __wrap___aeabi_dcmpgt
 .text.__wrap___aeabi_dcmpun
                0x0000000010003e82       0x1c CMakeFiles/DeltaRho_Controller.dir/home/nikesh/Documents/pico/pico-sdk/src/rp2_common/pico_double/double_aeabi.S.obj
                0x0000000010003e82                __wrap___aeabi_dcmpun
 *fill*         0x0000000010003e9e        0x2 
 .text.__wrap___aeabi_i2d
                0x0000000010003ea0       0x38 CMakeFiles/DeltaRho_Controller.dir/home/nikesh/Documents/pico/pico-sdk/src/rp2_common/pico_double/double_aeabi.S.obj
                0x0000000010003ea0                __wrap___aeabi_ui2d
                0x0000000010003ea8                __wrap___aeabi_i2d
 .text.__wrap___aeabi_d2iz
                0x0000000010003ed8       0x48 CMakeFiles/DeltaRho_Controller.dir/home/nikesh/Documents/pico/pico-sdk/src/rp2_common/pico_double/double_aeabi.S.obj
                0x0000000010003ed8                __wrap___aeabi_d2iz
                0x0000000010003ed8                double2int_z
 .text.__wrap___aeabi_d2uiz
                0x0000000010003f20       0x10 CMakeFiles/DeltaRho_Controller.dir/home/nikesh/Documents/pico/pico-sdk/src/rp2_common/pico_double/double_aeabi.S.obj
                0x0000000010003f20                double2uint
                0x0000000010003f20                __wrap___aeabi_d2uiz
 .text.missing_double_func_shim
                0x0000000010003f30        0xc CMakeFiles/DeltaRho_Controller.dir/home/nikesh/Documents/pico/pico-sdk/src/rp2_common/pico_double/double_init_rom.c.obj
 .text.__aeabi_double_init
                0x0000000010003f3c       0xcc CMakeFiles/DeltaRho_Controller.dir/home/nikesh/Documents/pico/pico-sdk/src/rp2_common/pico_double/double_init_rom.c.obj
                0x0000000010003f3c                __aeabi_double_init
 .text.double_table_shim_on_use_helper
                0x0000000010004008       0x34 CMakeFiles/DeltaRho_Controller.dir/home/nikesh/Documents/pico/pico-sdk/src/rp2_common/pico_double/double_v1_rom_shim.S.obj
                0x0000000010004008                double_table_shim_on_use_helper
 .text.__aeabi_lmul
                0x000000001000403c       0x32 CMakeFiles/DeltaRho_Controller.dir/home/nikesh/Documents/pico/pico-sdk/src/rp2_common/pico_int64_ops/pico_int64_ops_aeabi.S.obj
                0x000000001000403c                __wrap___aeabi_lmul
 *fill*         0x000000001000406e        0x2 
 .text.missing_float_func_shim
                0x0000000010004070        0xc CMakeFiles/DeltaRho_Controller.dir/home/nikesh/Documents/pico/pico-sdk/src/rp2_common/pico_float/float_init_rom.c.obj
 .text.__aeabi_float_init
                0x000000001000407c       0x88 CMakeFiles/DeltaRho_Controller.dir/home/nikesh/Documents/pico/pico-sdk/src/rp2_common/pico_float/float_init_rom.c.obj
                0x000000001000407c                __aeabi_float_init
 .text          0x0000000010004104       0x10 CMakeFiles/DeltaRho_Controller.dir/home/nikesh/Documents/pico/pico-sdk/src/rp2_common/pico_mem_ops/mem_ops_aeabi.S.obj
                0x0000000010004104                __aeabi_mem_init
 .text.memset   0x0000000010004114        0xc CMakeFiles/DeltaRho_Controller.dir/home/nikesh/Documents/pico/pico-sdk/src/rp2_common/pico_mem_ops/mem_ops_aeabi.S.obj
                0x0000000010004114                __wrap_memset
 .text.memcpy   0x0000000010004120        0xc CMakeFiles/DeltaRho_Controller.dir/home/nikesh/Documents/pico/pico-sdk/src/rp2_common/pico_mem_ops/mem_ops_aeabi.S.obj
                0x0000000010004120                __wrap___aeabi_memcpy
                0x0000000010004120                __wrap_memcpy
 .text.stdio_out_chars_no_crlf
                0x000000001000412c        0xe CMakeFiles/DeltaRho_Controller.dir/home/nikesh/Documents/pico/pico-sdk/src/rp2_common/pico_stdio/stdio.c.obj
 *fill*         0x000000001000413a        0x2 
 .text.stdio_out_chars_crlf
                0x000000001000413c       0x80 CMakeFiles/DeltaRho_Controller.dir/home/nikesh/Documents/pico/pico-sdk/src/rp2_common/pico_stdio/stdio.c.obj
 .text.stdio_stack_buffer_flush
                0x00000000100041bc       0x44 CMakeFiles/DeltaRho_Controller.dir/home/nikesh/Documents/pico/pico-sdk/src/rp2_common/pico_stdio/stdio.c.obj
 .text.stdio_buffered_printer
                0x0000000010004200       0x20 CMakeFiles/DeltaRho_Controller.dir/home/nikesh/Documents/pico/pico-sdk/src/rp2_common/pico_stdio/stdio.c.obj
 .text.stdout_serialize_begin
                0x0000000010004220       0x5c CMakeFiles/DeltaRho_Controller.dir/home/nikesh/Documents/pico/pico-sdk/src/rp2_common/pico_stdio/stdio.c.obj
                0x0000000010004220                stdout_serialize_begin
 .text.stdout_serialize_end
                0x000000001000427c       0x10 CMakeFiles/DeltaRho_Controller.dir/home/nikesh/Documents/pico/pico-sdk/src/rp2_common/pico_stdio/stdio.c.obj
                0x000000001000427c                stdout_serialize_end
 .text.stdio_put_string
                0x000000001000428c       0x98 CMakeFiles/DeltaRho_Controller.dir/home/nikesh/Documents/pico/pico-sdk/src/rp2_common/pico_stdio/stdio.c.obj
 .text.stdio_set_driver_enabled
                0x0000000010004324       0x2c CMakeFiles/DeltaRho_Controller.dir/home/nikesh/Documents/pico/pico-sdk/src/rp2_common/pico_stdio/stdio.c.obj
                0x0000000010004324                stdio_set_driver_enabled
 .text.stdio_flush
                0x0000000010004350       0x20 CMakeFiles/DeltaRho_Controller.dir/home/nikesh/Documents/pico/pico-sdk/src/rp2_common/pico_stdio/stdio.c.obj
                0x0000000010004350                stdio_flush
 .text.__wrap_puts
                0x0000000010004370       0x1e CMakeFiles/DeltaRho_Controller.dir/home/nikesh/Documents/pico/pico-sdk/src/rp2_common/pico_stdio/stdio.c.obj
                0x0000000010004370                __wrap_puts
 *fill*         0x000000001000438e        0x2 
 .text.__wrap_vprintf
                0x0000000010004390       0x40 CMakeFiles/DeltaRho_Controller.dir/home/nikesh/Documents/pico/pico-sdk/src/rp2_common/pico_stdio/stdio.c.obj
                0x0000000010004390                __wrap_vprintf
 .text.__wrap_printf
                0x00000000100043d0       0x18 CMakeFiles/DeltaRho_Controller.dir/home/nikesh/Documents/pico/pico-sdk/src/rp2_common/pico_stdio/stdio.c.obj
                0x00000000100043d0                __wrap_printf
 .text.stdio_init_all
                0x00000000100043e8        0xe CMakeFiles/DeltaRho_Controller.dir/home/nikesh/Documents/pico/pico-sdk/src/rp2_common/pico_stdio/stdio.c.obj
                0x00000000100043e8                stdio_init_all
 *fill*         0x00000000100043f6        0x2 
 .text.stdio_uart_out_chars
                0x00000000100043f8       0x74 CMakeFiles/DeltaRho_Controller.dir/home/nikesh/Documents/pico/pico-sdk/src/rp2_common/pico_stdio_uart/stdio_uart.c.obj
 .text.stdio_uart_in_chars
                0x000000001000446c       0x80 CMakeFiles/DeltaRho_Controller.dir/home/nikesh/Documents/pico/pico-sdk/src/rp2_common/pico_stdio_uart/stdio_uart.c.obj
                0x000000001000446c                stdio_uart_in_chars
 .text.on_uart_rx
                0x00000000100044ec       0x28 CMakeFiles/DeltaRho_Controller.dir/home/nikesh/Documents/pico/pico-sdk/src/rp2_common/pico_stdio_uart/stdio_uart.c.obj
 .text.stdio_uart_set_chars_available_callback
                0x0000000010004514       0x8c CMakeFiles/DeltaRho_Controller.dir/home/nikesh/Documents/pico/pico-sdk/src/rp2_common/pico_stdio_uart/stdio_uart.c.obj
 .text.stdio_uart_init_full
                0x00000000100045a0       0x44 CMakeFiles/DeltaRho_Controller.dir/home/nikesh/Documents/pico/pico-sdk/src/rp2_common/pico_stdio_uart/stdio_uart.c.obj
                0x00000000100045a0                stdio_uart_init_full
 .text.stdio_uart_init
                0x00000000100045e4       0x28 CMakeFiles/DeltaRho_Controller.dir/home/nikesh/Documents/pico/pico-sdk/src/rp2_common/pico_stdio_uart/stdio_uart.c.obj
                0x00000000100045e4                stdio_uart_init
 .text.resetd_init
                0x000000001000460c        0x2 CMakeFiles/DeltaRho_Controller.dir/home/nikesh/Documents/pico/pico-sdk/src/rp2_common/pico_stdio_usb/reset_interface.c.obj
 *fill*         0x000000001000460e        0x2 
 .text.resetd_reset
                0x0000000010004610        0xc CMakeFiles/DeltaRho_Controller.dir/home/nikesh/Documents/pico/pico-sdk/src/rp2_common/pico_stdio_usb/reset_interface.c.obj
 .text.resetd_open
                0x000000001000461c       0x34 CMakeFiles/DeltaRho_Controller.dir/home/nikesh/Documents/pico/pico-sdk/src/rp2_common/pico_stdio_usb/reset_interface.c.obj
 .text.resetd_xfer_cb
                0x0000000010004650        0x4 CMakeFiles/DeltaRho_Controller.dir/home/nikesh/Documents/pico/pico-sdk/src/rp2_common/pico_stdio_usb/reset_interface.c.obj
 .text.reset_usb_boot
                0x0000000010004654       0x18 CMakeFiles/DeltaRho_Controller.dir/home/nikesh/Documents/pico/pico-sdk/src/rp2_common/pico_stdio_usb/reset_interface.c.obj
 .text.resetd_control_xfer_cb
                0x000000001000466c       0x5c CMakeFiles/DeltaRho_Controller.dir/home/nikesh/Documents/pico/pico-sdk/src/rp2_common/pico_stdio_usb/reset_interface.c.obj
 .text.usbd_app_driver_get_cb
                0x00000000100046c8        0xc CMakeFiles/DeltaRho_Controller.dir/home/nikesh/Documents/pico/pico-sdk/src/rp2_common/pico_stdio_usb/reset_interface.c.obj
                0x00000000100046c8                usbd_app_driver_get_cb
 .text.tud_cdc_line_coding_cb
                0x00000000100046d4       0x28 CMakeFiles/DeltaRho_Controller.dir/home/nikesh/Documents/pico/pico-sdk/src/rp2_common/pico_stdio_usb/reset_interface.c.obj
                0x00000000100046d4                tud_cdc_line_coding_cb
 .text.stdio_usb_set_chars_available_callback
                0x00000000100046fc       0x14 CMakeFiles/DeltaRho_Controller.dir/home/nikesh/Documents/pico/pico-sdk/src/rp2_common/pico_stdio_usb/stdio_usb.c.obj
                0x00000000100046fc                stdio_usb_set_chars_available_callback
 .text.usb_irq  0x0000000010004710       0x10 CMakeFiles/DeltaRho_Controller.dir/home/nikesh/Documents/pico/pico-sdk/src/rp2_common/pico_stdio_usb/stdio_usb.c.obj
 .text.timer_task
                0x0000000010004720       0x58 CMakeFiles/DeltaRho_Controller.dir/home/nikesh/Documents/pico/pico-sdk/src/rp2_common/pico_stdio_usb/stdio_usb.c.obj
 .text.low_priority_worker_irq
                0x0000000010004778       0xd8 CMakeFiles/DeltaRho_Controller.dir/home/nikesh/Documents/pico/pico-sdk/src/rp2_common/pico_stdio_usb/stdio_usb.c.obj
 .text.tud_cdc_rx_cb
                0x0000000010004850       0x20 CMakeFiles/DeltaRho_Controller.dir/home/nikesh/Documents/pico/pico-sdk/src/rp2_common/pico_stdio_usb/stdio_usb.c.obj
                0x0000000010004850                tud_cdc_rx_cb
 .text.stdio_usb_init
                0x0000000010004870      0x12c CMakeFiles/DeltaRho_Controller.dir/home/nikesh/Documents/pico/pico-sdk/src/rp2_common/pico_stdio_usb/stdio_usb.c.obj
                0x0000000010004870                stdio_usb_init
 .text.stdio_usb_connected
                0x000000001000499c        0xa CMakeFiles/DeltaRho_Controller.dir/home/nikesh/Documents/pico/pico-sdk/src/rp2_common/pico_stdio_usb/stdio_usb.c.obj
                0x000000001000499c                stdio_usb_connected
 *fill*         0x00000000100049a6        0x2 
 .text.stdio_usb_in_chars
                0x00000000100049a8       0xc4 CMakeFiles/DeltaRho_Controller.dir/home/nikesh/Documents/pico/pico-sdk/src/rp2_common/pico_stdio_usb/stdio_usb.c.obj
                0x00000000100049a8                stdio_usb_in_chars
 .text.stdio_usb_out_chars
                0x0000000010004a6c      0x114 CMakeFiles/DeltaRho_Controller.dir/home/nikesh/Documents/pico/pico-sdk/src/rp2_common/pico_stdio_usb/stdio_usb.c.obj
 .text.tud_descriptor_device_cb
                0x0000000010004b80        0x8 CMakeFiles/DeltaRho_Controller.dir/home/nikesh/Documents/pico/pico-sdk/src/rp2_common/pico_stdio_usb/stdio_usb_descriptors.c.obj
                0x0000000010004b80                tud_descriptor_device_cb
 .text.tud_descriptor_configuration_cb
                0x0000000010004b88        0x8 CMakeFiles/DeltaRho_Controller.dir/home/nikesh/Documents/pico/pico-sdk/src/rp2_common/pico_stdio_usb/stdio_usb_descriptors.c.obj
                0x0000000010004b88                tud_descriptor_configuration_cb
 .text.tud_descriptor_string_cb
                0x0000000010004b90       0x6c CMakeFiles/DeltaRho_Controller.dir/home/nikesh/Documents/pico/pico-sdk/src/rp2_common/pico_stdio_usb/stdio_usb_descriptors.c.obj
                0x0000000010004b90                tud_descriptor_string_cb
 .text._retrieve_unique_id_on_boot
                0x0000000010004bfc       0x10 CMakeFiles/DeltaRho_Controller.dir/home/nikesh/Documents/pico/pico-sdk/src/rp2_common/pico_unique_id/unique_id.c.obj
 .text.pico_get_unique_board_id
                0x0000000010004c0c       0x10 CMakeFiles/DeltaRho_Controller.dir/home/nikesh/Documents/pico/pico-sdk/src/rp2_common/pico_unique_id/unique_id.c.obj
                0x0000000010004c0c                pico_get_unique_board_id
 .text.pico_get_unique_board_id_string
                0x0000000010004c1c       0x60 CMakeFiles/DeltaRho_Controller.dir/home/nikesh/Documents/pico/pico-sdk/src/rp2_common/pico_unique_id/unique_id.c.obj
                0x0000000010004c1c                pico_get_unique_board_id_string
 .text.flash_get_unique_id
                0x0000000010004c7c       0x46 CMakeFiles/DeltaRho_Controller.dir/home/nikesh/Documents/pico/pico-sdk/src/rp2_common/hardware_flash/flash.c.obj
                0x0000000010004c7c                flash_get_unique_id
 *fill*         0x0000000010004cc2        0x2 
 .text.hw_endpoint_get_by_addr
                0x0000000010004cc4       0x18 CMakeFiles/DeltaRho_Controller.dir/home/nikesh/Documents/pico/pico-sdk/lib/tinyusb/src/portable/raspberrypi/rp2040/dcd_rp2040.c.obj
 .text._hw_endpoint_alloc
                0x0000000010004cdc       0x70 CMakeFiles/DeltaRho_Controller.dir/home/nikesh/Documents/pico/pico-sdk/lib/tinyusb/src/portable/raspberrypi/rp2040/dcd_rp2040.c.obj
 .text.hw_endpoint_init
                0x0000000010004d4c       0x88 CMakeFiles/DeltaRho_Controller.dir/home/nikesh/Documents/pico/pico-sdk/lib/tinyusb/src/portable/raspberrypi/rp2040/dcd_rp2040.c.obj
 .text.hw_endpoint_xfer
                0x0000000010004dd4       0x14 CMakeFiles/DeltaRho_Controller.dir/home/nikesh/Documents/pico/pico-sdk/lib/tinyusb/src/portable/raspberrypi/rp2040/dcd_rp2040.c.obj
 .text.dcd_int_enable
                0x0000000010004de8       0x2c CMakeFiles/DeltaRho_Controller.dir/home/nikesh/Documents/pico/pico-sdk/lib/tinyusb/src/portable/raspberrypi/rp2040/dcd_rp2040.c.obj
                0x0000000010004de8                dcd_int_enable
 .text.dcd_set_address
                0x0000000010004e14       0x2c CMakeFiles/DeltaRho_Controller.dir/home/nikesh/Documents/pico/pico-sdk/lib/tinyusb/src/portable/raspberrypi/rp2040/dcd_rp2040.c.obj
                0x0000000010004e14                dcd_set_address
 .text.dcd_connect
                0x0000000010004e40       0x10 CMakeFiles/DeltaRho_Controller.dir/home/nikesh/Documents/pico/pico-sdk/lib/tinyusb/src/portable/raspberrypi/rp2040/dcd_rp2040.c.obj
                0x0000000010004e40                dcd_connect
 .text.dcd_init
                0x0000000010004e50       0x80 CMakeFiles/DeltaRho_Controller.dir/home/nikesh/Documents/pico/pico-sdk/lib/tinyusb/src/portable/raspberrypi/rp2040/dcd_rp2040.c.obj
                0x0000000010004e50                dcd_init
 .text.dcd_edpt0_status_complete
                0x0000000010004ed0       0x1c CMakeFiles/DeltaRho_Controller.dir/home/nikesh/Documents/pico/pico-sdk/lib/tinyusb/src/portable/raspberrypi/rp2040/dcd_rp2040.c.obj
                0x0000000010004ed0                dcd_edpt0_status_complete
 .text.dcd_edpt_open
                0x0000000010004eec       0x40 CMakeFiles/DeltaRho_Controller.dir/home/nikesh/Documents/pico/pico-sdk/lib/tinyusb/src/portable/raspberrypi/rp2040/dcd_rp2040.c.obj
                0x0000000010004eec                dcd_edpt_open
 .text.dcd_edpt_close_all
                0x0000000010004f2c        0x8 CMakeFiles/DeltaRho_Controller.dir/home/nikesh/Documents/pico/pico-sdk/lib/tinyusb/src/portable/raspberrypi/rp2040/dcd_rp2040.c.obj
                0x0000000010004f2c                dcd_edpt_close_all
 .text.dcd_edpt_xfer
                0x0000000010004f34       0x34 CMakeFiles/DeltaRho_Controller.dir/home/nikesh/Documents/pico/pico-sdk/lib/tinyusb/src/portable/raspberrypi/rp2040/dcd_rp2040.c.obj
                0x0000000010004f34                dcd_edpt_xfer
 .text.dcd_edpt_stall
                0x0000000010004f68       0x2c CMakeFiles/DeltaRho_Controller.dir/home/nikesh/Documents/pico/pico-sdk/lib/tinyusb/src/portable/raspberrypi/rp2040/dcd_rp2040.c.obj
                0x0000000010004f68                dcd_edpt_stall
 .text.dcd_edpt_clear_stall
                0x0000000010004f94       0x20 CMakeFiles/DeltaRho_Controller.dir/home/nikesh/Documents/pico/pico-sdk/lib/tinyusb/src/portable/raspberrypi/rp2040/dcd_rp2040.c.obj
                0x0000000010004f94                dcd_edpt_clear_stall
 .text.rp2040_usb_init
                0x0000000010004fb4       0x4c CMakeFiles/DeltaRho_Controller.dir/home/nikesh/Documents/pico/pico-sdk/lib/tinyusb/src/portable/raspberrypi/rp2040/rp2040_usb.c.obj
                0x0000000010004fb4                rp2040_usb_init
 .text.hw_endpoint_xfer_start
                0x0000000010005000       0x50 CMakeFiles/DeltaRho_Controller.dir/home/nikesh/Documents/pico/pico-sdk/lib/tinyusb/src/portable/raspberrypi/rp2040/rp2040_usb.c.obj
                0x0000000010005000                hw_endpoint_xfer_start
 .text.configuration_reset
                0x0000000010005050       0x84 CMakeFiles/DeltaRho_Controller.dir/home/nikesh/Documents/pico/pico-sdk/lib/tinyusb/src/device/usbd.c.obj
 .text.usbd_reset
                0x00000000100050d4        0xc CMakeFiles/DeltaRho_Controller.dir/home/nikesh/Documents/pico/pico-sdk/lib/tinyusb/src/device/usbd.c.obj
 .text.invoke_class_control
                0x00000000100050e0       0x1a CMakeFiles/DeltaRho_Controller.dir/home/nikesh/Documents/pico/pico-sdk/lib/tinyusb/src/device/usbd.c.obj
 *fill*         0x00000000100050fa        0x2 
 .text.process_set_config
                0x00000000100050fc      0x178 CMakeFiles/DeltaRho_Controller.dir/home/nikesh/Documents/pico/pico-sdk/lib/tinyusb/src/device/usbd.c.obj
 .text.process_get_descriptor
                0x0000000010005274       0xdc CMakeFiles/DeltaRho_Controller.dir/home/nikesh/Documents/pico/pico-sdk/lib/tinyusb/src/device/usbd.c.obj
 .text.tud_mounted
                0x0000000010005350       0x10 CMakeFiles/DeltaRho_Controller.dir/home/nikesh/Documents/pico/pico-sdk/lib/tinyusb/src/device/usbd.c.obj
                0x0000000010005350                tud_mounted
 .text.tud_suspended
                0x0000000010005360       0x10 CMakeFiles/DeltaRho_Controller.dir/home/nikesh/Documents/pico/pico-sdk/lib/tinyusb/src/device/usbd.c.obj
                0x0000000010005360                tud_suspended
 .text.tud_inited
                0x0000000010005370       0x14 CMakeFiles/DeltaRho_Controller.dir/home/nikesh/Documents/pico/pico-sdk/lib/tinyusb/src/device/usbd.c.obj
                0x0000000010005370                tud_inited
 .text.tud_init
                0x0000000010005384       0xcc CMakeFiles/DeltaRho_Controller.dir/home/nikesh/Documents/pico/pico-sdk/lib/tinyusb/src/device/usbd.c.obj
                0x0000000010005384                tud_init
 .text.usbd_defer_func
                0x0000000010005450       0x2a CMakeFiles/DeltaRho_Controller.dir/home/nikesh/Documents/pico/pico-sdk/lib/tinyusb/src/device/usbd.c.obj
                0x0000000010005450                usbd_defer_func
 *fill*         0x000000001000547a        0x2 
 .text.usbd_edpt_open
                0x000000001000547c       0x34 CMakeFiles/DeltaRho_Controller.dir/home/nikesh/Documents/pico/pico-sdk/lib/tinyusb/src/device/usbd.c.obj
                0x000000001000547c                usbd_edpt_open
 .text.usbd_open_edpt_pair
                0x00000000100054b0       0x62 CMakeFiles/DeltaRho_Controller.dir/home/nikesh/Documents/pico/pico-sdk/lib/tinyusb/src/device/usbd.c.obj
                0x00000000100054b0                usbd_open_edpt_pair
 *fill*         0x0000000010005512        0x2 
 .text.usbd_edpt_claim
                0x0000000010005514       0x28 CMakeFiles/DeltaRho_Controller.dir/home/nikesh/Documents/pico/pico-sdk/lib/tinyusb/src/device/usbd.c.obj
                0x0000000010005514                usbd_edpt_claim
 .text.usbd_edpt_release
                0x000000001000553c       0x28 CMakeFiles/DeltaRho_Controller.dir/home/nikesh/Documents/pico/pico-sdk/lib/tinyusb/src/device/usbd.c.obj
                0x000000001000553c                usbd_edpt_release
 .text.usbd_edpt_xfer
                0x0000000010005564       0x78 CMakeFiles/DeltaRho_Controller.dir/home/nikesh/Documents/pico/pico-sdk/lib/tinyusb/src/device/usbd.c.obj
                0x0000000010005564                usbd_edpt_xfer
 .text.usbd_edpt_stall
                0x00000000100055dc       0x48 CMakeFiles/DeltaRho_Controller.dir/home/nikesh/Documents/pico/pico-sdk/lib/tinyusb/src/device/usbd.c.obj
                0x00000000100055dc                usbd_edpt_stall
 .text.usbd_edpt_clear_stall
                0x0000000010005624       0x48 CMakeFiles/DeltaRho_Controller.dir/home/nikesh/Documents/pico/pico-sdk/lib/tinyusb/src/device/usbd.c.obj
                0x0000000010005624                usbd_edpt_clear_stall
 .text.usbd_edpt_stalled
                0x000000001000566c       0x1c CMakeFiles/DeltaRho_Controller.dir/home/nikesh/Documents/pico/pico-sdk/lib/tinyusb/src/device/usbd.c.obj
                0x000000001000566c                usbd_edpt_stalled
 .text.process_control_request
                0x0000000010005688      0x37c CMakeFiles/DeltaRho_Controller.dir/home/nikesh/Documents/pico/pico-sdk/lib/tinyusb/src/device/usbd.c.obj
 .text.tud_task_ext
                0x0000000010005a04      0x1b4 CMakeFiles/DeltaRho_Controller.dir/home/nikesh/Documents/pico/pico-sdk/lib/tinyusb/src/device/usbd.c.obj
                0x0000000010005a04                tud_task_ext
 .text._data_stage_xact
                0x0000000010005bb8       0x58 CMakeFiles/DeltaRho_Controller.dir/home/nikesh/Documents/pico/pico-sdk/lib/tinyusb/src/device/usbd_control.c.obj
 .text.tud_control_status
                0x0000000010005c10       0x38 CMakeFiles/DeltaRho_Controller.dir/home/nikesh/Documents/pico/pico-sdk/lib/tinyusb/src/device/usbd_control.c.obj
                0x0000000010005c10                tud_control_status
 .text.tud_control_xfer
                0x0000000010005c48       0x74 CMakeFiles/DeltaRho_Controller.dir/home/nikesh/Documents/pico/pico-sdk/lib/tinyusb/src/device/usbd_control.c.obj
                0x0000000010005c48                tud_control_xfer
 .text.usbd_control_reset
                0x0000000010005cbc       0x14 CMakeFiles/DeltaRho_Controller.dir/home/nikesh/Documents/pico/pico-sdk/lib/tinyusb/src/device/usbd_control.c.obj
                0x0000000010005cbc                usbd_control_reset
 .text.usbd_control_set_complete_callback
                0x0000000010005cd0        0xc CMakeFiles/DeltaRho_Controller.dir/home/nikesh/Documents/pico/pico-sdk/lib/tinyusb/src/device/usbd_control.c.obj
                0x0000000010005cd0                usbd_control_set_complete_callback
 .text.usbd_control_set_request
                0x0000000010005cdc       0x1c CMakeFiles/DeltaRho_Controller.dir/home/nikesh/Documents/pico/pico-sdk/lib/tinyusb/src/device/usbd_control.c.obj
                0x0000000010005cdc                usbd_control_set_request
 .text.usbd_control_xfer_cb
                0x0000000010005cf8       0xcc CMakeFiles/DeltaRho_Controller.dir/home/nikesh/Documents/pico/pico-sdk/lib/tinyusb/src/device/usbd_control.c.obj
                0x0000000010005cf8                usbd_control_xfer_cb
 .text._prep_out_transaction
                0x0000000010005dc4       0x4a CMakeFiles/DeltaRho_Controller.dir/home/nikesh/Documents/pico/pico-sdk/lib/tinyusb/src/class/cdc/cdc_device.c.obj
 *fill*         0x0000000010005e0e        0x2 
 .text.tud_cdc_n_connected
                0x0000000010005e10       0x44 CMakeFiles/DeltaRho_Controller.dir/home/nikesh/Documents/pico/pico-sdk/lib/tinyusb/src/class/cdc/cdc_device.c.obj
                0x0000000010005e10                tud_cdc_n_connected
 .text.tud_cdc_n_available
                0x0000000010005e54       0x18 CMakeFiles/DeltaRho_Controller.dir/home/nikesh/Documents/pico/pico-sdk/lib/tinyusb/src/class/cdc/cdc_device.c.obj
                0x0000000010005e54                tud_cdc_n_available
 .text.tud_cdc_n_read
                0x0000000010005e6c       0x28 CMakeFiles/DeltaRho_Controller.dir/home/nikesh/Documents/pico/pico-sdk/lib/tinyusb/src/class/cdc/cdc_device.c.obj
                0x0000000010005e6c                tud_cdc_n_read
 .text.tud_cdc_n_write_flush
                0x0000000010005e94       0xb8 CMakeFiles/DeltaRho_Controller.dir/home/nikesh/Documents/pico/pico-sdk/lib/tinyusb/src/class/cdc/cdc_device.c.obj
                0x0000000010005e94                tud_cdc_n_write_flush
 .text.tud_cdc_n_write
                0x0000000010005f4c       0x38 CMakeFiles/DeltaRho_Controller.dir/home/nikesh/Documents/pico/pico-sdk/lib/tinyusb/src/class/cdc/cdc_device.c.obj
                0x0000000010005f4c                tud_cdc_n_write
 .text.tud_cdc_n_write_available
                0x0000000010005f84       0x1c CMakeFiles/DeltaRho_Controller.dir/home/nikesh/Documents/pico/pico-sdk/lib/tinyusb/src/class/cdc/cdc_device.c.obj
                0x0000000010005f84                tud_cdc_n_write_available
 .text.cdcd_init
                0x0000000010005fa0       0xbc CMakeFiles/DeltaRho_Controller.dir/home/nikesh/Documents/pico/pico-sdk/lib/tinyusb/src/class/cdc/cdc_device.c.obj
                0x0000000010005fa0                cdcd_init
 .text.cdcd_reset
                0x000000001000605c       0x44 CMakeFiles/DeltaRho_Controller.dir/home/nikesh/Documents/pico/pico-sdk/lib/tinyusb/src/class/cdc/cdc_device.c.obj
                0x000000001000605c                cdcd_reset
 .text.cdcd_open
                0x00000000100060a0       0xcc CMakeFiles/DeltaRho_Controller.dir/home/nikesh/Documents/pico/pico-sdk/lib/tinyusb/src/class/cdc/cdc_device.c.obj
                0x00000000100060a0                cdcd_open
 .text.cdcd_control_xfer_cb
                0x000000001000616c      0x134 CMakeFiles/DeltaRho_Controller.dir/home/nikesh/Documents/pico/pico-sdk/lib/tinyusb/src/class/cdc/cdc_device.c.obj
                0x000000001000616c                cdcd_control_xfer_cb
 .text.cdcd_xfer_cb
                0x00000000100062a0      0x130 CMakeFiles/DeltaRho_Controller.dir/home/nikesh/Documents/pico/pico-sdk/lib/tinyusb/src/class/cdc/cdc_device.c.obj
                0x00000000100062a0                cdcd_xfer_cb
 .text.tusb_init
                0x00000000100063d0        0xa CMakeFiles/DeltaRho_Controller.dir/home/nikesh/Documents/pico/pico-sdk/lib/tinyusb/src/tusb.c.obj
                0x00000000100063d0                tusb_init
 .text.tusb_inited
                0x00000000100063da        0xe CMakeFiles/DeltaRho_Controller.dir/home/nikesh/Documents/pico/pico-sdk/lib/tinyusb/src/tusb.c.obj
                0x00000000100063da                tusb_inited
 .text.tu_edpt_claim
                0x00000000100063e8       0x50 CMakeFiles/DeltaRho_Controller.dir/home/nikesh/Documents/pico/pico-sdk/lib/tinyusb/src/tusb.c.obj
                0x00000000100063e8                tu_edpt_claim
 .text.tu_edpt_release
                0x0000000010006438       0x3c CMakeFiles/DeltaRho_Controller.dir/home/nikesh/Documents/pico/pico-sdk/lib/tinyusb/src/tusb.c.obj
                0x0000000010006438                tu_edpt_release
 .text.tu_edpt_validate
                0x0000000010006474       0x78 CMakeFiles/DeltaRho_Controller.dir/home/nikesh/Documents/pico/pico-sdk/lib/tinyusb/src/tusb.c.obj
                0x0000000010006474                tu_edpt_validate
 .text.tu_edpt_bind_driver
                0x00000000100064ec       0x26 CMakeFiles/DeltaRho_Controller.dir/home/nikesh/Documents/pico/pico-sdk/lib/tinyusb/src/tusb.c.obj
                0x00000000100064ec                tu_edpt_bind_driver
 .text.advance_index
                0x0000000010006512       0x1a CMakeFiles/DeltaRho_Controller.dir/home/nikesh/Documents/pico/pico-sdk/lib/tinyusb/src/common/tusb_fifo.c.obj
 .text._tu_fifo_peek
                0x000000001000652c       0x56 CMakeFiles/DeltaRho_Controller.dir/home/nikesh/Documents/pico/pico-sdk/lib/tinyusb/src/common/tusb_fifo.c.obj
 .text._ff_pull_const_addr
                0x0000000010006582       0x4c CMakeFiles/DeltaRho_Controller.dir/home/nikesh/Documents/pico/pico-sdk/lib/tinyusb/src/common/tusb_fifo.c.obj
 .text._ff_pull_n
                0x00000000100065ce      0x110 CMakeFiles/DeltaRho_Controller.dir/home/nikesh/Documents/pico/pico-sdk/lib/tinyusb/src/common/tusb_fifo.c.obj
 .text._tu_fifo_peek_n
                0x00000000100066de       0x6a CMakeFiles/DeltaRho_Controller.dir/home/nikesh/Documents/pico/pico-sdk/lib/tinyusb/src/common/tusb_fifo.c.obj
 .text._tu_fifo_read_n
                0x0000000010006748       0x4e CMakeFiles/DeltaRho_Controller.dir/home/nikesh/Documents/pico/pico-sdk/lib/tinyusb/src/common/tusb_fifo.c.obj
 .text._ff_push_const_addr
                0x0000000010006796       0x40 CMakeFiles/DeltaRho_Controller.dir/home/nikesh/Documents/pico/pico-sdk/lib/tinyusb/src/common/tusb_fifo.c.obj
 .text._ff_push_n
                0x00000000100067d6      0x10c CMakeFiles/DeltaRho_Controller.dir/home/nikesh/Documents/pico/pico-sdk/lib/tinyusb/src/common/tusb_fifo.c.obj
 .text._tu_fifo_write_n
                0x00000000100068e2       0xf0 CMakeFiles/DeltaRho_Controller.dir/home/nikesh/Documents/pico/pico-sdk/lib/tinyusb/src/common/tusb_fifo.c.obj
 .text.tu_fifo_config
                0x00000000100069d2       0x7c CMakeFiles/DeltaRho_Controller.dir/home/nikesh/Documents/pico/pico-sdk/lib/tinyusb/src/common/tusb_fifo.c.obj
                0x00000000100069d2                tu_fifo_config
 .text.tu_fifo_count
                0x0000000010006a4e       0x2a CMakeFiles/DeltaRho_Controller.dir/home/nikesh/Documents/pico/pico-sdk/lib/tinyusb/src/common/tusb_fifo.c.obj
                0x0000000010006a4e                tu_fifo_count
 .text.tu_fifo_empty
                0x0000000010006a78       0x10 CMakeFiles/DeltaRho_Controller.dir/home/nikesh/Documents/pico/pico-sdk/lib/tinyusb/src/common/tusb_fifo.c.obj
                0x0000000010006a78                tu_fifo_empty
 .text.tu_fifo_full
                0x0000000010006a88       0x28 CMakeFiles/DeltaRho_Controller.dir/home/nikesh/Documents/pico/pico-sdk/lib/tinyusb/src/common/tusb_fifo.c.obj
                0x0000000010006a88                tu_fifo_full
 .text.tu_fifo_remaining
                0x0000000010006ab0       0x2c CMakeFiles/DeltaRho_Controller.dir/home/nikesh/Documents/pico/pico-sdk/lib/tinyusb/src/common/tusb_fifo.c.obj
                0x0000000010006ab0                tu_fifo_remaining
 .text.tu_fifo_read
                0x0000000010006adc       0x42 CMakeFiles/DeltaRho_Controller.dir/home/nikesh/Documents/pico/pico-sdk/lib/tinyusb/src/common/tusb_fifo.c.obj
                0x0000000010006adc                tu_fifo_read
 .text.tu_fifo_read_n
                0x0000000010006b1e        0xa CMakeFiles/DeltaRho_Controller.dir/home/nikesh/Documents/pico/pico-sdk/lib/tinyusb/src/common/tusb_fifo.c.obj
                0x0000000010006b1e                tu_fifo_read_n
 .text.tu_fifo_write
                0x0000000010006b28       0x64 CMakeFiles/DeltaRho_Controller.dir/home/nikesh/Documents/pico/pico-sdk/lib/tinyusb/src/common/tusb_fifo.c.obj
                0x0000000010006b28                tu_fifo_write
 .text.tu_fifo_write_n
                0x0000000010006b8c        0xa CMakeFiles/DeltaRho_Controller.dir/home/nikesh/Documents/pico/pico-sdk/lib/tinyusb/src/common/tusb_fifo.c.obj
                0x0000000010006b8c                tu_fifo_write_n
 .text.tu_fifo_clear
                0x0000000010006b96       0x3e CMakeFiles/DeltaRho_Controller.dir/home/nikesh/Documents/pico/pico-sdk/lib/tinyusb/src/common/tusb_fifo.c.obj
                0x0000000010006b96                tu_fifo_clear
 .text.tu_fifo_set_overwritable
                0x0000000010006bd4       0x46 CMakeFiles/DeltaRho_Controller.dir/home/nikesh/Documents/pico/pico-sdk/lib/tinyusb/src/common/tusb_fifo.c.obj
                0x0000000010006bd4                tu_fifo_set_overwritable
 *fill*         0x0000000010006c1a        0x2 
 .text.cyw43_arch_set_async_context
                0x0000000010006c1c        0xc CMakeFiles/DeltaRho_Controller.dir/home/nikesh/Documents/pico/pico-sdk/src/rp2_common/pico_cyw43_arch/cyw43_arch.c.obj
                0x0000000010006c1c                cyw43_arch_set_async_context
 .text.cyw43_arch_gpio_put
                0x0000000010006c28       0x14 CMakeFiles/DeltaRho_Controller.dir/home/nikesh/Documents/pico/pico-sdk/src/rp2_common/pico_cyw43_arch/cyw43_arch.c.obj
                0x0000000010006c28                cyw43_arch_gpio_put
 .text.cyw43_arch_async_context
                0x0000000010006c3c        0xc CMakeFiles/DeltaRho_Controller.dir/home/nikesh/Documents/pico/pico-sdk/src/rp2_common/pico_cyw43_arch/cyw43_arch.c.obj
                0x0000000010006c3c                cyw43_arch_async_context
 .text.cyw43_arch_init_default_async_context
                0x0000000010006c48       0x20 CMakeFiles/DeltaRho_Controller.dir/home/nikesh/Documents/pico/pico-sdk/src/rp2_common/pico_cyw43_arch/cyw43_arch_threadsafe_background.c.obj
                0x0000000010006c48                cyw43_arch_init_default_async_context
 .text.cyw43_arch_deinit
                0x0000000010006c68       0x28 CMakeFiles/DeltaRho_Controller.dir/home/nikesh/Documents/pico/pico-sdk/src/rp2_common/pico_cyw43_arch/cyw43_arch_threadsafe_background.c.obj
                0x0000000010006c68                cyw43_arch_deinit
 .text.cyw43_arch_init
                0x0000000010006c90       0x36 CMakeFiles/DeltaRho_Controller.dir/home/nikesh/Documents/pico/pico-sdk/src/rp2_common/pico_cyw43_arch/cyw43_arch_threadsafe_background.c.obj
                0x0000000010006c90                cyw43_arch_init
 .text.cs_set   0x0000000010006cc6       0x1c CMakeFiles/DeltaRho_Controller.dir/home/nikesh/Documents/pico/pico-sdk/src/rp2_common/pico_cyw43_driver/cyw43_bus_pio_spi.c.obj
 .text.start_spi_comms
                0x0000000010006ce2       0x2a CMakeFiles/DeltaRho_Controller.dir/home/nikesh/Documents/pico/pico-sdk/src/rp2_common/pico_cyw43_driver/cyw43_bus_pio_spi.c.obj
 .text.ns_delay
                0x0000000010006d0c       0x20 CMakeFiles/DeltaRho_Controller.dir/home/nikesh/Documents/pico/pico-sdk/src/rp2_common/pico_cyw43_driver/cyw43_bus_pio_spi.c.obj
 .text.stop_spi_comms
                0x0000000010006d2c       0x10 CMakeFiles/DeltaRho_Controller.dir/home/nikesh/Documents/pico/pico-sdk/src/rp2_common/pico_cyw43_driver/cyw43_bus_pio_spi.c.obj
 .text.cyw43_spi_deinit
                0x0000000010006d3c       0x64 CMakeFiles/DeltaRho_Controller.dir/home/nikesh/Documents/pico/pico-sdk/src/rp2_common/pico_cyw43_driver/cyw43_bus_pio_spi.c.obj
                0x0000000010006d3c                cyw43_spi_deinit
 .text.cyw43_spi_init
                0x0000000010006da0      0x284 CMakeFiles/DeltaRho_Controller.dir/home/nikesh/Documents/pico/pico-sdk/src/rp2_common/pico_cyw43_driver/cyw43_bus_pio_spi.c.obj
                0x0000000010006da0                cyw43_spi_init
 .text.cyw43_spi_transfer
                0x0000000010007024      0x6a4 CMakeFiles/DeltaRho_Controller.dir/home/nikesh/Documents/pico/pico-sdk/src/rp2_common/pico_cyw43_driver/cyw43_bus_pio_spi.c.obj
                0x0000000010007024                cyw43_spi_transfer
 .text.cyw43_spi_gpio_setup
                0x00000000100076c8       0x3a CMakeFiles/DeltaRho_Controller.dir/home/nikesh/Documents/pico/pico-sdk/src/rp2_common/pico_cyw43_driver/cyw43_bus_pio_spi.c.obj
                0x00000000100076c8                cyw43_spi_gpio_setup
 .text.cyw43_spi_reset
                0x0000000010007702       0x28 CMakeFiles/DeltaRho_Controller.dir/home/nikesh/Documents/pico/pico-sdk/src/rp2_common/pico_cyw43_driver/cyw43_bus_pio_spi.c.obj
                0x0000000010007702                cyw43_spi_reset
 *fill*         0x000000001000772a        0x2 
 .text.read_reg_u32_swap
                0x000000001000772c       0x68 CMakeFiles/DeltaRho_Controller.dir/home/nikesh/Documents/pico/pico-sdk/src/rp2_common/pico_cyw43_driver/cyw43_bus_pio_spi.c.obj
                0x000000001000772c                read_reg_u32_swap
 .text.cyw43_read_reg_u32
                0x0000000010007794       0x50 CMakeFiles/DeltaRho_Controller.dir/home/nikesh/Documents/pico/pico-sdk/src/rp2_common/pico_cyw43_driver/cyw43_bus_pio_spi.c.obj
                0x0000000010007794                cyw43_read_reg_u32
 .text.cyw43_read_reg_u16
                0x00000000100077e4       0x50 CMakeFiles/DeltaRho_Controller.dir/home/nikesh/Documents/pico/pico-sdk/src/rp2_common/pico_cyw43_driver/cyw43_bus_pio_spi.c.obj
                0x00000000100077e4                cyw43_read_reg_u16
 .text.cyw43_read_reg_u8
                0x0000000010007834       0x50 CMakeFiles/DeltaRho_Controller.dir/home/nikesh/Documents/pico/pico-sdk/src/rp2_common/pico_cyw43_driver/cyw43_bus_pio_spi.c.obj
                0x0000000010007834                cyw43_read_reg_u8
 .text.write_reg_u32_swap
                0x0000000010007884       0x34 CMakeFiles/DeltaRho_Controller.dir/home/nikesh/Documents/pico/pico-sdk/src/rp2_common/pico_cyw43_driver/cyw43_bus_pio_spi.c.obj
                0x0000000010007884                write_reg_u32_swap
 .text.cyw43_write_reg_u32
                0x00000000100078b8       0x58 CMakeFiles/DeltaRho_Controller.dir/home/nikesh/Documents/pico/pico-sdk/src/rp2_common/pico_cyw43_driver/cyw43_bus_pio_spi.c.obj
                0x00000000100078b8                cyw43_write_reg_u32
 .text.cyw43_write_reg_u16
                0x0000000010007910       0x58 CMakeFiles/DeltaRho_Controller.dir/home/nikesh/Documents/pico/pico-sdk/src/rp2_common/pico_cyw43_driver/cyw43_bus_pio_spi.c.obj
                0x0000000010007910                cyw43_write_reg_u16
 .text.cyw43_write_reg_u8
                0x0000000010007968       0x58 CMakeFiles/DeltaRho_Controller.dir/home/nikesh/Documents/pico/pico-sdk/src/rp2_common/pico_cyw43_driver/cyw43_bus_pio_spi.c.obj
                0x0000000010007968                cyw43_write_reg_u8
 .text.cyw43_read_bytes
                0x00000000100079c0       0xfc CMakeFiles/DeltaRho_Controller.dir/home/nikesh/Documents/pico/pico-sdk/src/rp2_common/pico_cyw43_driver/cyw43_bus_pio_spi.c.obj
                0x00000000100079c0                cyw43_read_bytes
 .text.cyw43_write_bytes
                0x0000000010007abc      0x134 CMakeFiles/DeltaRho_Controller.dir/home/nikesh/Documents/pico/pico-sdk/src/rp2_common/pico_cyw43_driver/cyw43_bus_pio_spi.c.obj
                0x0000000010007abc                cyw43_write_bytes
 .text.get_core_address
                0x0000000010007bf0       0x1c CMakeFiles/DeltaRho_Controller.dir/home/nikesh/Documents/pico/pico-sdk/lib/cyw43-driver/src/cyw43_ll.c.obj
 .text.sdpcm_process_rx_packet
                0x0000000010007c0c      0x180 CMakeFiles/DeltaRho_Controller.dir/home/nikesh/Documents/pico/pico-sdk/lib/cyw43-driver/src/cyw43_ll.c.obj
 .text.cyw43_ll_wifi_parse_scan_result
                0x0000000010007d8c       0x9c CMakeFiles/DeltaRho_Controller.dir/home/nikesh/Documents/pico/pico-sdk/lib/cyw43-driver/src/cyw43_ll.c.obj
 .text.cyw43_ll_parse_async_event
                0x0000000010007e28       0x8e CMakeFiles/DeltaRho_Controller.dir/home/nikesh/Documents/pico/pico-sdk/lib/cyw43-driver/src/cyw43_ll.c.obj
 *fill*         0x0000000010007eb6        0x2 
 .text.cyw43_read_reg
                0x0000000010007eb8       0x48 CMakeFiles/DeltaRho_Controller.dir/home/nikesh/Documents/pico/pico-sdk/lib/cyw43-driver/src/cyw43_ll.c.obj
 .text.cyw43_kso_set
                0x0000000010007f00       0x98 CMakeFiles/DeltaRho_Controller.dir/home/nikesh/Documents/pico/pico-sdk/lib/cyw43-driver/src/cyw43_ll.c.obj
 .text.cyw43_ll_bus_sleep_helper
                0x0000000010007f98        0xe CMakeFiles/DeltaRho_Controller.dir/home/nikesh/Documents/pico/pico-sdk/lib/cyw43-driver/src/cyw43_ll.c.obj
 *fill*         0x0000000010007fa6        0x2 
 .text.cyw43_write_reg
                0x0000000010007fa8       0x4c CMakeFiles/DeltaRho_Controller.dir/home/nikesh/Documents/pico/pico-sdk/lib/cyw43-driver/src/cyw43_ll.c.obj
 .text.cyw43_set_backplane_window
                0x0000000010007ff4       0x74 CMakeFiles/DeltaRho_Controller.dir/home/nikesh/Documents/pico/pico-sdk/lib/cyw43-driver/src/cyw43_ll.c.obj
 .text.cyw43_read_backplane
                0x0000000010008068       0x36 CMakeFiles/DeltaRho_Controller.dir/home/nikesh/Documents/pico/pico-sdk/lib/cyw43-driver/src/cyw43_ll.c.obj
 *fill*         0x000000001000809e        0x2 
 .text.disable_device_core
                0x00000000100080a0       0x3c CMakeFiles/DeltaRho_Controller.dir/home/nikesh/Documents/pico/pico-sdk/lib/cyw43-driver/src/cyw43_ll.c.obj
 .text.device_core_is_up
                0x00000000100080dc       0x4c CMakeFiles/DeltaRho_Controller.dir/home/nikesh/Documents/pico/pico-sdk/lib/cyw43-driver/src/cyw43_ll.c.obj
 .text.cyw43_write_backplane
                0x0000000010008128       0x3a CMakeFiles/DeltaRho_Controller.dir/home/nikesh/Documents/pico/pico-sdk/lib/cyw43-driver/src/cyw43_ll.c.obj
 .text.reset_device_core
                0x0000000010008162       0x74 CMakeFiles/DeltaRho_Controller.dir/home/nikesh/Documents/pico/pico-sdk/lib/cyw43-driver/src/cyw43_ll.c.obj
 *fill*         0x00000000100081d6        0x2 
 .text.cyw43_download_resource
                0x00000000100081d8      0x178 CMakeFiles/DeltaRho_Controller.dir/home/nikesh/Documents/pico/pico-sdk/lib/cyw43-driver/src/cyw43_ll.c.obj
 .text.cyw43_ll_init
                0x0000000010008350       0x1e CMakeFiles/DeltaRho_Controller.dir/home/nikesh/Documents/pico/pico-sdk/lib/cyw43-driver/src/cyw43_ll.c.obj
                0x0000000010008350                cyw43_ll_init
 .text.cyw43_ll_deinit
                0x000000001000836e        0x8 CMakeFiles/DeltaRho_Controller.dir/home/nikesh/Documents/pico/pico-sdk/lib/cyw43-driver/src/cyw43_ll.c.obj
                0x000000001000836e                cyw43_ll_deinit
 .text.cyw43_ll_bus_sleep
                0x0000000010008376       0x34 CMakeFiles/DeltaRho_Controller.dir/home/nikesh/Documents/pico/pico-sdk/lib/cyw43-driver/src/cyw43_ll.c.obj
                0x0000000010008376                cyw43_ll_bus_sleep
 *fill*         0x00000000100083aa        0x2 
 .text.cyw43_ll_sdpcm_poll_device
                0x00000000100083ac      0x158 CMakeFiles/DeltaRho_Controller.dir/home/nikesh/Documents/pico/pico-sdk/lib/cyw43-driver/src/cyw43_ll.c.obj
 .text.cyw43_ll_process_packets
                0x0000000010008504       0x58 CMakeFiles/DeltaRho_Controller.dir/home/nikesh/Documents/pico/pico-sdk/lib/cyw43-driver/src/cyw43_ll.c.obj
                0x0000000010008504                cyw43_ll_process_packets
 .text.cyw43_sdpcm_send_common
                0x000000001000855c      0x168 CMakeFiles/DeltaRho_Controller.dir/home/nikesh/Documents/pico/pico-sdk/lib/cyw43-driver/src/cyw43_ll.c.obj
 .text.cyw43_send_ioctl
                0x00000000100086c4       0x56 CMakeFiles/DeltaRho_Controller.dir/home/nikesh/Documents/pico/pico-sdk/lib/cyw43-driver/src/cyw43_ll.c.obj
 *fill*         0x000000001000871a        0x2 
 .text.cyw43_do_ioctl
                0x000000001000871c       0xc0 CMakeFiles/DeltaRho_Controller.dir/home/nikesh/Documents/pico/pico-sdk/lib/cyw43-driver/src/cyw43_ll.c.obj
 .text.cyw43_ll_ioctl
                0x00000000100087dc       0x1e CMakeFiles/DeltaRho_Controller.dir/home/nikesh/Documents/pico/pico-sdk/lib/cyw43-driver/src/cyw43_ll.c.obj
                0x00000000100087dc                cyw43_ll_ioctl
 *fill*         0x00000000100087fa        0x2 
 .text.cyw43_clm_load
                0x00000000100087fc       0xdc CMakeFiles/DeltaRho_Controller.dir/home/nikesh/Documents/pico/pico-sdk/lib/cyw43-driver/src/cyw43_ll.c.obj
 .text.cyw43_write_iovar_u32
                0x00000000100088d8       0x60 CMakeFiles/DeltaRho_Controller.dir/home/nikesh/Documents/pico/pico-sdk/lib/cyw43-driver/src/cyw43_ll.c.obj
 .text.cyw43_write_iovar_n
                0x0000000010008938       0x50 CMakeFiles/DeltaRho_Controller.dir/home/nikesh/Documents/pico/pico-sdk/lib/cyw43-driver/src/cyw43_ll.c.obj
 .text.cyw43_set_ioctl_u32
                0x0000000010008988       0x30 CMakeFiles/DeltaRho_Controller.dir/home/nikesh/Documents/pico/pico-sdk/lib/cyw43-driver/src/cyw43_ll.c.obj
 .text.cyw43_write_iovar_u32_u32
                0x00000000100089b8       0x74 CMakeFiles/DeltaRho_Controller.dir/home/nikesh/Documents/pico/pico-sdk/lib/cyw43-driver/src/cyw43_ll.c.obj
 .text.cyw43_ll_wifi_get_mac
                0x0000000010008a2c       0x48 CMakeFiles/DeltaRho_Controller.dir/home/nikesh/Documents/pico/pico-sdk/lib/cyw43-driver/src/cyw43_ll.c.obj
                0x0000000010008a2c                cyw43_ll_wifi_get_mac
 .text.cyw43_ll_bus_init
                0x0000000010008a74      0x360 CMakeFiles/DeltaRho_Controller.dir/home/nikesh/Documents/pico/pico-sdk/lib/cyw43-driver/src/cyw43_ll.c.obj
                0x0000000010008a74                cyw43_ll_bus_init
 .text.cyw43_ll_wifi_set_wpa_auth
                0x0000000010008dd4        0xe CMakeFiles/DeltaRho_Controller.dir/home/nikesh/Documents/pico/pico-sdk/lib/cyw43-driver/src/cyw43_ll.c.obj
                0x0000000010008dd4                cyw43_ll_wifi_set_wpa_auth
 *fill*         0x0000000010008de2        0x2 
 .text.cyw43_ll_wifi_rejoin
                0x0000000010008de4       0x20 CMakeFiles/DeltaRho_Controller.dir/home/nikesh/Documents/pico/pico-sdk/lib/cyw43-driver/src/cyw43_ll.c.obj
                0x0000000010008de4                cyw43_ll_wifi_rejoin
 .text.cyw43_ll_gpio_set
                0x0000000010008e04       0x30 CMakeFiles/DeltaRho_Controller.dir/home/nikesh/Documents/pico/pico-sdk/lib/cyw43-driver/src/cyw43_ll.c.obj
                0x0000000010008e04                cyw43_ll_gpio_set
 .text.cyw43_ll_has_work
                0x0000000010008e34       0x12 CMakeFiles/DeltaRho_Controller.dir/home/nikesh/Documents/pico/pico-sdk/lib/cyw43-driver/src/cyw43_ll.c.obj
                0x0000000010008e34                cyw43_ll_has_work
 *fill*         0x0000000010008e46        0x2 
 .text.cyw43_poll_func
                0x0000000010008e48       0xac CMakeFiles/DeltaRho_Controller.dir/home/nikesh/Documents/pico/pico-sdk/lib/cyw43-driver/src/cyw43_ctrl.c.obj
 .text.cyw43_dump_async_event
                0x0000000010008ef4       0x8c CMakeFiles/DeltaRho_Controller.dir/home/nikesh/Documents/pico/pico-sdk/lib/cyw43-driver/src/cyw43_ctrl.c.obj
 .text.cyw43_ensure_up
                0x0000000010008f80       0xec CMakeFiles/DeltaRho_Controller.dir/home/nikesh/Documents/pico/pico-sdk/lib/cyw43-driver/src/cyw43_ctrl.c.obj
 .text.cyw43_init
                0x000000001000906c       0x90 CMakeFiles/DeltaRho_Controller.dir/home/nikesh/Documents/pico/pico-sdk/lib/cyw43-driver/src/cyw43_ctrl.c.obj
                0x000000001000906c                cyw43_init
 .text.cyw43_deinit
                0x00000000100090fc       0x3c CMakeFiles/DeltaRho_Controller.dir/home/nikesh/Documents/pico/pico-sdk/lib/cyw43-driver/src/cyw43_ctrl.c.obj
                0x00000000100090fc                cyw43_deinit
 .text.cyw43_cb_read_host_interrupt_pin
                0x0000000010009138        0xe CMakeFiles/DeltaRho_Controller.dir/home/nikesh/Documents/pico/pico-sdk/lib/cyw43-driver/src/cyw43_ctrl.c.obj
                0x0000000010009138                cyw43_cb_read_host_interrupt_pin
 *fill*         0x0000000010009146        0x2 
 .text.cyw43_cb_ensure_awake
                0x0000000010009148        0xc CMakeFiles/DeltaRho_Controller.dir/home/nikesh/Documents/pico/pico-sdk/lib/cyw43-driver/src/cyw43_ctrl.c.obj
                0x0000000010009148                cyw43_cb_ensure_awake
 .text.cyw43_cb_process_async_event
                0x0000000010009154      0x1d0 CMakeFiles/DeltaRho_Controller.dir/home/nikesh/Documents/pico/pico-sdk/lib/cyw43-driver/src/cyw43_ctrl.c.obj
                0x0000000010009154                cyw43_cb_process_async_event
 .text.cyw43_gpio_set
                0x0000000010009324       0x30 CMakeFiles/DeltaRho_Controller.dir/home/nikesh/Documents/pico/pico-sdk/lib/cyw43-driver/src/cyw43_ctrl.c.obj
                0x0000000010009324                cyw43_gpio_set
 .text._pio_can_add_program_at_offset
                0x0000000010009354       0x3c CMakeFiles/DeltaRho_Controller.dir/home/nikesh/Documents/pico/pico-sdk/src/rp2_common/hardware_pio/pio.c.obj
 .text._pio_find_offset_for_program
                0x0000000010009390       0x7c CMakeFiles/DeltaRho_Controller.dir/home/nikesh/Documents/pico/pico-sdk/src/rp2_common/hardware_pio/pio.c.obj
 .text._pio_add_program_at_offset
                0x000000001000940c       0x78 CMakeFiles/DeltaRho_Controller.dir/home/nikesh/Documents/pico/pico-sdk/src/rp2_common/hardware_pio/pio.c.obj
 .text.pio_sm_unclaim
                0x0000000010009484       0x20 CMakeFiles/DeltaRho_Controller.dir/home/nikesh/Documents/pico/pico-sdk/src/rp2_common/hardware_pio/pio.c.obj
                0x0000000010009484                pio_sm_unclaim
 .text.pio_claim_unused_sm
                0x00000000100094a4       0x3c CMakeFiles/DeltaRho_Controller.dir/home/nikesh/Documents/pico/pico-sdk/src/rp2_common/hardware_pio/pio.c.obj
                0x00000000100094a4                pio_claim_unused_sm
 .text.pio_can_add_program
                0x00000000100094e0       0x26 CMakeFiles/DeltaRho_Controller.dir/home/nikesh/Documents/pico/pico-sdk/src/rp2_common/hardware_pio/pio.c.obj
                0x00000000100094e0                pio_can_add_program
 *fill*         0x0000000010009506        0x2 
 .text.pio_add_program
                0x0000000010009508       0x38 CMakeFiles/DeltaRho_Controller.dir/home/nikesh/Documents/pico/pico-sdk/src/rp2_common/hardware_pio/pio.c.obj
                0x0000000010009508                pio_add_program
 .text.pio_remove_program
                0x0000000010009540       0x58 CMakeFiles/DeltaRho_Controller.dir/home/nikesh/Documents/pico/pico-sdk/src/rp2_common/hardware_pio/pio.c.obj
                0x0000000010009540                pio_remove_program
 .text.pio_sm_set_pindirs_with_mask
                0x0000000010009598       0x9c CMakeFiles/DeltaRho_Controller.dir/home/nikesh/Documents/pico/pico-sdk/src/rp2_common/hardware_pio/pio.c.obj
                0x0000000010009598                pio_sm_set_pindirs_with_mask
 .text.pio_sm_set_consecutive_pindirs
                0x0000000010009634       0xa4 CMakeFiles/DeltaRho_Controller.dir/home/nikesh/Documents/pico/pico-sdk/src/rp2_common/hardware_pio/pio.c.obj
                0x0000000010009634                pio_sm_set_consecutive_pindirs
 .text.dma_channel_unclaim
                0x00000000100096d8       0x10 CMakeFiles/DeltaRho_Controller.dir/home/nikesh/Documents/pico/pico-sdk/src/rp2_common/hardware_dma/dma.c.obj
                0x00000000100096d8                dma_channel_unclaim
 .text.dma_claim_unused_channel
                0x00000000100096e8       0x20 CMakeFiles/DeltaRho_Controller.dir/home/nikesh/Documents/pico/pico-sdk/src/rp2_common/hardware_dma/dma.c.obj
                0x00000000100096e8                dma_claim_unused_channel
 .text.cyw43_sleep_timeout_reached
                0x0000000010009708       0x50 CMakeFiles/DeltaRho_Controller.dir/home/nikesh/Documents/pico/pico-sdk/src/rp2_common/pico_cyw43_driver/cyw43_driver.c.obj
 .text.cyw43_set_irq_enabled
                0x0000000010009758        0xe CMakeFiles/DeltaRho_Controller.dir/home/nikesh/Documents/pico/pico-sdk/src/rp2_common/pico_cyw43_driver/cyw43_driver.c.obj
 *fill*         0x0000000010009766        0x2 
 .text.cyw43_irq_init
                0x0000000010009768       0x50 CMakeFiles/DeltaRho_Controller.dir/home/nikesh/Documents/pico/pico-sdk/src/rp2_common/pico_cyw43_driver/cyw43_driver.c.obj
                0x0000000010009768                cyw43_irq_init
 .text.cyw43_gpio_irq_handler
                0x00000000100097b8       0x40 CMakeFiles/DeltaRho_Controller.dir/home/nikesh/Documents/pico/pico-sdk/src/rp2_common/pico_cyw43_driver/cyw43_driver.c.obj
 .text.cyw43_irq_deinit
                0x00000000100097f8       0x48 CMakeFiles/DeltaRho_Controller.dir/home/nikesh/Documents/pico/pico-sdk/src/rp2_common/pico_cyw43_driver/cyw43_driver.c.obj
                0x00000000100097f8                cyw43_irq_deinit
 .text.no_lwip_fail
                0x0000000010009840        0xc CMakeFiles/DeltaRho_Controller.dir/home/nikesh/Documents/pico/pico-sdk/src/rp2_common/pico_cyw43_driver/cyw43_driver.c.obj
 .text.cyw43_do_poll
                0x000000001000984c       0xc8 CMakeFiles/DeltaRho_Controller.dir/home/nikesh/Documents/pico/pico-sdk/src/rp2_common/pico_cyw43_driver/cyw43_driver.c.obj
 .text.cyw43_post_poll_hook
                0x0000000010009914       0x38 CMakeFiles/DeltaRho_Controller.dir/home/nikesh/Documents/pico/pico-sdk/src/rp2_common/pico_cyw43_driver/cyw43_driver.c.obj
                0x0000000010009914                cyw43_post_poll_hook
 .text.cyw43_schedule_internal_poll_dispatch
                0x000000001000994c       0x3c CMakeFiles/DeltaRho_Controller.dir/home/nikesh/Documents/pico/pico-sdk/src/rp2_common/pico_cyw43_driver/cyw43_driver.c.obj
                0x000000001000994c                cyw43_schedule_internal_poll_dispatch
 .text.cyw43_driver_init
                0x0000000010009988       0x38 CMakeFiles/DeltaRho_Controller.dir/home/nikesh/Documents/pico/pico-sdk/src/rp2_common/pico_cyw43_driver/cyw43_driver.c.obj
                0x0000000010009988                cyw43_driver_init
 .text.cyw43_driver_deinit
                0x00000000100099c0       0x64 CMakeFiles/DeltaRho_Controller.dir/home/nikesh/Documents/pico/pico-sdk/src/rp2_common/pico_cyw43_driver/cyw43_driver.c.obj
                0x00000000100099c0                cyw43_driver_deinit
 .text.storage_read_blocks
                0x0000000010009a24        0x6 CMakeFiles/DeltaRho_Controller.dir/home/nikesh/Documents/pico/pico-sdk/src/rp2_common/pico_cyw43_driver/cyw43_driver.c.obj
                0x0000000010009a24                storage_read_blocks
 *fill*         0x0000000010009a2a        0x2 
 .text.cyw43_hal_generate_laa_mac
                0x0000000010009a2c       0x34 CMakeFiles/DeltaRho_Controller.dir/home/nikesh/Documents/pico/pico-sdk/src/rp2_common/pico_cyw43_driver/cyw43_driver.c.obj
                0x0000000010009a2c                cyw43_hal_generate_laa_mac
 .text.cyw43_thread_enter
                0x0000000010009a60       0x14 CMakeFiles/DeltaRho_Controller.dir/home/nikesh/Documents/pico/pico-sdk/src/rp2_common/pico_cyw43_driver/cyw43_driver.c.obj
                0x0000000010009a60                cyw43_thread_enter
 .text.cyw43_thread_exit
                0x0000000010009a74       0x14 CMakeFiles/DeltaRho_Controller.dir/home/nikesh/Documents/pico/pico-sdk/src/rp2_common/pico_cyw43_driver/cyw43_driver.c.obj
                0x0000000010009a74                cyw43_thread_exit
 .text.cyw43_thread_lock_check
                0x0000000010009a88       0x14 CMakeFiles/DeltaRho_Controller.dir/home/nikesh/Documents/pico/pico-sdk/src/rp2_common/pico_cyw43_driver/cyw43_driver.c.obj
                0x0000000010009a88                cyw43_thread_lock_check
 .text.cyw43_await_background_or_timeout_us
                0x0000000010009a9c       0x60 CMakeFiles/DeltaRho_Controller.dir/home/nikesh/Documents/pico/pico-sdk/src/rp2_common/pico_cyw43_driver/cyw43_driver.c.obj
                0x0000000010009a9c                cyw43_await_background_or_timeout_us
 .text.cyw43_delay_ms
                0x0000000010009afc       0x70 CMakeFiles/DeltaRho_Controller.dir/home/nikesh/Documents/pico/pico-sdk/src/rp2_common/pico_cyw43_driver/cyw43_driver.c.obj
                0x0000000010009afc                cyw43_delay_ms
 .text.cyw43_cb_tcpip_deinit
                0x0000000010009b6c        0x2 CMakeFiles/DeltaRho_Controller.dir/home/nikesh/Documents/pico/pico-sdk/src/rp2_common/pico_cyw43_driver/cyw43_driver.c.obj
                0x0000000010009b6c                cyw43_cb_tcpip_deinit
 .text.cyw43_cb_tcpip_set_link_up
                0x0000000010009b6e        0x6 CMakeFiles/DeltaRho_Controller.dir/home/nikesh/Documents/pico/pico-sdk/src/rp2_common/pico_cyw43_driver/cyw43_driver.c.obj
                0x0000000010009b6e                cyw43_cb_tcpip_set_link_up
 .text.cyw43_cb_tcpip_set_link_down
                0x0000000010009b74        0x6 CMakeFiles/DeltaRho_Controller.dir/home/nikesh/Documents/pico/pico-sdk/src/rp2_common/pico_cyw43_driver/cyw43_driver.c.obj
                0x0000000010009b74                cyw43_cb_tcpip_set_link_down
 .text.cyw43_cb_process_ethernet
                0x0000000010009b7a        0x6 CMakeFiles/DeltaRho_Controller.dir/home/nikesh/Documents/pico/pico-sdk/src/rp2_common/pico_cyw43_driver/cyw43_driver.c.obj
                0x0000000010009b7a                cyw43_cb_process_ethernet
 .text.async_context_threadsafe_background_acquire_lock_blocking
                0x0000000010009b80        0xa CMakeFiles/DeltaRho_Controller.dir/home/nikesh/Documents/pico/pico-sdk/src/rp2_common/pico_async_context/async_context_threadsafe_background.c.obj
 .text.async_context_threadsafe_background_wake_up
                0x0000000010009b8a       0x16 CMakeFiles/DeltaRho_Controller.dir/home/nikesh/Documents/pico/pico-sdk/src/rp2_common/pico_async_context/async_context_threadsafe_background.c.obj
 .text.alarm_handler
                0x0000000010009ba0       0x14 CMakeFiles/DeltaRho_Controller.dir/home/nikesh/Documents/pico/pico-sdk/src/rp2_common/pico_async_context/async_context_threadsafe_background.c.obj
 .text.async_context_threadsafe_background_set_work_pending
                0x0000000010009bb4        0xc CMakeFiles/DeltaRho_Controller.dir/home/nikesh/Documents/pico/pico-sdk/src/rp2_common/pico_async_context/async_context_threadsafe_background.c.obj
 .text.async_context_threadsafe_background_lock_check
                0x0000000010009bc0       0x2c CMakeFiles/DeltaRho_Controller.dir/home/nikesh/Documents/pico/pico-sdk/src/rp2_common/pico_async_context/async_context_threadsafe_background.c.obj
 .text.process_under_lock
                0x0000000010009bec       0xfc CMakeFiles/DeltaRho_Controller.dir/home/nikesh/Documents/pico/pico-sdk/src/rp2_common/pico_async_context/async_context_threadsafe_background.c.obj
 .text.lock_release
                0x0000000010009ce8       0x1e CMakeFiles/DeltaRho_Controller.dir/home/nikesh/Documents/pico/pico-sdk/src/rp2_common/pico_async_context/async_context_threadsafe_background.c.obj
 .text.async_context_threadsafe_background_execute_sync
                0x0000000010009d06       0x1e CMakeFiles/DeltaRho_Controller.dir/home/nikesh/Documents/pico/pico-sdk/src/rp2_common/pico_async_context/async_context_threadsafe_background.c.obj
                0x0000000010009d06                async_context_threadsafe_background_execute_sync
 .text.async_context_threadsafe_background_release_lock
                0x0000000010009d24        0x8 CMakeFiles/DeltaRho_Controller.dir/home/nikesh/Documents/pico/pico-sdk/src/rp2_common/pico_async_context/async_context_threadsafe_background.c.obj
 .text.low_prio_irq_deinit
                0x0000000010009d2c       0x50 CMakeFiles/DeltaRho_Controller.dir/home/nikesh/Documents/pico/pico-sdk/src/rp2_common/pico_async_context/async_context_threadsafe_background.c.obj
 .text.async_context_threadsafe_background_deinit
                0x0000000010009d7c       0x58 CMakeFiles/DeltaRho_Controller.dir/home/nikesh/Documents/pico/pico-sdk/src/rp2_common/pico_async_context/async_context_threadsafe_background.c.obj
 .text.low_priority_irq_handler